Archive member included to satisfy reference by file (symbol)

/home/chris/bin/arm-gnu-toolchain-12.2.mpacbti-rel1-x86_64-arm-none-eabi/bin/../lib/gcc/arm-none-eabi/12.2.1/../../../../arm-none-eabi/lib/thumb/v6-m/nofp/libstdc++.a(guard.o)
                              CMakeFiles/TuringForWorkshop.dir/main.cpp.o (__cxa_guard_acquire)
/home/chris/bin/arm-gnu-toolchain-12.2.mpacbti-rel1-x86_64-arm-none-eabi/bin/../lib/gcc/arm-none-eabi/12.2.1/../../../../arm-none-eabi/lib/thumb/v6-m/nofp/libstdc++.a(guard_error.o)
                              /home/chris/bin/arm-gnu-toolchain-12.2.mpacbti-rel1-x86_64-arm-none-eabi/bin/../lib/gcc/arm-none-eabi/12.2.1/../../../../arm-none-eabi/lib/thumb/v6-m/nofp/libstdc++.a(guard.o) (__gnu_cxx::recursive_init_error::~recursive_init_error())
/home/chris/bin/arm-gnu-toolchain-12.2.mpacbti-rel1-x86_64-arm-none-eabi/bin/../lib/gcc/arm-none-eabi/12.2.1/../../../../arm-none-eabi/lib/thumb/v6-m/nofp/libstdc++.a(si_class_type_info.o)
                              /home/chris/bin/arm-gnu-toolchain-12.2.mpacbti-rel1-x86_64-arm-none-eabi/bin/../lib/gcc/arm-none-eabi/12.2.1/../../../../arm-none-eabi/lib/thumb/v6-m/nofp/libstdc++.a(guard_error.o) (vtable for __cxxabiv1::__si_class_type_info)
/home/chris/bin/arm-gnu-toolchain-12.2.mpacbti-rel1-x86_64-arm-none-eabi/bin/../lib/gcc/arm-none-eabi/12.2.1/../../../../arm-none-eabi/lib/thumb/v6-m/nofp/libstdc++.a(tinfo.o)
                              /home/chris/bin/arm-gnu-toolchain-12.2.mpacbti-rel1-x86_64-arm-none-eabi/bin/../lib/gcc/arm-none-eabi/12.2.1/../../../../arm-none-eabi/lib/thumb/v6-m/nofp/libstdc++.a(si_class_type_info.o) (std::type_info::__is_pointer_p() const)
/home/chris/bin/arm-gnu-toolchain-12.2.mpacbti-rel1-x86_64-arm-none-eabi/bin/../lib/gcc/arm-none-eabi/12.2.1/../../../../arm-none-eabi/lib/thumb/v6-m/nofp/libstdc++.a(class_type_info.o)
                              /home/chris/bin/arm-gnu-toolchain-12.2.mpacbti-rel1-x86_64-arm-none-eabi/bin/../lib/gcc/arm-none-eabi/12.2.1/../../../../arm-none-eabi/lib/thumb/v6-m/nofp/libstdc++.a(si_class_type_info.o) (__cxxabiv1::__class_type_info::__do_upcast(__cxxabiv1::__class_type_info const*, void**) const)
/home/chris/bin/arm-gnu-toolchain-12.2.mpacbti-rel1-x86_64-arm-none-eabi/bin/../lib/gcc/arm-none-eabi/12.2.1/../../../../arm-none-eabi/lib/thumb/v6-m/nofp/libstdc++.a(eh_alloc.o)
                              /home/chris/bin/arm-gnu-toolchain-12.2.mpacbti-rel1-x86_64-arm-none-eabi/bin/../lib/gcc/arm-none-eabi/12.2.1/../../../../arm-none-eabi/lib/thumb/v6-m/nofp/libstdc++.a(guard.o) (__cxa_allocate_exception)
/home/chris/bin/arm-gnu-toolchain-12.2.mpacbti-rel1-x86_64-arm-none-eabi/bin/../lib/gcc/arm-none-eabi/12.2.1/../../../../arm-none-eabi/lib/thumb/v6-m/nofp/libstdc++.a(eh_exception.o)
                              /home/chris/bin/arm-gnu-toolchain-12.2.mpacbti-rel1-x86_64-arm-none-eabi/bin/../lib/gcc/arm-none-eabi/12.2.1/../../../../arm-none-eabi/lib/thumb/v6-m/nofp/libstdc++.a(guard_error.o) (std::exception::~exception())
/home/chris/bin/arm-gnu-toolchain-12.2.mpacbti-rel1-x86_64-arm-none-eabi/bin/../lib/gcc/arm-none-eabi/12.2.1/../../../../arm-none-eabi/lib/thumb/v6-m/nofp/libstdc++.a(eh_terminate.o)
                              /home/chris/bin/arm-gnu-toolchain-12.2.mpacbti-rel1-x86_64-arm-none-eabi/bin/../lib/gcc/arm-none-eabi/12.2.1/../../../../arm-none-eabi/lib/thumb/v6-m/nofp/libstdc++.a(eh_alloc.o) (std::terminate())
/home/chris/bin/arm-gnu-toolchain-12.2.mpacbti-rel1-x86_64-arm-none-eabi/bin/../lib/gcc/arm-none-eabi/12.2.1/../../../../arm-none-eabi/lib/thumb/v6-m/nofp/libstdc++.a(eh_throw.o)
                              /home/chris/bin/arm-gnu-toolchain-12.2.mpacbti-rel1-x86_64-arm-none-eabi/bin/../lib/gcc/arm-none-eabi/12.2.1/../../../../arm-none-eabi/lib/thumb/v6-m/nofp/libstdc++.a(guard.o) (__cxa_throw)
/home/chris/bin/arm-gnu-toolchain-12.2.mpacbti-rel1-x86_64-arm-none-eabi/bin/../lib/gcc/arm-none-eabi/12.2.1/../../../../arm-none-eabi/lib/thumb/v6-m/nofp/libstdc++.a(eh_unex_handler.o)
                              /home/chris/bin/arm-gnu-toolchain-12.2.mpacbti-rel1-x86_64-arm-none-eabi/bin/../lib/gcc/arm-none-eabi/12.2.1/../../../../arm-none-eabi/lib/thumb/v6-m/nofp/libstdc++.a(eh_terminate.o) (__cxxabiv1::__unexpected_handler)
/home/chris/bin/arm-gnu-toolchain-12.2.mpacbti-rel1-x86_64-arm-none-eabi/bin/../lib/gcc/arm-none-eabi/12.2.1/../../../../arm-none-eabi/lib/thumb/v6-m/nofp/libstdc++.a(vterminate.o)
                              /home/chris/bin/arm-gnu-toolchain-12.2.mpacbti-rel1-x86_64-arm-none-eabi/bin/../lib/gcc/arm-none-eabi/12.2.1/../../../../arm-none-eabi/lib/thumb/v6-m/nofp/libstdc++.a(eh_terminate.o) (__gnu_cxx::__verbose_terminate_handler())
/home/chris/bin/arm-gnu-toolchain-12.2.mpacbti-rel1-x86_64-arm-none-eabi/bin/../lib/gcc/arm-none-eabi/12.2.1/../../../../arm-none-eabi/lib/thumb/v6-m/nofp/libstdc++.a(cp-demangle.o)
[...]
Memory Configuration

Name             Origin             Length             Attributes
FLASH            0x10000000         0x00200000         xr
RAM              0x20000000         0x00040000         xrw
SCRATCH_X        0x20040000         0x00001000         xrw
SCRATCH_Y        0x20041000         0x00001000         xrw
*default*        0x00000000         0xffffffff

Linker script and memory map

LOAD /home/chris/bin/arm-gnu-toolchain-12.2.mpacbti-rel1-x86_64-arm-none-eabi/bin/../lib/gcc/arm-none-eabi/12.2.1/thumb/v6-m/nofp/crti.o
LOAD /home/chris/bin/arm-gnu-toolchain-12.2.mpacbti-rel1-x86_64-arm-none-eabi/bin/../lib/gcc/arm-none-eabi/12.2.1/thumb/v6-m/nofp/crtbegin.o
LOAD /home/chris/bin/arm-gnu-toolchain-12.2.mpacbti-rel1-x86_64-arm-none-eabi/bin/../lib/gcc/arm-none-eabi/12.2.1/../../../../arm-none-eabi/lib/thumb/v6-m/nofp/crt0.o

.flash_begin    0x10000000        0x0
                0x10000000                        __flash_binary_start = .

.boot2          0x10000000      0x100
                0x10000000                        __boot2_start__ = .
 *(.boot2)
 .boot2         0x10000000      0x100 pico-sdk/src/rp2040/boot_stage2/CMakeFiles/bs2_default_library.dir/bs2_default_padded_checksummed.S.o
                0x10000100                        __boot2_end__ = .
                0x00000001                        ASSERT (((__boot2_end__ - __boot2_start__) == 0x100), ERROR: Pico second stage bootloader must be 256 bytes in size)

.flashtext      0x10000100      0x190
                0x10000100                        __logical_binary_start = .
 *(.vectors)
 .vectors       0x10000100       0xd4 CMakeFiles/TuringForWorkshop.dir/home/chris/projects/rp2040/pico-sdk-2.1/src/rp2_common/pico_crt0/crt0.S.o
                0x10000100                __vectors
                0x10000100                __VECTOR_TABLE
                0x100001c0                isr_invalid
                0x100001c0                __default_isrs_start
                0x100001c2                isr_nmi
                0x100001c4                isr_hardfault
                0x100001c6                isr_svcall
                0x100001c8                isr_pendsv
                0x100001ca                isr_systick
                0x100001cc                isr_irq30
                0x100001cc                __unhandled_user_irq
                0x100001cc                isr_irq13
                0x100001cc                isr_irq27
                0x100001cc                isr_irq31
                0x100001cc                isr_irq5
                0x100001cc                isr_irq11
                0x100001cc                isr_irq23
                0x100001cc                isr_irq18
                0x100001cc                isr_irq28
                0x100001cc                isr_irq19
                0x100001cc                isr_irq0
                0x100001cc                isr_irq6
                0x100001cc                isr_irq22
                0x100001cc                isr_irq17
                0x100001cc                isr_irq14
                0x100001cc                isr_irq2
                0x100001cc                isr_irq10
                0x100001cc                isr_irq8
                0x100001cc                isr_irq24
                0x100001cc                isr_irq1
                0x100001cc                isr_irq7
                0x100001cc                isr_irq21
                0x100001cc                isr_irq20
                0x100001cc                isr_irq15
                0x100001cc                isr_irq25
                0x100001cc                isr_irq4
                0x100001cc                isr_irq16
                0x100001cc                isr_irq29
                0x100001cc                isr_irq26
                0x100001cc                __default_isrs_end
                0x100001cc                isr_irq3
                0x100001cc                isr_irq12
                0x100001cc                isr_irq9
                0x100001d2                unhandled_user_irq_num_in_r0
 *(.binary_info_header)
 .binary_info_header
                0x100001d4       0x14 CMakeFiles/TuringForWorkshop.dir/home/chris/projects/rp2040/pico-sdk-2.1/src/rp2_common/pico_crt0/crt0.S.o
                0x100001e8                        __binary_info_header_end = .
 *(.embedded_block)
                0x100001e8                        __embedded_block_end = .
 *(.reset)
 .reset         0x100001e8       0xa8 CMakeFiles/TuringForWorkshop.dir/home/chris/projects/rp2040/pico-sdk-2.1/src/rp2_common/pico_crt0/crt0.S.o
                0x100001e8                _entry_point

.rodata         0x10000290        0x0
 *(SORT_BY_ALIGNMENT(SORT_BY_NAME(.flashdata*)))
                0x10000290                        . = ALIGN (0x4)

.ARM.extab      0x10000290       0xe4
 *(.ARM.extab* .gnu.linkonce.armextab.*)
 .ARM.extab.text._ZN10__cxxabiv111__terminateEPFvvE
                0x10000290       0x18 /home/chris/bin/arm-gnu-toolchain-12.2.mpacbti-rel1-x86_64-arm-none-eabi/bin/../lib/gcc/arm-none-eabi/12.2.1/../../../../arm-none-eabi/lib/thumb/v6-m/nofp/libstdc++.a(eh_terminate.o)
 .ARM.extab.text._ZN9__gnu_cxx27__verbose_terminate_handlerEv
                0x100002a8       0x34 /home/chris/bin/arm-gnu-toolchain-12.2.mpacbti-rel1-x86_64-arm-none-eabi/bin/../lib/gcc/arm-none-eabi/12.2.1/../../../../arm-none-eabi/lib/thumb/v6-m/nofp/libstdc++.a(vterminate.o)
 .ARM.extab.text.__cxa_type_match
                0x100002dc        0xc /home/chris/bin/arm-gnu-toolchain-12.2.mpacbti-rel1-x86_64-arm-none-eabi/bin/../lib/gcc/arm-none-eabi/12.2.1/../../../../arm-none-eabi/lib/thumb/v6-m/nofp/libstdc++.a(eh_arm.o)
 .ARM.extab.text.__cxa_begin_catch
                0x100002e8        0xc /home/chris/bin/arm-gnu-toolchain-12.2.mpacbti-rel1-x86_64-arm-none-eabi/bin/../lib/gcc/arm-none-eabi/12.2.1/../../../../arm-none-eabi/lib/thumb/v6-m/nofp/libstdc++.a(eh_catch.o)
 .ARM.extab.text.__gxx_personality_v0
                0x100002f4       0x24 /home/chris/bin/arm-gnu-toolchain-12.2.mpacbti-rel1-x86_64-arm-none-eabi/bin/../lib/gcc/arm-none-eabi/12.2.1/../../../../arm-none-eabi/lib/thumb/v6-m/nofp/libstdc++.a(eh_personality.o)
 .ARM.extab.text.unlikely.__cxa_call_unexpected
                0x10000318       0x2c /home/chris/bin/arm-gnu-toolchain-12.2.mpacbti-rel1-x86_64-arm-none-eabi/bin/../lib/gcc/arm-none-eabi/12.2.1/../../../../arm-none-eabi/lib/thumb/v6-m/nofp/libstdc++.a(eh_call.o)
 .ARM.extab.text.unwind_phase2_forced
                0x10000344        0xc /home/chris/bin/arm-gnu-toolchain-12.2.mpacbti-rel1-x86_64-arm-none-eabi/bin/../lib/gcc/arm-none-eabi/12.2.1/thumb/v6-m/nofp/libgcc.a(unwind-arm.o)
 .ARM.extab.text.__gnu_unwind_pr_common
                0x10000350        0xc /home/chris/bin/arm-gnu-toolchain-12.2.mpacbti-rel1-x86_64-arm-none-eabi/bin/../lib/gcc/arm-none-eabi/12.2.1/thumb/v6-m/nofp/libgcc.a(unwind-arm.o)
 .ARM.extab.text._Unwind_VRS_Pop
                0x1000035c        0xc /home/chris/bin/arm-gnu-toolchain-12.2.mpacbti-rel1-x86_64-arm-none-eabi/bin/../lib/gcc/arm-none-eabi/12.2.1/thumb/v6-m/nofp/libgcc.a(unwind-arm.o)
 .ARM.extab.text.__gnu_unwind_execute
                0x10000368        0xc /home/chris/bin/arm-gnu-toolchain-12.2.mpacbti-rel1-x86_64-arm-none-eabi/bin/../lib/gcc/arm-none-eabi/12.2.1/thumb/v6-m/nofp/libgcc.a(pr-support.o)
                0x10000374                        __exidx_start = .

.ARM.exidx      0x10000374      0x1b8
 *(.ARM.exidx* .gnu.linkonce.armexidx.*)
 .ARM.exidx.text.__cxa_guard_acquire
                0x10000374        0x8 /home/chris/bin/arm-gnu-toolchain-12.2.mpacbti-rel1-x86_64-arm-none-eabi/bin/../lib/gcc/arm-none-eabi/12.2.1/../../../../arm-none-eabi/lib/thumb/v6-m/nofp/libstdc++.a(guard.o)
 .ARM.exidx.text.__cxa_guard_release
                0x1000037c        0x8 /home/chris/bin/arm-gnu-toolchain-12.2.mpacbti-rel1-x86_64-arm-none-eabi/bin/../lib/gcc/arm-none-eabi/12.2.1/../../../../arm-none-eabi/lib/thumb/v6-m/nofp/libstdc++.a(guard.o)
 .ARM.exidx.text._ZN9__gnu_cxx20recursive_init_errorD2Ev
                0x10000384        0x0 /home/chris/bin/arm-gnu-toolchain-12.2.mpacbti-rel1-x86_64-arm-none-eabi/bin/../lib/gcc/arm-none-eabi/12.2.1/../../../../arm-none-eabi/lib/thumb/v6-m/nofp/libstdc++.a(guard_error.o)
                                  0x8 (size before relaxing)
 .ARM.exidx.text._ZN9__gnu_cxx20recursive_init_errorD0Ev
                0x10000384        0x0 /home/chris/bin/arm-gnu-toolchain-12.2.mpacbti-rel1-x86_64-arm-none-eabi/bin/../lib/gcc/arm-none-eabi/12.2.1/../../../../arm-none-eabi/lib/thumb/v6-m/nofp/libstdc++.a(guard_error.o)
                                  0x8 (size before relaxing)
 .ARM.exidx.text._ZN9__gnu_cxx20recursive_init_errorC2Ev
                0x10000384        0x0 /home/chris/bin/arm-gnu-toolchain-12.2.mpacbti-rel1-x86_64-arm-none-eabi/bin/../lib/gcc/arm-none-eabi/12.2.1/../../../../arm-none-eabi/lib/thumb/v6-m/nofp/libstdc++.a(guard_error.o)
                                  0x8 (size before relaxing)
 .ARM.exidx.text._ZN10__cxxabiv120__si_class_type_infoD2Ev
                0x10000384        0x0 /home/chris/bin/arm-gnu-toolchain-12.2.mpacbti-rel1-x86_64-arm-none-eabi/bin/../lib/gcc/arm-none-eabi/12.2.1/../../../../arm-none-eabi/lib/thumb/v6-m/nofp/libstdc++.a(si_class_type_info.o)
                                  0x8 (size before relaxing)
 .ARM.exidx.text._ZN10__cxxabiv120__si_class_type_infoD0Ev
                0x10000384        0x0 /home/chris/bin/arm-gnu-toolchain-12.2.mpacbti-rel1-x86_64-arm-none-eabi/bin/../lib/gcc/arm-none-eabi/12.2.1/../../../../arm-none-eabi/lib/thumb/v6-m/nofp/libstdc++.a(si_class_type_info.o)
                                  0x8 (size before relaxing)
 .ARM.exidx.text._ZNK10__cxxabiv120__si_class_type_info20__do_find_public_srcEiPKvPKNS_17__class_type_infoES2_
                0x10000384        0x8 /home/chris/bin/arm-gnu-toolchain-12.2.mpacbti-rel1-x86_64-arm-none-eabi/bin/../lib/gcc/arm-none-eabi/12.2.1/../../../../arm-none-eabi/lib/thumb/v6-m/nofp/libstdc++.a(si_class_type_info.o)
 .ARM.exidx.text._ZNK10__cxxabiv120__si_class_type_info12__do_dyncastEiNS_17__class_type_info10__sub_kindEPKS1_PKvS4_S6_RNS1_16__dyncast_resultE
                0x1000038c        0x8 /home/chris/bin/arm-gnu-toolchain-12.2.mpacbti-rel1-x86_64-arm-none-eabi/bin/../lib/gcc/arm-none-eabi/12.2.1/../../../../arm-none-eabi/lib/thumb/v6-m/nofp/libstdc++.a(si_class_type_info.o)
 .ARM.exidx.text._ZNK10__cxxabiv120__si_class_type_info11__do_upcastEPKNS_17__class_type_infoEPKvRNS1_15__upcast_resultE
                0x10000394        0x8 /home/chris/bin/arm-gnu-toolchain-12.2.mpacbti-rel1-x86_64-arm-none-eabi/bin/../lib/gcc/arm-none-eabi/12.2.1/../../../../arm-none-eabi/lib/thumb/v6-m/nofp/libstdc++.a(si_class_type_info.o)
 .ARM.exidx.text._ZNSt9type_infoD2Ev
                0x1000039c        0x8 /home/chris/bin/arm-gnu-toolchain-12.2.mpacbti-rel1-x86_64-arm-none-eabi/bin/../lib/gcc/arm-none-eabi/12.2.1/../../../../arm-none-eabi/lib/thumb/v6-m/nofp/libstdc++.a(tinfo.o)
 .ARM.exidx.text._ZNKSt9type_info14__is_pointer_pEv
                0x100003a4        0x0 /home/chris/bin/arm-gnu-toolchain-12.2.mpacbti-rel1-x86_64-arm-none-eabi/bin/../lib/gcc/arm-none-eabi/12.2.1/../../../../arm-none-eabi/lib/thumb/v6-m/nofp/libstdc++.a(tinfo.o)
                                  0x8 (size before relaxing)
 .ARM.exidx.text._ZNKSt9type_infoeqERKS_
                0x100003a4        0x0 /home/chris/bin/arm-gnu-toolchain-12.2.mpacbti-rel1-x86_64-arm-none-eabi/bin/../lib/gcc/arm-none-eabi/12.2.1/../../../../arm-none-eabi/lib/thumb/v6-m/nofp/libstdc++.a(tinfo.o)
                                  0x8 (size before relaxing)
 .ARM.exidx.text._ZNK10__cxxabiv117__class_type_info11__do_upcastEPKS0_PPv
                0x100003a4        0x8 /home/chris/bin/arm-gnu-toolchain-12.2.mpacbti-rel1-x86_64-arm-none-eabi/bin/../lib/gcc/arm-none-eabi/12.2.1/../../../../arm-none-eabi/lib/thumb/v6-m/nofp/libstdc++.a(class_type_info.o)
 .ARM.exidx.text._ZNK10__cxxabiv117__class_type_info20__do_find_public_srcEiPKvPKS0_S2_
                0x100003ac        0x8 /home/chris/bin/arm-gnu-toolchain-12.2.mpacbti-rel1-x86_64-arm-none-eabi/bin/../lib/gcc/arm-none-eabi/12.2.1/../../../../arm-none-eabi/lib/thumb/v6-m/nofp/libstdc++.a(class_type_info.o)
 .ARM.exidx.text._ZN10__cxxabiv117__class_type_infoD2Ev
                0x100003b4        0x0 /home/chris/bin/arm-gnu-toolchain-12.2.mpacbti-rel1-x86_64-arm-none-eabi/bin/../lib/gcc/arm-none-eabi/12.2.1/../../../../arm-none-eabi/lib/thumb/v6-m/nofp/libstdc++.a(class_type_info.o)
                                  0x8 (size before relaxing)
 .ARM.exidx.text._ZN10__cxxabiv117__class_type_infoD0Ev
                0x100003b4        0x0 /home/chris/bin/arm-gnu-toolchain-12.2.mpacbti-rel1-x86_64-arm-none-eabi/bin/../lib/gcc/arm-none-eabi/12.2.1/../../../../arm-none-eabi/lib/thumb/v6-m/nofp/libstdc++.a(class_type_info.o)
                                  0x8 (size before relaxing)
 .ARM.exidx.text._ZNK10__cxxabiv117__class_type_info12__do_dyncastEiNS0_10__sub_kindEPKS0_PKvS3_S5_RNS0_16__dyncast_resultE
                0x100003b4        0x0 /home/chris/bin/arm-gnu-toolchain-12.2.mpacbti-rel1-x86_64-arm-none-eabi/bin/../lib/gcc/arm-none-eabi/12.2.1/../../../../arm-none-eabi/lib/thumb/v6-m/nofp/libstdc++.a(class_type_info.o)
                                  0x8 (size before relaxing)
 .ARM.exidx.text._ZNK10__cxxabiv117__class_type_info11__do_upcastEPKS0_PKvRNS0_15__upcast_resultE
                0x100003b4        0x0 /home/chris/bin/arm-gnu-toolchain-12.2.mpacbti-rel1-x86_64-arm-none-eabi/bin/../lib/gcc/arm-none-eabi/12.2.1/../../../../arm-none-eabi/lib/thumb/v6-m/nofp/libstdc++.a(class_type_info.o)
                                  0x8 (size before relaxing)
 .ARM.exidx.text._ZNK10__cxxabiv117__class_type_info10__do_catchEPKSt9type_infoPPvj
                0x100003b4        0x8 /home/chris/bin/arm-gnu-toolchain-12.2.mpacbti-rel1-x86_64-arm-none-eabi/bin/../lib/gcc/arm-none-eabi/12.2.1/../../../../arm-none-eabi/lib/thumb/v6-m/nofp/libstdc++.a(class_type_info.o)
 .ARM.exidx.text._ZN12_GLOBAL__N_14pool4freeEPv.constprop.0
                0x100003bc        0x8 /home/chris/bin/arm-gnu-toolchain-12.2.mpacbti-rel1-x86_64-arm-none-eabi/bin/../lib/gcc/arm-none-eabi/12.2.1/../../../../arm-none-eabi/lib/thumb/v6-m/nofp/libstdc++.a(eh_alloc.o)
 .ARM.exidx.text._ZN12_GLOBAL__N_14pool8allocateEj.constprop.0
                0x100003c4        0x0 /home/chris/bin/arm-gnu-toolchain-12.2.mpacbti-rel1-x86_64-arm-none-eabi/bin/../lib/gcc/arm-none-eabi/12.2.1/../../../../arm-none-eabi/lib/thumb/v6-m/nofp/libstdc++.a(eh_alloc.o)
                                  0x8 (size before relaxing)
 .ARM.exidx.text.__cxa_allocate_exception
                0x100003c4        0x0 /home/chris/bin/arm-gnu-toolchain-12.2.mpacbti-rel1-x86_64-arm-none-eabi/bin/../lib/gcc/arm-none-eabi/12.2.1/../../../../arm-none-eabi/lib/thumb/v6-m/nofp/libstdc++.a(eh_alloc.o)
                                  0x8 (size before relaxing)
 .ARM.exidx.text.__cxa_free_exception
                0x100003c4        0x0 /home/chris/bin/arm-gnu-toolchain-12.2.mpacbti-rel1-x86_64-arm-none-eabi/bin/../lib/gcc/arm-none-eabi/12.2.1/../../../../arm-none-eabi/lib/thumb/v6-m/nofp/libstdc++.a(eh_alloc.o)
                                  0x8 (size before relaxing)
 .ARM.exidx.text.startup._GLOBAL__sub_I__ZN9__gnu_cxx9__freeresEv
                0x100003c4        0x0 /home/chris/bin/arm-gnu-toolchain-12.2.mpacbti-rel1-x86_64-arm-none-eabi/bin/../lib/gcc/arm-none-eabi/12.2.1/../../../../arm-none-eabi/lib/thumb/v6-m/nofp/libstdc++.a(eh_alloc.o)
                                  0x8 (size before relaxing)
 .ARM.exidx.text._ZNSt9exceptionD2Ev
                0x100003c4        0x0 /home/chris/bin/arm-gnu-toolchain-12.2.mpacbti-rel1-x86_64-arm-none-eabi/bin/../lib/gcc/arm-none-eabi/12.2.1/../../../../arm-none-eabi/lib/thumb/v6-m/nofp/libstdc++.a(eh_exception.o)
                                  0x8 (size before relaxing)
 .ARM.exidx.text._ZNSt13bad_exceptionD2Ev
                0x100003c4        0x0 /home/chris/bin/arm-gnu-toolchain-12.2.mpacbti-rel1-x86_64-arm-none-eabi/bin/../lib/gcc/arm-none-eabi/12.2.1/../../../../arm-none-eabi/lib/thumb/v6-m/nofp/libstdc++.a(eh_exception.o)
                                  0x8 (size before relaxing)
 .ARM.exidx.text._ZNKSt9exception4whatEv
                0x100003c4        0x0 /home/chris/bin/arm-gnu-toolchain-12.2.mpacbti-rel1-x86_64-arm-none-eabi/bin/../lib/gcc/arm-none-eabi/12.2.1/../../../../arm-none-eabi/lib/thumb/v6-m/nofp/libstdc++.a(eh_exception.o)
                                  0x8 (size before relaxing)
 .ARM.exidx.text._ZNKSt13bad_exception4whatEv
                0x100003c4        0x0 /home/chris/bin/arm-gnu-toolchain-12.2.mpacbti-rel1-x86_64-arm-none-eabi/bin/../lib/gcc/arm-none-eabi/12.2.1/../../../../arm-none-eabi/lib/thumb/v6-m/nofp/libstdc++.a(eh_exception.o)
                                  0x8 (size before relaxing)
 .ARM.exidx.text._ZNSt13bad_exceptionD0Ev
                0x100003c4        0x0 /home/chris/bin/arm-gnu-toolchain-12.2.mpacbti-rel1-x86_64-arm-none-eabi/bin/../lib/gcc/arm-none-eabi/12.2.1/../../../../arm-none-eabi/lib/thumb/v6-m/nofp/libstdc++.a(eh_exception.o)
                                  0x8 (size before relaxing)
 .ARM.exidx.text._ZN10__cxxabiv111__terminateEPFvvE
                0x100003c4        0x8 /home/chris/bin/arm-gnu-toolchain-12.2.mpacbti-rel1-x86_64-arm-none-eabi/bin/../lib/gcc/arm-none-eabi/12.2.1/../../../../arm-none-eabi/lib/thumb/v6-m/nofp/libstdc++.a(eh_terminate.o)
 .ARM.exidx.text._ZSt9terminatev
                0x100003cc        0x8 /home/chris/bin/arm-gnu-toolchain-12.2.mpacbti-rel1-x86_64-arm-none-eabi/bin/../lib/gcc/arm-none-eabi/12.2.1/../../../../arm-none-eabi/lib/thumb/v6-m/nofp/libstdc++.a(eh_terminate.o)
 .ARM.exidx.text._ZN10__cxxabiv112__unexpectedEPFvvE
                0x100003d4        0x8 /home/chris/bin/arm-gnu-toolchain-12.2.mpacbti-rel1-x86_64-arm-none-eabi/bin/../lib/gcc/arm-none-eabi/12.2.1/../../../../arm-none-eabi/lib/thumb/v6-m/nofp/libstdc++.a(eh_terminate.o)
 .ARM.exidx.text._ZSt10unexpectedv
                0x100003dc        0x0 /home/chris/bin/arm-gnu-toolchain-12.2.mpacbti-rel1-x86_64-arm-none-eabi/bin/../lib/gcc/arm-none-eabi/12.2.1/../../../../arm-none-eabi/lib/thumb/v6-m/nofp/libstdc++.a(eh_terminate.o)
                                  0x8 (size before relaxing)
 .ARM.exidx.text._ZSt13get_terminatev
                0x100003dc        0x8 /home/chris/bin/arm-gnu-toolchain-12.2.mpacbti-rel1-x86_64-arm-none-eabi/bin/../lib/gcc/arm-none-eabi/12.2.1/../../../../arm-none-eabi/lib/thumb/v6-m/nofp/libstdc++.a(eh_terminate.o)
 .ARM.exidx.text._ZSt14get_unexpectedv
                0x100003e4        0x0 /home/chris/bin/arm-gnu-toolchain-12.2.mpacbti-rel1-x86_64-arm-none-eabi/bin/../lib/gcc/arm-none-eabi/12.2.1/../../../../arm-none-eabi/lib/thumb/v6-m/nofp/libstdc++.a(eh_terminate.o)
                                  0x8 (size before relaxing)
 .ARM.exidx.text._ZL23__gxx_exception_cleanup19_Unwind_Reason_CodeP21_Unwind_Control_Block
                0x100003e4        0x8 /home/chris/bin/arm-gnu-toolchain-12.2.mpacbti-rel1-x86_64-arm-none-eabi/bin/../lib/gcc/arm-none-eabi/12.2.1/../../../../arm-none-eabi/lib/thumb/v6-m/nofp/libstdc++.a(eh_throw.o)
 .ARM.exidx.text.__cxa_init_primary_exception
                0x100003ec        0x8 /home/chris/bin/arm-gnu-toolchain-12.2.mpacbti-rel1-x86_64-arm-none-eabi/bin/../lib/gcc/arm-none-eabi/12.2.1/../../../../arm-none-eabi/lib/thumb/v6-m/nofp/libstdc++.a(eh_throw.o)
 .ARM.exidx.text.__cxa_throw
                0x100003f4        0x8 /home/chris/bin/arm-gnu-toolchain-12.2.mpacbti-rel1-x86_64-arm-none-eabi/bin/../lib/gcc/arm-none-eabi/12.2.1/../../../../arm-none-eabi/lib/thumb/v6-m/nofp/libstdc++.a(eh_throw.o)
 .ARM.exidx.text.__cxa_rethrow
                0x100003fc        0x8 /home/chris/bin/arm-gnu-toolchain-12.2.mpacbti-rel1-x86_64-arm-none-eabi/bin/../lib/gcc/arm-none-eabi/12.2.1/../../../../arm-none-eabi/lib/thumb/v6-m/nofp/libstdc++.a(eh_throw.o)
 .ARM.exidx.text._ZN9__gnu_cxx27__verbose_terminate_handlerEv
                0x10000404       0x10 /home/chris/bin/arm-gnu-toolchain-12.2.mpacbti-rel1-x86_64-arm-none-eabi/bin/../lib/gcc/arm-none-eabi/12.2.1/../../../../arm-none-eabi/lib/thumb/v6-m/nofp/libstdc++.a(vterminate.o)
                                  0x8 (size before relaxing)
 .ARM.exidx.text.__cxa_type_match
                0x10000414        0x8 /home/chris/bin/arm-gnu-toolchain-12.2.mpacbti-rel1-x86_64-arm-none-eabi/bin/../lib/gcc/arm-none-eabi/12.2.1/../../../../arm-none-eabi/lib/thumb/v6-m/nofp/libstdc++.a(eh_arm.o)
 .ARM.exidx.text.__cxa_begin_cleanup
                0x1000041c        0x8 /home/chris/bin/arm-gnu-toolchain-12.2.mpacbti-rel1-x86_64-arm-none-eabi/bin/../lib/gcc/arm-none-eabi/12.2.1/../../../../arm-none-eabi/lib/thumb/v6-m/nofp/libstdc++.a(eh_arm.o)
 .ARM.exidx.text.__gnu_end_cleanup
                0x10000424        0x0 /home/chris/bin/arm-gnu-toolchain-12.2.mpacbti-rel1-x86_64-arm-none-eabi/bin/../lib/gcc/arm-none-eabi/12.2.1/../../../../arm-none-eabi/lib/thumb/v6-m/nofp/libstdc++.a(eh_arm.o)
                                  0x8 (size before relaxing)
 .ARM.exidx.text.__cxa_begin_catch
                0x10000424        0x8 /home/chris/bin/arm-gnu-toolchain-12.2.mpacbti-rel1-x86_64-arm-none-eabi/bin/../lib/gcc/arm-none-eabi/12.2.1/../../../../arm-none-eabi/lib/thumb/v6-m/nofp/libstdc++.a(eh_catch.o)
 .ARM.exidx.text.__cxa_end_catch
                0x1000042c        0x8 /home/chris/bin/arm-gnu-toolchain-12.2.mpacbti-rel1-x86_64-arm-none-eabi/bin/../lib/gcc/arm-none-eabi/12.2.1/../../../../arm-none-eabi/lib/thumb/v6-m/nofp/libstdc++.a(eh_catch.o)
 .ARM.exidx.text._ZN12_GLOBAL__N_113constant_initD2Ev
                0x10000434        0x8 /home/chris/bin/arm-gnu-toolchain-12.2.mpacbti-rel1-x86_64-arm-none-eabi/bin/../lib/gcc/arm-none-eabi/12.2.1/../../../../arm-none-eabi/lib/thumb/v6-m/nofp/libstdc++.a(eh_globals.o)
 .ARM.exidx.text.__cxa_get_globals_fast
                0x1000043c        0x0 /home/chris/bin/arm-gnu-toolchain-12.2.mpacbti-rel1-x86_64-arm-none-eabi/bin/../lib/gcc/arm-none-eabi/12.2.1/../../../../arm-none-eabi/lib/thumb/v6-m/nofp/libstdc++.a(eh_globals.o)
                                  0x8 (size before relaxing)
 .ARM.exidx.text.__cxa_get_globals
                0x1000043c        0x0 /home/chris/bin/arm-gnu-toolchain-12.2.mpacbti-rel1-x86_64-arm-none-eabi/bin/../lib/gcc/arm-none-eabi/12.2.1/../../../../arm-none-eabi/lib/thumb/v6-m/nofp/libstdc++.a(eh_globals.o)
                                  0x8 (size before relaxing)
 .ARM.exidx.text.startup._GLOBAL__sub_I___cxa_get_globals_fast
                0x1000043c        0x0 /home/chris/bin/arm-gnu-toolchain-12.2.mpacbti-rel1-x86_64-arm-none-eabi/bin/../lib/gcc/arm-none-eabi/12.2.1/../../../../arm-none-eabi/lib/thumb/v6-m/nofp/libstdc++.a(eh_globals.o)
                                  0x8 (size before relaxing)
 .ARM.exidx.text._ZL28read_encoded_value_with_basehjPKhPj
                0x1000043c        0x8 /home/chris/bin/arm-gnu-toolchain-12.2.mpacbti-rel1-x86_64-arm-none-eabi/bin/../lib/gcc/arm-none-eabi/12.2.1/../../../../arm-none-eabi/lib/thumb/v6-m/nofp/libstdc++.a(eh_personality.o)
 .ARM.exidx.text._ZL21base_of_encoded_valuehP15_Unwind_Context
                0x10000444        0x8 /home/chris/bin/arm-gnu-toolchain-12.2.mpacbti-rel1-x86_64-arm-none-eabi/bin/../lib/gcc/arm-none-eabi/12.2.1/../../../../arm-none-eabi/lib/thumb/v6-m/nofp/libstdc++.a(eh_personality.o)
 .ARM.exidx.text._ZL17parse_lsda_headerP15_Unwind_ContextPKhP16lsda_header_info
                0x1000044c        0x8 /home/chris/bin/arm-gnu-toolchain-12.2.mpacbti-rel1-x86_64-arm-none-eabi/bin/../lib/gcc/arm-none-eabi/12.2.1/../../../../arm-none-eabi/lib/thumb/v6-m/nofp/libstdc++.a(eh_personality.o)
 .ARM.exidx.text.__gxx_personality_v0
                0x10000454        0x8 /home/chris/bin/arm-gnu-toolchain-12.2.mpacbti-rel1-x86_64-arm-none-eabi/bin/../lib/gcc/arm-none-eabi/12.2.1/../../../../arm-none-eabi/lib/thumb/v6-m/nofp/libstdc++.a(eh_personality.o)
 .ARM.exidx.text.__cxa_current_exception_type
                0x1000045c        0x8 /home/chris/bin/arm-gnu-toolchain-12.2.mpacbti-rel1-x86_64-arm-none-eabi/bin/../lib/gcc/arm-none-eabi/12.2.1/../../../../arm-none-eabi/lib/thumb/v6-m/nofp/libstdc++.a(eh_type.o)
 .ARM.exidx.text.__aeabi_atexit
                0x10000464        0x0 /home/chris/bin/arm-gnu-toolchain-12.2.mpacbti-rel1-x86_64-arm-none-eabi/bin/../lib/gcc/arm-none-eabi/12.2.1/../../../../arm-none-eabi/lib/thumb/v6-m/nofp/libstdc++.a(atexit_arm.o)
                                  0x8 (size before relaxing)
 .ARM.exidx.text._ZN10__cxxabiv1L24__is_gxx_exception_classEPc
                0x10000464        0x0 /home/chris/bin/arm-gnu-toolchain-12.2.mpacbti-rel1-x86_64-arm-none-eabi/bin/../lib/gcc/arm-none-eabi/12.2.1/../../../../arm-none-eabi/lib/thumb/v6-m/nofp/libstdc++.a(eh_call.o)
                                  0x8 (size before relaxing)
 .ARM.exidx.text.__cxa_call_terminate
                0x10000464        0x0 /home/chris/bin/arm-gnu-toolchain-12.2.mpacbti-rel1-x86_64-arm-none-eabi/bin/../lib/gcc/arm-none-eabi/12.2.1/../../../../arm-none-eabi/lib/thumb/v6-m/nofp/libstdc++.a(eh_call.o)
                                  0x8 (size before relaxing)
 .ARM.exidx.text.unlikely.__cxa_call_unexpected
                0x10000464       0x10 /home/chris/bin/arm-gnu-toolchain-12.2.mpacbti-rel1-x86_64-arm-none-eabi/bin/../lib/gcc/arm-none-eabi/12.2.1/../../../../arm-none-eabi/lib/thumb/v6-m/nofp/libstdc++.a(eh_call.o)
                                  0x8 (size before relaxing)
 .ARM.exidx.text.selfrel_offset31
                0x10000474        0x0 /home/chris/bin/arm-gnu-toolchain-12.2.mpacbti-rel1-x86_64-arm-none-eabi/bin/../lib/gcc/arm-none-eabi/12.2.1/thumb/v6-m/nofp/libgcc.a(unwind-arm.o)
                                  0x8 (size before relaxing)
 .ARM.exidx.text.search_EIT_table
                0x10000474        0x0 /home/chris/bin/arm-gnu-toolchain-12.2.mpacbti-rel1-x86_64-arm-none-eabi/bin/../lib/gcc/arm-none-eabi/12.2.1/thumb/v6-m/nofp/libgcc.a(unwind-arm.o)
                                  0x8 (size before relaxing)
 .ARM.exidx.text.__gnu_unwind_get_pr_addr
                0x10000474        0x0 /home/chris/bin/arm-gnu-toolchain-12.2.mpacbti-rel1-x86_64-arm-none-eabi/bin/../lib/gcc/arm-none-eabi/12.2.1/thumb/v6-m/nofp/libgcc.a(unwind-arm.o)
                                  0x8 (size before relaxing)
 .ARM.exidx.text.get_eit_entry
                0x10000474        0x8 /home/chris/bin/arm-gnu-toolchain-12.2.mpacbti-rel1-x86_64-arm-none-eabi/bin/../lib/gcc/arm-none-eabi/12.2.1/thumb/v6-m/nofp/libgcc.a(unwind-arm.o)
 .ARM.exidx.text.restore_non_core_regs
                0x1000047c        0x8 /home/chris/bin/arm-gnu-toolchain-12.2.mpacbti-rel1-x86_64-arm-none-eabi/bin/../lib/gcc/arm-none-eabi/12.2.1/thumb/v6-m/nofp/libgcc.a(unwind-arm.o)
 .ARM.exidx.text._Unwind_decode_typeinfo_ptr.constprop.0
                0x10000484        0x8 /home/chris/bin/arm-gnu-toolchain-12.2.mpacbti-rel1-x86_64-arm-none-eabi/bin/../lib/gcc/arm-none-eabi/12.2.1/thumb/v6-m/nofp/libgcc.a(unwind-arm.o)
 .ARM.exidx.text._Unwind_DebugHook
                0x1000048c        0x0 /home/chris/bin/arm-gnu-toolchain-12.2.mpacbti-rel1-x86_64-arm-none-eabi/bin/../lib/gcc/arm-none-eabi/12.2.1/thumb/v6-m/nofp/libgcc.a(unwind-arm.o)
                                  0x8 (size before relaxing)
 .ARM.exidx.text.unwind_phase2
                0x1000048c        0x8 /home/chris/bin/arm-gnu-toolchain-12.2.mpacbti-rel1-x86_64-arm-none-eabi/bin/../lib/gcc/arm-none-eabi/12.2.1/thumb/v6-m/nofp/libgcc.a(unwind-arm.o)
 .ARM.exidx.text.unwind_phase2_forced
                0x10000494        0x8 /home/chris/bin/arm-gnu-toolchain-12.2.mpacbti-rel1-x86_64-arm-none-eabi/bin/../lib/gcc/arm-none-eabi/12.2.1/thumb/v6-m/nofp/libgcc.a(unwind-arm.o)
 .ARM.exidx.text.__gnu_Unwind_RaiseException
                0x1000049c        0x8 /home/chris/bin/arm-gnu-toolchain-12.2.mpacbti-rel1-x86_64-arm-none-eabi/bin/../lib/gcc/arm-none-eabi/12.2.1/thumb/v6-m/nofp/libgcc.a(unwind-arm.o)
 .ARM.exidx.text.__gnu_Unwind_ForcedUnwind
                0x100004a4        0x8 /home/chris/bin/arm-gnu-toolchain-12.2.mpacbti-rel1-x86_64-arm-none-eabi/bin/../lib/gcc/arm-none-eabi/12.2.1/thumb/v6-m/nofp/libgcc.a(unwind-arm.o)
 .ARM.exidx.text.__gnu_Unwind_Resume
                0x100004ac        0x8 /home/chris/bin/arm-gnu-toolchain-12.2.mpacbti-rel1-x86_64-arm-none-eabi/bin/../lib/gcc/arm-none-eabi/12.2.1/thumb/v6-m/nofp/libgcc.a(unwind-arm.o)
 .ARM.exidx.text.__gnu_Unwind_Resume_or_Rethrow
                0x100004b4        0x8 /home/chris/bin/arm-gnu-toolchain-12.2.mpacbti-rel1-x86_64-arm-none-eabi/bin/../lib/gcc/arm-none-eabi/12.2.1/thumb/v6-m/nofp/libgcc.a(unwind-arm.o)
 .ARM.exidx.text._Unwind_Complete
                0x100004bc        0x8 /home/chris/bin/arm-gnu-toolchain-12.2.mpacbti-rel1-x86_64-arm-none-eabi/bin/../lib/gcc/arm-none-eabi/12.2.1/thumb/v6-m/nofp/libgcc.a(unwind-arm.o)
 .ARM.exidx.text._Unwind_DeleteException
                0x100004c4        0x8 /home/chris/bin/arm-gnu-toolchain-12.2.mpacbti-rel1-x86_64-arm-none-eabi/bin/../lib/gcc/arm-none-eabi/12.2.1/thumb/v6-m/nofp/libgcc.a(unwind-arm.o)
 .ARM.exidx.text._Unwind_VRS_Get
                0x100004cc        0x8 /home/chris/bin/arm-gnu-toolchain-12.2.mpacbti-rel1-x86_64-arm-none-eabi/bin/../lib/gcc/arm-none-eabi/12.2.1/thumb/v6-m/nofp/libgcc.a(unwind-arm.o)
 .ARM.exidx.text._Unwind_GetGR
                0x100004d4        0x0 /home/chris/bin/arm-gnu-toolchain-12.2.mpacbti-rel1-x86_64-arm-none-eabi/bin/../lib/gcc/arm-none-eabi/12.2.1/thumb/v6-m/nofp/libgcc.a(unwind-arm.o)
                                  0x8 (size before relaxing)
 .ARM.exidx.text._Unwind_VRS_Set
                0x100004d4        0x0 /home/chris/bin/arm-gnu-toolchain-12.2.mpacbti-rel1-x86_64-arm-none-eabi/bin/../lib/gcc/arm-none-eabi/12.2.1/thumb/v6-m/nofp/libgcc.a(unwind-arm.o)
                                  0x8 (size before relaxing)
 .ARM.exidx.text._Unwind_SetGR
                0x100004d4        0x0 /home/chris/bin/arm-gnu-toolchain-12.2.mpacbti-rel1-x86_64-arm-none-eabi/bin/../lib/gcc/arm-none-eabi/12.2.1/thumb/v6-m/nofp/libgcc.a(unwind-arm.o)
                                  0x8 (size before relaxing)
 .ARM.exidx.text.__gnu_Unwind_Backtrace
                0x100004d4        0x8 /home/chris/bin/arm-gnu-toolchain-12.2.mpacbti-rel1-x86_64-arm-none-eabi/bin/../lib/gcc/arm-none-eabi/12.2.1/thumb/v6-m/nofp/libgcc.a(unwind-arm.o)
 .ARM.exidx.text.__gnu_unwind_pr_common
                0x100004dc        0x8 /home/chris/bin/arm-gnu-toolchain-12.2.mpacbti-rel1-x86_64-arm-none-eabi/bin/../lib/gcc/arm-none-eabi/12.2.1/thumb/v6-m/nofp/libgcc.a(unwind-arm.o)
 .ARM.exidx.text.__aeabi_unwind_cpp_pr0
                0x100004e4        0x8 /home/chris/bin/arm-gnu-toolchain-12.2.mpacbti-rel1-x86_64-arm-none-eabi/bin/../lib/gcc/arm-none-eabi/12.2.1/thumb/v6-m/nofp/libgcc.a(unwind-arm.o)
 .ARM.exidx.text.__aeabi_unwind_cpp_pr1
                0x100004ec        0x0 /home/chris/bin/arm-gnu-toolchain-12.2.mpacbti-rel1-x86_64-arm-none-eabi/bin/../lib/gcc/arm-none-eabi/12.2.1/thumb/v6-m/nofp/libgcc.a(unwind-arm.o)
                                  0x8 (size before relaxing)
 .ARM.exidx.text.__aeabi_unwind_cpp_pr2
                0x100004ec        0x0 /home/chris/bin/arm-gnu-toolchain-12.2.mpacbti-rel1-x86_64-arm-none-eabi/bin/../lib/gcc/arm-none-eabi/12.2.1/thumb/v6-m/nofp/libgcc.a(unwind-arm.o)
                                  0x8 (size before relaxing)
 .ARM.exidx.text._Unwind_VRS_Pop
                0x100004ec       0x10 /home/chris/bin/arm-gnu-toolchain-12.2.mpacbti-rel1-x86_64-arm-none-eabi/bin/../lib/gcc/arm-none-eabi/12.2.1/thumb/v6-m/nofp/libgcc.a(unwind-arm.o)
                                  0x8 (size before relaxing)
 .ARM.exidx.text.next_unwind_byte
                0x100004fc        0x0 /home/chris/bin/arm-gnu-toolchain-12.2.mpacbti-rel1-x86_64-arm-none-eabi/bin/../lib/gcc/arm-none-eabi/12.2.1/thumb/v6-m/nofp/libgcc.a(pr-support.o)
                                  0x8 (size before relaxing)
 .ARM.exidx.text._Unwind_GetGR.constprop.0
                0x100004fc        0x8 /home/chris/bin/arm-gnu-toolchain-12.2.mpacbti-rel1-x86_64-arm-none-eabi/bin/../lib/gcc/arm-none-eabi/12.2.1/thumb/v6-m/nofp/libgcc.a(pr-support.o)
 .ARM.exidx.text.unwind_UCB_from_context
                0x10000504        0x8 /home/chris/bin/arm-gnu-toolchain-12.2.mpacbti-rel1-x86_64-arm-none-eabi/bin/../lib/gcc/arm-none-eabi/12.2.1/thumb/v6-m/nofp/libgcc.a(pr-support.o)
 .ARM.exidx.text.__gnu_unwind_execute
                0x1000050c        0x8 /home/chris/bin/arm-gnu-toolchain-12.2.mpacbti-rel1-x86_64-arm-none-eabi/bin/../lib/gcc/arm-none-eabi/12.2.1/thumb/v6-m/nofp/libgcc.a(pr-support.o)
 .ARM.exidx.text.__gnu_unwind_frame
                0x10000514        0x8 /home/chris/bin/arm-gnu-toolchain-12.2.mpacbti-rel1-x86_64-arm-none-eabi/bin/../lib/gcc/arm-none-eabi/12.2.1/thumb/v6-m/nofp/libgcc.a(pr-support.o)
 .ARM.exidx.text._Unwind_GetRegionStart
                0x1000051c        0x8 /home/chris/bin/arm-gnu-toolchain-12.2.mpacbti-rel1-x86_64-arm-none-eabi/bin/../lib/gcc/arm-none-eabi/12.2.1/thumb/v6-m/nofp/libgcc.a(pr-support.o)
 .ARM.exidx.text._Unwind_GetLanguageSpecificData
                0x10000524        0x0 /home/chris/bin/arm-gnu-toolchain-12.2.mpacbti-rel1-x86_64-arm-none-eabi/bin/../lib/gcc/arm-none-eabi/12.2.1/thumb/v6-m/nofp/libgcc.a(pr-support.o)
                                  0x8 (size before relaxing)
 .ARM.exidx.text.unlikely._Unwind_GetDataRelBase
                0x10000524        0x8 /home/chris/bin/arm-gnu-toolchain-12.2.mpacbti-rel1-x86_64-arm-none-eabi/bin/../lib/gcc/arm-none-eabi/12.2.1/thumb/v6-m/nofp/libgcc.a(pr-support.o)
 .ARM.exidx.text.unlikely._Unwind_GetTextRelBase
                0x1000052c        0x0 /home/chris/bin/arm-gnu-toolchain-12.2.mpacbti-rel1-x86_64-arm-none-eabi/bin/../lib/gcc/arm-none-eabi/12.2.1/thumb/v6-m/nofp/libgcc.a(pr-support.o)
                                  0x8 (size before relaxing)
                0x1000052c                        __exidx_end = .
                0x1000052c                        . = ALIGN (0x4)
                0x1000052c                        __binary_info_start = .

.binary_info    0x1000052c       0x20
 *(.binary_info.keep.*)
 .binary_info.keep.__bi_ptr84
                0x1000052c        0x4 CMakeFiles/TuringForWorkshop.dir/home/chris/projects/rp2040/pico-sdk-2.1/src/rp2_common/pico_standard_binary_info/standard_binary_info.c.o
 .binary_info.keep.__bi_ptr78
                0x10000530        0x4 CMakeFiles/TuringForWorkshop.dir/home/chris/projects/rp2040/pico-sdk-2.1/src/rp2_common/pico_standard_binary_info/standard_binary_info.c.o
 .binary_info.keep.__bi_ptr54
                0x10000534        0x4 CMakeFiles/TuringForWorkshop.dir/home/chris/projects/rp2040/pico-sdk-2.1/src/rp2_common/pico_standard_binary_info/standard_binary_info.c.o
 .binary_info.keep.__bi_ptr48
                0x10000538        0x4 CMakeFiles/TuringForWorkshop.dir/home/chris/projects/rp2040/pico-sdk-2.1/src/rp2_common/pico_standard_binary_info/standard_binary_info.c.o
 .binary_info.keep.__bi_ptr42
                0x1000053c        0x4 CMakeFiles/TuringForWorkshop.dir/home/chris/projects/rp2040/pico-sdk-2.1/src/rp2_common/pico_standard_binary_info/standard_binary_info.c.o
 .binary_info.keep.__bi_ptr34
                0x10000540        0x4 CMakeFiles/TuringForWorkshop.dir/home/chris/projects/rp2040/pico-sdk-2.1/src/rp2_common/pico_standard_binary_info/standard_binary_info.c.o
 .binary_info.keep.__bi_ptr26
                0x10000544        0x4 CMakeFiles/TuringForWorkshop.dir/home/chris/projects/rp2040/pico-sdk-2.1/src/rp2_common/pico_standard_binary_info/standard_binary_info.c.o
 .binary_info.keep.__bi_ptr153
                0x10000548        0x4 CMakeFiles/TuringForWorkshop.dir/home/chris/projects/rp2040/pico-sdk-2.1/lib/tinyusb/hw/bsp/rp2040/family.c.o
 *(.binary_info.*)
                0x1000054c                        __binary_info_end = .
                0x1000054c                        . = ALIGN (0x4)

.ram_vector_table
                0x20000000       0xc0
 *(.ram_vector_table)
 .ram_vector_table
                0x20000000       0xc0 CMakeFiles/TuringForWorkshop.dir/home/chris/projects/rp2040/pico-sdk-2.1/src/rp2_common/pico_runtime_init/runtime_init.c.o
                0x20000000                ram_vector_table

.uninitialized_data
                0x200000c0        0x0
                0x200000c0                        . = ALIGN (0x4)
 *(.uninitialized_data*)

.text           0x200000c0    0x137a4 load address 0x1000054c
                0x200000c0                        __ram_text_start__ = .
 *(.init)
 .init          0x200000c0        0x4 /home/chris/bin/arm-gnu-toolchain-12.2.mpacbti-rel1-x86_64-arm-none-eabi/bin/../lib/gcc/arm-none-eabi/12.2.1/thumb/v6-m/nofp/crti.o
                0x200000c0                _init
 *(.text*)
 .text.register_tm_clones
                0x200000c4       0x28 /home/chris/bin/arm-gnu-toolchain-12.2.mpacbti-rel1-x86_64-arm-none-eabi/bin/../lib/gcc/arm-none-eabi/12.2.1/thumb/v6-m/nofp/crtbegin.o
 .text.frame_dummy
                0x200000ec       0x24 /home/chris/bin/arm-gnu-toolchain-12.2.mpacbti-rel1-x86_64-arm-none-eabi/bin/../lib/gcc/arm-none-eabi/12.2.1/thumb/v6-m/nofp/crtbegin.o
 .text._ZN12ComputerCard11OnCVPWMWrapEv
                0x20000110       0x6c CMakeFiles/TuringForWorkshop.dir/main.cpp.o
                0x20000110                ComputerCard::OnCVPWMWrap()
 .text._ZN12ComputerCard18ReadByteFromEEPROMEjRb.constprop.0
                0x2000017c       0xa0 CMakeFiles/TuringForWorkshop.dir/main.cpp.o
 .text._ZL11core1_entryv
                0x2000021c       0x50 CMakeFiles/TuringForWorkshop.dir/main.cpp.o
 .text._ZN12ComputerCard13AudioCallbackEv
                0x2000026c       0x10 CMakeFiles/TuringForWorkshop.dir/main.cpp.o
                0x2000026c                ComputerCard::AudioCallback()
 .text._ZN12ComputerCard20ProbeHardwareVersionEv
                0x2000027c       0xc0 CMakeFiles/TuringForWorkshop.dir/main.cpp.o
                0x2000027c                ComputerCard::ProbeHardwareVersion()
 .text._ZN12ComputerCard13CalcCalCoeffsEi
                0x2000033c      0x4a0 CMakeFiles/TuringForWorkshop.dir/main.cpp.o
                0x2000033c                ComputerCard::CalcCalCoeffs(int)
 .text._ZN12ComputerCard10ReadEEPROMEv
                0x200007dc      0x3b8 CMakeFiles/TuringForWorkshop.dir/main.cpp.o
                0x200007dc                ComputerCard::ReadEEPROM()
 .text._ZN12ComputerCardC2Ev
                0x20000b94      0x490 CMakeFiles/TuringForWorkshop.dir/main.cpp.o
                0x20000b94                ComputerCard::ComputerCard()
                0x20000b94                ComputerCard::ComputerCard()
 .text._ZN12ComputerCard9MIDIToDACEii
                0x20001024       0x2c CMakeFiles/TuringForWorkshop.dir/main.cpp.o
                0x20001024                ComputerCard::MIDIToDAC(int, int)
 .text.startup.main
                0x20001050       0xc0 CMakeFiles/TuringForWorkshop.dir/main.cpp.o
                0x20001050                main
 .text._ZN7MainAppC2Ev
                0x20001110      0x20c CMakeFiles/TuringForWorkshop.dir/MainApp.cpp.o
                0x20001110                MainApp::MainApp()
                0x20001110                MainApp::MainApp()
 .text._ZN7MainApp15UpdateNotePoolsEv
                0x2000131c       0x60 CMakeFiles/TuringForWorkshop.dir/MainApp.cpp.o
                0x2000131c                MainApp::UpdateNotePools()
 .text._ZN7MainApp18UpdatePulseLengthsEv
                0x2000137c       0x98 CMakeFiles/TuringForWorkshop.dir/MainApp.cpp.o
                0x2000137c                MainApp::UpdatePulseLengths()
 .text._ZN7MainApp9PulseLed1Eb
                0x20001414        0xc CMakeFiles/TuringForWorkshop.dir/MainApp.cpp.o
                0x20001414                MainApp::PulseLed1(bool)
 .text._ZN7MainApp9PulseLed2Eb
                0x20001420        0xc CMakeFiles/TuringForWorkshop.dir/MainApp.cpp.o
                0x20001420                MainApp::PulseLed2(bool)
 .text._ZN7MainApp12PulseOutput1Eb
                0x2000142c       0x7c CMakeFiles/TuringForWorkshop.dir/MainApp.cpp.o
                0x2000142c                MainApp::PulseOutput1(bool)
 .text._ZN7MainApp12PulseOutput2Eb
                0x200014a8       0x7c CMakeFiles/TuringForWorkshop.dir/MainApp.cpp.o
                0x200014a8                MainApp::PulseOutput2(bool)
 .text._ZN7MainApp17PulseInConnected1Ev
                0x20001524        0xc CMakeFiles/TuringForWorkshop.dir/MainApp.cpp.o
                0x20001524                MainApp::PulseInConnected1()
 .text._ZN7MainApp17PulseInConnected2Ev
                0x20001530        0xc CMakeFiles/TuringForWorkshop.dir/MainApp.cpp.o
                0x20001530                MainApp::PulseInConnected2()
 .text._ZN7MainApp5KnobXEv
                0x2000153c        0x8 CMakeFiles/TuringForWorkshop.dir/MainApp.cpp.o
                0x2000153c                MainApp::KnobX()
 .text._ZN7MainApp5KnobYEv
                0x20001544        0x8 CMakeFiles/TuringForWorkshop.dir/MainApp.cpp.o
                0x20001544                MainApp::KnobY()
 .text._ZN7MainApp10SwitchDownEv
                0x2000154c       0x10 CMakeFiles/TuringForWorkshop.dir/MainApp.cpp.o
                0x2000154c                MainApp::SwitchDown()
 .text._ZN7MainApp13switchChangedEv
                0x2000155c       0x4c CMakeFiles/TuringForWorkshop.dir/MainApp.cpp.o
                0x2000155c                MainApp::switchChanged()
 .text._ZN7MainApp17divideKnobChangedEh
                0x200015a8        0xc CMakeFiles/TuringForWorkshop.dir/MainApp.cpp.o
                0x200015a8                MainApp::divideKnobChanged(unsigned char)
 .text._ZN7MainApp16UpdateCh2LengthsEv
                0x200015b4       0x70 CMakeFiles/TuringForWorkshop.dir/MainApp.cpp.o
                0x200015b4                MainApp::UpdateCh2Lengths()
 .text._ZN7MainApp16updateMainTuringEv
                0x20001624       0x80 CMakeFiles/TuringForWorkshop.dir/MainApp.cpp.o
                0x20001624                MainApp::updateMainTuring()
 .text._ZN7MainApp15updateDivTuringEv
                0x200016a4       0x80 CMakeFiles/TuringForWorkshop.dir/MainApp.cpp.o
                0x200016a4                MainApp::updateDivTuring()
 .text._ZN7MainApp17showLengthPatternEi
                0x20001724      0x16c CMakeFiles/TuringForWorkshop.dir/MainApp.cpp.o
                0x20001724                MainApp::showLengthPattern(int)
 .text._ZN7MainApp17lengthKnobChangedEh
                0x20001890       0x9c CMakeFiles/TuringForWorkshop.dir/MainApp.cpp.o
                0x20001890                MainApp::lengthKnobChanged(unsigned char)
 .text._ZN7MainApp14updateLedStateEv
                0x2000192c      0x100 CMakeFiles/TuringForWorkshop.dir/MainApp.cpp.o
                0x2000192c                MainApp::updateLedState()
 .text._ZN7MainApp12sysexRespondEv
                0x20001a2c      0x290 CMakeFiles/TuringForWorkshop.dir/MainApp.cpp.o
                0x20001a2c                MainApp::sysexRespond()
 .text._ZN7MainApp8IdleLedsEv
                0x20001cbc       0xa8 CMakeFiles/TuringForWorkshop.dir/MainApp.cpp.o
                0x20001cbc                MainApp::IdleLeds()
 .text._ZN7MainApp14SendLiveStatusEv
                0x20001d64       0xe0 CMakeFiles/TuringForWorkshop.dir/MainApp.cpp.o
                0x20001d64                MainApp::SendLiveStatus()
 .text._ZN7MainApp11cv_set_modeEh
                0x20001e44       0xf4 CMakeFiles/TuringForWorkshop.dir/MainApp.cpp.o
                0x20001e44                MainApp::cv_set_mode(unsigned char)
 .text._ZN7MainApp13UpdateCVRangeEv
                0x20001f38       0x40 CMakeFiles/TuringForWorkshop.dir/MainApp.cpp.o
                0x20001f38                MainApp::UpdateCVRange()
 .text._ZN7MainApp12LoadSettingsEb
                0x20001f78      0x140 CMakeFiles/TuringForWorkshop.dir/MainApp.cpp.o
                0x20001f78                MainApp::LoadSettings(bool)
 .text._ZN7MainApp12HousekeepingEv
                0x200020b8      0x468 CMakeFiles/TuringForWorkshop.dir/MainApp.cpp.o
                0x200020b8                MainApp::Housekeeping()
 .text._ZN7MainApp20readInputIfConnectedEN12ComputerCard5InputE
                0x20002520       0x40 CMakeFiles/TuringForWorkshop.dir/MainApp.cpp.o
                0x20002520                MainApp::readInputIfConnected(ComputerCard::Input)
 .text._ZN7MainApp22detectAudio1RisingEdgeEv
                0x20002560       0x80 CMakeFiles/TuringForWorkshop.dir/MainApp.cpp.o
                0x20002560                MainApp::detectAudio1RisingEdge()
 .text._ZN5Clock4TickEv
                0x200025e0       0x5c CMakeFiles/TuringForWorkshop.dir/Clock.cpp.o
                0x200025e0                Clock::Tick()
 .text._ZNK5Clock12IsRisingEdgeEv
                0x2000263c        0x4 CMakeFiles/TuringForWorkshop.dir/Clock.cpp.o
                0x2000263c                Clock::IsRisingEdge() const
 .text._ZNK5Clock16IsRisingEdgeMultEv
                0x20002640        0x4 CMakeFiles/TuringForWorkshop.dir/Clock.cpp.o
                0x20002640                Clock::IsRisingEdgeMult() const
 .text._ZNK5Clock8GetTicksEv
                0x20002644        0x4 CMakeFiles/TuringForWorkshop.dir/Clock.cpp.o
                0x20002644                Clock::GetTicks() const
 .text._ZN5Clock8TapTempoEm
                0x20002648       0x74 CMakeFiles/TuringForWorkshop.dir/Clock.cpp.o
                0x20002648                Clock::TapTempo(unsigned long)
 .text._ZN5Clock12UpdateDivideEh
                0x200026bc       0x2c CMakeFiles/TuringForWorkshop.dir/Clock.cpp.o
                0x200026bc                Clock::UpdateDivide(unsigned char)
 .text._ZN5Clock17setExternalClock1Eb
                0x200026e8        0x8 CMakeFiles/TuringForWorkshop.dir/Clock.cpp.o
                0x200026e8                Clock::setExternalClock1(bool)
 .text._ZN5Clock17setExternalClock2Eb
                0x200026f0        0x8 CMakeFiles/TuringForWorkshop.dir/Clock.cpp.o
                0x200026f0                Clock::setExternalClock2(bool)
 .text._ZN5Clock17getExternalClock1Ev
                0x200026f8        0x8 CMakeFiles/TuringForWorkshop.dir/Clock.cpp.o
                0x200026f8                Clock::getExternalClock1()
 .text._ZN5Clock17getExternalClock2Ev
                0x20002700        0x8 CMakeFiles/TuringForWorkshop.dir/Clock.cpp.o
                0x20002700                Clock::getExternalClock2()
 .text._ZN5Clock9ExtPulse1Ev
                0x20002708        0x8 CMakeFiles/TuringForWorkshop.dir/Clock.cpp.o
                0x20002708                Clock::ExtPulse1()
 .text._ZN5Clock9ExtPulse2Ev
                0x20002710        0x8 CMakeFiles/TuringForWorkshop.dir/Clock.cpp.o
                0x20002710                Clock::ExtPulse2()
 .text._ZN5Clock17ExtPulseReceived1Ev
                0x20002718        0xc CMakeFiles/TuringForWorkshop.dir/Clock.cpp.o
                0x20002718                Clock::ExtPulseReceived1()
 .text._ZN5Clock17ExtPulseReceived2Ev
                0x20002724        0xc CMakeFiles/TuringForWorkshop.dir/Clock.cpp.o
                0x20002724                Clock::ExtPulseReceived2()
 .text._ZN5Clock8setBPM10Et
                0x20002730       0x28 CMakeFiles/TuringForWorkshop.dir/Clock.cpp.o
                0x20002730                Clock::setBPM10(unsigned short)
 .text._ZN5Clock15GetTicksPerBeatEv
                0x20002758       0x18 CMakeFiles/TuringForWorkshop.dir/Clock.cpp.o
                0x20002758                Clock::GetTicksPerBeat()
 .text._ZN5Clock23GetTicksPerSubclockBeatEv
                0x20002770       0x20 CMakeFiles/TuringForWorkshop.dir/Clock.cpp.o
                0x20002770                Clock::GetTicksPerSubclockBeat()
 .text._ZN6Config4saveEv
                0x20002790       0x64 CMakeFiles/TuringForWorkshop.dir/Config.cpp.o
                0x20002790                Config::save()
 .text._ZN6Config4loadEb
                0x200027f4       0x68 CMakeFiles/TuringForWorkshop.dir/Config.cpp.o
                0x200027f4                Config::load(bool)
 .text._ZN6Config3getEv
                0x2000285c        0x4 CMakeFiles/TuringForWorkshop.dir/Config.cpp.o
                0x2000285c                Config::get()
 .text._ZN2UI4initEP7MainAppP5Clock
                0x20002860        0x8 CMakeFiles/TuringForWorkshop.dir/UI.cpp.o
                0x20002860                UI::init(MainApp*, Clock*)
 .text._ZN2UI4TickEv
                0x20002868      0x19c CMakeFiles/TuringForWorkshop.dir/UI.cpp.o
                0x20002868                UI::Tick()
 .text._ZN2UI6SlowUIEv
                0x20002a04       0xf0 CMakeFiles/TuringForWorkshop.dir/UI.cpp.o
                0x20002a04                UI::SlowUI()
 .text._ZN2UI14SetPulseLengthEh
                0x20002af4       0x60 CMakeFiles/TuringForWorkshop.dir/UI.cpp.o
                0x20002af4                UI::SetPulseLength(unsigned char)
 .text._ZN2UI11SetPulseModEh
                0x20002b54        0x8 CMakeFiles/TuringForWorkshop.dir/UI.cpp.o
                0x20002b54                UI::SetPulseMod(unsigned char)
 .text._ZN2UI14UpdatePulseModEhh
                0x20002b5c       0x28 CMakeFiles/TuringForWorkshop.dir/UI.cpp.o
                0x20002b5c                UI::UpdatePulseMod(unsigned char, unsigned char)
 .text._ZN6TuringC2Eim
                0x20002b84       0x9c CMakeFiles/TuringForWorkshop.dir/Turing.cpp.o
                0x20002b84                Turing::Turing(int, unsigned long)
                0x20002b84                Turing::Turing(int, unsigned long)
 .text._ZN6Turing6UpdateEii
                0x20002c20       0x84 CMakeFiles/TuringForWorkshop.dir/Turing.cpp.o
                0x20002c20                Turing::Update(int, int)
 .text._ZN6Turing5DAC_8Ev
                0x20002ca4        0x4 CMakeFiles/TuringForWorkshop.dir/Turing.cpp.o
                0x20002ca4                Turing::DAC_8()
 .text._ZN6Turing12updateLengthEi
                0x20002ca8        0x4 CMakeFiles/TuringForWorkshop.dir/Turing.cpp.o
                0x20002ca8                Turing::updateLength(int)
 .text._ZN6Turing12returnLengthEv
                0x20002cac        0x4 CMakeFiles/TuringForWorkshop.dir/Turing.cpp.o
                0x20002cac                Turing::returnLength()
 .text._ZN6Turing5resetEv
                0x20002cb0       0x10 CMakeFiles/TuringForWorkshop.dir/Turing.cpp.o
                0x20002cb0                Turing::reset()
 .text._ZN6Turing8MidiNoteEv
                0x20002cc0       0x20 CMakeFiles/TuringForWorkshop.dir/Turing.cpp.o
                0x20002cc0                Turing::MidiNote()
 .text._ZN6Turing14UpdateNotePoolEiii
                0x20002ce0       0x98 CMakeFiles/TuringForWorkshop.dir/Turing.cpp.o
                0x20002ce0                Turing::UpdateNotePool(int, int, int)
 .text.tud_descriptor_device_cb
                0x20002d78        0x8 CMakeFiles/TuringForWorkshop.dir/usb_descriptors.c.o
                0x20002d78                tud_descriptor_device_cb
 .text.tud_descriptor_configuration_cb
                0x20002d80        0x8 CMakeFiles/TuringForWorkshop.dir/usb_descriptors.c.o
                0x20002d80                tud_descriptor_configuration_cb
 .text.tud_descriptor_string_cb
                0x20002d88       0x70 CMakeFiles/TuringForWorkshop.dir/usb_descriptors.c.o
                0x20002d88                tud_descriptor_string_cb
 .text.startup._retrieve_unique_id_on_boot
                0x20002df8       0x10 CMakeFiles/TuringForWorkshop.dir/home/chris/projects/rp2040/pico-sdk-2.1/src/rp2_common/pico_unique_id/unique_id.c.o
 .text.flash_get_unique_id
                0x20002e08       0x40 CMakeFiles/TuringForWorkshop.dir/home/chris/projects/rp2040/pico-sdk-2.1/src/rp2_common/hardware_flash/flash.c.o
                0x20002e08                flash_get_unique_id
 .text.rp2040_chip_version
                0x20002e48        0xc CMakeFiles/TuringForWorkshop.dir/home/chris/projects/rp2040/pico-sdk-2.1/src/rp2040/pico_platform/platform.c.o
                0x20002e48                rp2040_chip_version
 .text.panic    0x20002e54       0x30 CMakeFiles/TuringForWorkshop.dir/home/chris/projects/rp2040/pico-sdk-2.1/src/rp2_common/pico_platform_panic/panic.c.o
                0x20002e54                panic
 .text.hw_claim_lock
                0x20002e84       0x18 CMakeFiles/TuringForWorkshop.dir/home/chris/projects/rp2040/pico-sdk-2.1/src/common/hardware_claim/claim.c.o
                0x20002e84                hw_claim_lock
 .text.hw_claim_unlock
                0x20002e9c       0x14 CMakeFiles/TuringForWorkshop.dir/home/chris/projects/rp2040/pico-sdk-2.1/src/common/hardware_claim/claim.c.o
                0x20002e9c                hw_claim_unlock
 .text.hw_claim_or_assert
                0x20002eb0       0x44 CMakeFiles/TuringForWorkshop.dir/home/chris/projects/rp2040/pico-sdk-2.1/src/common/hardware_claim/claim.c.o
                0x20002eb0                hw_claim_or_assert
 .text.hw_claim_unused_from_range
                0x20002ef4       0x9c CMakeFiles/TuringForWorkshop.dir/home/chris/projects/rp2040/pico-sdk-2.1/src/common/hardware_claim/claim.c.o
                0x20002ef4                hw_claim_unused_from_range
 .text.next_striped_spin_lock_num
                0x20002f90       0x18 CMakeFiles/TuringForWorkshop.dir/home/chris/projects/rp2040/pico-sdk-2.1/src/rp2_common/hardware_sync/sync.c.o
                0x20002f90                next_striped_spin_lock_num
 .text.spin_lock_claim_unused
                0x20002fa8       0x24 CMakeFiles/TuringForWorkshop.dir/home/chris/projects/rp2040/pico-sdk-2.1/src/rp2_common/hardware_sync/sync.c.o
                0x20002fa8                spin_lock_claim_unused
 .text.spin_locks_reset
                0x20002fcc       0x1c CMakeFiles/TuringForWorkshop.dir/home/chris/projects/rp2040/pico-sdk-2.1/src/rp2_common/hardware_sync_spin_lock/sync_spin_lock.c.o
                0x20002fcc                spin_locks_reset
 .text.rom_func_lookup
                0x20002fe8       0x10 CMakeFiles/TuringForWorkshop.dir/home/chris/projects/rp2040/pico-sdk-2.1/src/rp2_common/pico_bootrom/bootrom.c.o
                0x20002fe8                rom_func_lookup
 .text.rom_data_lookup
                0x20002ff8       0x10 CMakeFiles/TuringForWorkshop.dir/home/chris/projects/rp2040/pico-sdk-2.1/src/rp2_common/pico_bootrom/bootrom.c.o
                0x20002ff8                rom_data_lookup
 .text.rom_funcs_lookup
                0x20003008       0x44 CMakeFiles/TuringForWorkshop.dir/home/chris/projects/rp2040/pico-sdk-2.1/src/rp2_common/pico_bootrom/bootrom.c.o
                0x20003008                rom_funcs_lookup
 .text.sleep_until_callback
                0x2000304c       0x30 CMakeFiles/TuringForWorkshop.dir/home/chris/projects/rp2040/pico-sdk-2.1/src/common/pico_time/time.c.o
 .text.alarm_pool_irq_handler
                0x2000307c      0x2fc CMakeFiles/TuringForWorkshop.dir/home/chris/projects/rp2040/pico-sdk-2.1/src/common/pico_time/time.c.o
 .text.runtime_init_default_alarm_pool
                0x20003378       0xdc CMakeFiles/TuringForWorkshop.dir/home/chris/projects/rp2040/pico-sdk-2.1/src/common/pico_time/time.c.o
                0x20003378                runtime_init_default_alarm_pool
 .text.alarm_pool_add_alarm_at_force_in_context
                0x20003454       0xb0 CMakeFiles/TuringForWorkshop.dir/home/chris/projects/rp2040/pico-sdk-2.1/src/common/pico_time/time.c.o
                0x20003454                alarm_pool_add_alarm_at_force_in_context
 .text.alarm_pool_cancel_alarm
                0x20003504       0x74 CMakeFiles/TuringForWorkshop.dir/home/chris/projects/rp2040/pico-sdk-2.1/src/common/pico_time/time.c.o
                0x20003504                alarm_pool_cancel_alarm
 .text.sleep_until
                0x20003578       0xd8 CMakeFiles/TuringForWorkshop.dir/home/chris/projects/rp2040/pico-sdk-2.1/src/common/pico_time/time.c.o
                0x20003578                sleep_until
 .text.sleep_us
                0x20003650       0x28 CMakeFiles/TuringForWorkshop.dir/home/chris/projects/rp2040/pico-sdk-2.1/src/common/pico_time/time.c.o
                0x20003650                sleep_us
 .text.sleep_ms
                0x20003678       0x38 CMakeFiles/TuringForWorkshop.dir/home/chris/projects/rp2040/pico-sdk-2.1/src/common/pico_time/time.c.o
                0x20003678                sleep_ms
 .text.best_effort_wfe_or_timeout
                0x200036b0       0xf8 CMakeFiles/TuringForWorkshop.dir/home/chris/projects/rp2040/pico-sdk-2.1/src/common/pico_time/time.c.o
                0x200036b0                best_effort_wfe_or_timeout
 .text.check_single_timeout_us
                0x200037a8       0x28 CMakeFiles/TuringForWorkshop.dir/home/chris/projects/rp2040/pico-sdk-2.1/src/common/pico_time/timeout_helper.c.o
 .text.init_single_timeout_until
                0x200037d0        0xc CMakeFiles/TuringForWorkshop.dir/home/chris/projects/rp2040/pico-sdk-2.1/src/common/pico_time/timeout_helper.c.o
                0x200037d0                init_single_timeout_until
 .text.timer_hardware_alarm_claim
                0x200037dc       0x14 CMakeFiles/TuringForWorkshop.dir/home/chris/projects/rp2040/pico-sdk-2.1/src/rp2_common/hardware_timer/timer.c.o
                0x200037dc                timer_hardware_alarm_claim
 .text.timer_time_us_64
                0x200037f0       0x10 CMakeFiles/TuringForWorkshop.dir/home/chris/projects/rp2040/pico-sdk-2.1/src/rp2_common/hardware_timer/timer.c.o
                0x200037f0                timer_time_us_64
 .text.time_us_64
                0x20003800       0x14 CMakeFiles/TuringForWorkshop.dir/home/chris/projects/rp2040/pico-sdk-2.1/src/rp2_common/hardware_timer/timer.c.o
                0x20003800                time_us_64
 .text.busy_wait_us
                0x20003814       0x68 CMakeFiles/TuringForWorkshop.dir/home/chris/projects/rp2040/pico-sdk-2.1/src/rp2_common/hardware_timer/timer.c.o
                0x20003814                busy_wait_us
 .text.busy_wait_until
                0x2000387c       0x20 CMakeFiles/TuringForWorkshop.dir/home/chris/projects/rp2040/pico-sdk-2.1/src/rp2_common/hardware_timer/timer.c.o
                0x2000387c                busy_wait_until
 .text.runtime_init_per_core_irq_priorities
                0x2000389c       0x24 CMakeFiles/TuringForWorkshop.dir/home/chris/projects/rp2040/pico-sdk-2.1/src/rp2_common/hardware_irq/irq.c.o
                0x2000389c                runtime_init_per_core_irq_priorities
 .text.irq_set_enabled
                0x200038c0       0x24 CMakeFiles/TuringForWorkshop.dir/home/chris/projects/rp2040/pico-sdk-2.1/src/rp2_common/hardware_irq/irq.c.o
                0x200038c0                irq_set_enabled
 .text.irq_is_enabled
                0x200038e4       0x18 CMakeFiles/TuringForWorkshop.dir/home/chris/projects/rp2040/pico-sdk-2.1/src/rp2_common/hardware_irq/irq.c.o
                0x200038e4                irq_is_enabled
 .text.irq_set_exclusive_handler
                0x200038fc       0x54 CMakeFiles/TuringForWorkshop.dir/home/chris/projects/rp2040/pico-sdk-2.1/src/rp2_common/hardware_irq/irq.c.o
                0x200038fc                irq_set_exclusive_handler
 .text.irq_add_shared_handler
                0x20003950      0x1e0 CMakeFiles/TuringForWorkshop.dir/home/chris/projects/rp2040/pico-sdk-2.1/src/rp2_common/hardware_irq/irq.c.o
                0x20003950                irq_add_shared_handler
 .text.irq_remove_handler
                0x20003b30      0x1d4 CMakeFiles/TuringForWorkshop.dir/home/chris/projects/rp2040/pico-sdk-2.1/src/rp2_common/hardware_irq/irq.c.o
                0x20003b30                irq_remove_handler
 .text.irq_set_priority
                0x20003d04       0x28 CMakeFiles/TuringForWorkshop.dir/home/chris/projects/rp2040/pico-sdk-2.1/src/rp2_common/hardware_irq/irq.c.o
                0x20003d04                irq_set_priority
 .text.irq_add_tail_to_free_list
                0x20003d2c       0xb4 CMakeFiles/TuringForWorkshop.dir/home/chris/projects/rp2040/pico-sdk-2.1/src/rp2_common/hardware_irq/irq.c.o
                0x20003d2c                irq_add_tail_to_free_list
 .text.lock_init
                0x20003de0       0x10 CMakeFiles/TuringForWorkshop.dir/home/chris/projects/rp2040/pico-sdk-2.1/src/common/pico_sync/lock_core.c.o
                0x20003de0                lock_init
 .text.runtime_init_mutex
                0x20003df0       0x60 CMakeFiles/TuringForWorkshop.dir/home/chris/projects/rp2040/pico-sdk-2.1/src/common/pico_sync/mutex.c.o
                0x20003df0                runtime_init_mutex
 .text.mutex_init
                0x20003e50       0x1c CMakeFiles/TuringForWorkshop.dir/home/chris/projects/rp2040/pico-sdk-2.1/src/common/pico_sync/mutex.c.o
                0x20003e50                mutex_init
 .text.critical_section_init
                0x20003e6c       0x1c CMakeFiles/TuringForWorkshop.dir/home/chris/projects/rp2040/pico-sdk-2.1/src/common/pico_sync/critical_section.c.o
                0x20003e6c                critical_section_init
 .text.gpio_set_function
                0x20003e88       0x34 CMakeFiles/TuringForWorkshop.dir/home/chris/projects/rp2040/pico-sdk-2.1/src/rp2_common/hardware_gpio/gpio.c.o
                0x20003e88                gpio_set_function
 .text.gpio_set_pulls
                0x20003ebc       0x28 CMakeFiles/TuringForWorkshop.dir/home/chris/projects/rp2040/pico-sdk-2.1/src/rp2_common/hardware_gpio/gpio.c.o
                0x20003ebc                gpio_set_pulls
 .text.gpio_set_input_enabled
                0x20003ee4       0x28 CMakeFiles/TuringForWorkshop.dir/home/chris/projects/rp2040/pico-sdk-2.1/src/rp2_common/hardware_gpio/gpio.c.o
                0x20003ee4                gpio_set_input_enabled
 .text.gpio_init
                0x20003f0c       0x40 CMakeFiles/TuringForWorkshop.dir/home/chris/projects/rp2040/pico-sdk-2.1/src/rp2_common/hardware_gpio/gpio.c.o
                0x20003f0c                gpio_init
 .text.clock_configure_int_divider
                0x20003f4c       0xf0 CMakeFiles/TuringForWorkshop.dir/home/chris/projects/rp2040/pico-sdk-2.1/src/rp2_common/hardware_clocks/clocks.c.o
                0x20003f4c                clock_configure_int_divider
 .text.clock_configure_undivided
                0x2000403c       0xe4 CMakeFiles/TuringForWorkshop.dir/home/chris/projects/rp2040/pico-sdk-2.1/src/rp2_common/hardware_clocks/clocks.c.o
                0x2000403c                clock_configure_undivided
 .text.clock_get_hz
                0x20004120        0xc CMakeFiles/TuringForWorkshop.dir/home/chris/projects/rp2040/pico-sdk-2.1/src/rp2_common/hardware_clocks/clocks.c.o
                0x20004120                clock_get_hz
 .text.pll_init
                0x2000412c       0xa0 CMakeFiles/TuringForWorkshop.dir/home/chris/projects/rp2040/pico-sdk-2.1/src/rp2_common/hardware_pll/pll.c.o
                0x2000412c                pll_init
 .text.tick_start
                0x200041cc       0x10 CMakeFiles/TuringForWorkshop.dir/home/chris/projects/rp2040/pico-sdk-2.1/src/rp2_common/hardware_ticks/ticks.c.o
                0x200041cc                tick_start
 .text.xosc_init
                0x200041dc       0x28 CMakeFiles/TuringForWorkshop.dir/home/chris/projects/rp2040/pico-sdk-2.1/src/rp2_common/hardware_xosc/xosc.c.o
                0x200041dc                xosc_init
 .text.first_per_core_initializer
                0x20004204        0x4 CMakeFiles/TuringForWorkshop.dir/home/chris/projects/rp2040/pico-sdk-2.1/src/rp2_common/pico_runtime/runtime.c.o
 .text.hard_assertion_failure
                0x20004208        0xc CMakeFiles/TuringForWorkshop.dir/home/chris/projects/rp2040/pico-sdk-2.1/src/rp2_common/pico_runtime/runtime.c.o
                0x20004208                hard_assertion_failure
 .text.runtime_run_initializers
                0x20004214       0x28 CMakeFiles/TuringForWorkshop.dir/home/chris/projects/rp2040/pico-sdk-2.1/src/rp2_common/pico_runtime/runtime.c.o
                0x20004214                runtime_run_initializers
 .text.runtime_run_per_core_initializers
                0x2000423c       0x28 CMakeFiles/TuringForWorkshop.dir/home/chris/projects/rp2040/pico-sdk-2.1/src/rp2_common/pico_runtime/runtime.c.o
                0x2000423c                runtime_run_per_core_initializers
 .text.runtime_init_early_resets
                0x20004264       0x2c CMakeFiles/TuringForWorkshop.dir/home/chris/projects/rp2040/pico-sdk-2.1/src/rp2_common/pico_runtime_init/runtime_init.c.o
                0x20004264                runtime_init_early_resets
 .text.runtime_init_usb_power_down
                0x20004290       0x1c CMakeFiles/TuringForWorkshop.dir/home/chris/projects/rp2040/pico-sdk-2.1/src/rp2_common/pico_runtime_init/runtime_init.c.o
                0x20004290                runtime_init_usb_power_down
 .text.runtime_init_post_clock_resets
                0x200042ac       0x20 CMakeFiles/TuringForWorkshop.dir/home/chris/projects/rp2040/pico-sdk-2.1/src/rp2_common/pico_runtime_init/runtime_init.c.o
                0x200042ac                runtime_init_post_clock_resets
 .text.runtime_init_rp2040_gpio_ie_disable
                0x200042cc       0x14 CMakeFiles/TuringForWorkshop.dir/home/chris/projects/rp2040/pico-sdk-2.1/src/rp2_common/pico_runtime_init/runtime_init.c.o
                0x200042cc                runtime_init_rp2040_gpio_ie_disable
 .text.runtime_init_spin_locks_reset
                0x200042e0        0x8 CMakeFiles/TuringForWorkshop.dir/home/chris/projects/rp2040/pico-sdk-2.1/src/rp2_common/pico_runtime_init/runtime_init.c.o
                0x200042e0                runtime_init_spin_locks_reset
 .text.runtime_init_install_ram_vector_table
                0x200042e8       0x1c CMakeFiles/TuringForWorkshop.dir/home/chris/projects/rp2040/pico-sdk-2.1/src/rp2_common/pico_runtime_init/runtime_init.c.o
                0x200042e8                runtime_init_install_ram_vector_table
 .text.runtime_init_clocks
                0x20004304       0xd8 CMakeFiles/TuringForWorkshop.dir/home/chris/projects/rp2040/pico-sdk-2.1/src/rp2_common/pico_runtime_init/runtime_init_clocks.c.o
                0x20004304                runtime_init_clocks
 .text          0x200043dc       0x10 CMakeFiles/TuringForWorkshop.dir/home/chris/projects/rp2040/pico-sdk-2.1/src/rp2_common/pico_bit_ops/bit_ops_aeabi.S.o
 .text.__wrap___aeabi_idiv
                0x200043ec       0x50 CMakeFiles/TuringForWorkshop.dir/home/chris/projects/rp2040/pico-sdk-2.1/src/rp2_common/pico_divider/divider_hardware.S.o
                0x200043ec                __wrap___aeabi_idivmod
                0x200043ec                divmod_s32s32
                0x200043ec                div_s32s32
                0x200043ec                __wrap___aeabi_idiv
                0x200043f4                divmod_s32s32_unsafe
                0x20004420                divmod_s32s32_savestate
 .text.__wrap___aeabi_uidiv
                0x2000443c       0x4c CMakeFiles/TuringForWorkshop.dir/home/chris/projects/rp2040/pico-sdk-2.1/src/rp2_common/pico_divider/divider_hardware.S.o
                0x2000443c                __wrap___aeabi_uidiv
                0x2000443c                __wrap___aeabi_uidivmod
                0x2000443c                div_u32u32
                0x2000443c                divmod_u32u32
                0x20004444                divmod_u32u32_unsafe
                0x2000446c                divmod_u32u32_savestate
 .text.__wrap___aeabi_ldiv
                0x20004488      0x424 CMakeFiles/TuringForWorkshop.dir/home/chris/projects/rp2040/pico-sdk-2.1/src/rp2_common/pico_divider/divider_hardware.S.o
                0x20004488                div_s64s64
                0x20004488                divmod_s64s64
                0x20004488                __wrap___aeabi_ldivmod
                0x200044b8                div_u64u64
                0x200044b8                divmod_u64u64
                0x200044b8                __wrap___aeabi_uldivmod
                0x200044c8                divmod_u64u64_savestate
                0x200044e8                divmod_s64s64_unsafe
                0x20004570                divmod_u64u64_unsafe
 .text.__wrap___aeabi_darithmetic
                0x200048ac       0x80 CMakeFiles/TuringForWorkshop.dir/home/chris/projects/rp2040/pico-sdk-2.1/src/rp2_common/pico_double/double_aeabi_rp2040.S.o
                0x200048ac                __wrap___aeabi_drsub
                0x200048b2                __wrap___aeabi_dsub
                0x200048c4                __wrap___aeabi_dadd
                0x200048d6                __wrap___aeabi_ddiv
                0x20004912                __wrap___aeabi_dmul
 .text.__wrap___aeabi_cdcmple
                0x2000492c       0x6c CMakeFiles/TuringForWorkshop.dir/home/chris/projects/rp2040/pico-sdk-2.1/src/rp2_common/pico_double/double_aeabi_rp2040.S.o
                0x2000492c                __wrap___aeabi_cdrcmple
                0x2000493c                __wrap___aeabi_cdcmple
                0x2000493c                __wrap___aeabi_cdcmpeq
 .text.__wrap___aeabi_dcmplt
                0x20004998        0xc CMakeFiles/TuringForWorkshop.dir/home/chris/projects/rp2040/pico-sdk-2.1/src/rp2_common/pico_double/double_aeabi_rp2040.S.o
                0x20004998                __wrap___aeabi_dcmplt
 .text.__wrap___aeabi_dcmpge
                0x200049a4       0x10 CMakeFiles/TuringForWorkshop.dir/home/chris/projects/rp2040/pico-sdk-2.1/src/rp2_common/pico_double/double_aeabi_rp2040.S.o
                0x200049a4                __wrap___aeabi_dcmpge
 .text.__wrap___aeabi_dcmpgt
                0x200049b4        0xa CMakeFiles/TuringForWorkshop.dir/home/chris/projects/rp2040/pico-sdk-2.1/src/rp2_common/pico_double/double_aeabi_rp2040.S.o
                0x200049b4                __wrap___aeabi_dcmpgt
 .text.__wrap___aeabi_dcmpun
                0x200049be       0x18 CMakeFiles/TuringForWorkshop.dir/home/chris/projects/rp2040/pico-sdk-2.1/src/rp2_common/pico_double/double_aeabi_rp2040.S.o
                0x200049be                __wrap___aeabi_dcmpun
 *fill*         0x200049d6        0x2 
 .text.__wrap___aeabi_i2d
                0x200049d8       0x38 CMakeFiles/TuringForWorkshop.dir/home/chris/projects/rp2040/pico-sdk-2.1/src/rp2_common/pico_double/double_aeabi_rp2040.S.o
                0x200049d8                __wrap___aeabi_ui2d
                0x200049d8                uint2double
                0x200049e0                __wrap___aeabi_i2d
                0x200049e0                int2double
 .text.__wrap___aeabi_d2iz
                0x20004a10       0x48 CMakeFiles/TuringForWorkshop.dir/home/chris/projects/rp2040/pico-sdk-2.1/src/rp2_common/pico_double/double_aeabi_rp2040.S.o
                0x20004a10                __wrap___aeabi_d2iz
                0x20004a10                double2int_z
 .text.__wrap___aeabi_d2uiz
                0x20004a58       0x18 CMakeFiles/TuringForWorkshop.dir/home/chris/projects/rp2040/pico-sdk-2.1/src/rp2_common/pico_double/double_aeabi_rp2040.S.o
                0x20004a58                double2uint_z
                0x20004a58                double2uint
                0x20004a58                __wrap___aeabi_d2uiz
 .text.__aeabi_double_init
                0x20004a70       0xa4 CMakeFiles/TuringForWorkshop.dir/home/chris/projects/rp2040/pico-sdk-2.1/src/rp2_common/pico_double/double_init_rom_rp2040.c.o
                0x20004a70                __aeabi_double_init
 .text.double_table_shim_on_use_helper
                0x20004b14       0x2c CMakeFiles/TuringForWorkshop.dir/home/chris/projects/rp2040/pico-sdk-2.1/src/rp2_common/pico_double/double_v1_rom_shim_rp2040.S.o
                0x20004b14                double_table_shim_on_use_helper
 .text.__wrap___aeabi_dsub
                0x20004b40       0x10 CMakeFiles/TuringForWorkshop.dir/home/chris/projects/rp2040/pico-sdk-2.1/src/rp2_common/pico_double/double_v1_rom_shim_rp2040.S.o
                0x20004b40                drsub_shim
                0x20004b46                dsub_shim
 .text.dadd_shim
                0x20004b50      0x15c CMakeFiles/TuringForWorkshop.dir/home/chris/projects/rp2040/pico-sdk-2.1/src/rp2_common/pico_double/double_v1_rom_shim_rp2040.S.o
                0x20004b50                dadd_shim
 .text.dmul_shim
                0x20004cac      0x15c CMakeFiles/TuringForWorkshop.dir/home/chris/projects/rp2040/pico-sdk-2.1/src/rp2_common/pico_double/double_v1_rom_shim_rp2040.S.o
                0x20004cac                dmul_shim
 .text.ddiv_shim
                0x20004e08      0x1b0 CMakeFiles/TuringForWorkshop.dir/home/chris/projects/rp2040/pico-sdk-2.1/src/rp2_common/pico_double/double_v1_rom_shim_rp2040.S.o
                0x20004e08                ddiv_shim
 .text.double2uint_shim
                0x20004fb8        0xe CMakeFiles/TuringForWorkshop.dir/home/chris/projects/rp2040/pico-sdk-2.1/src/rp2_common/pico_double/double_v1_rom_shim_rp2040.S.o
                0x20004fb8                double2uint_shim
                0x20004fba                double2ufix_shim
 *fill*         0x20004fc6        0x2 
 .text.double2uint64_shim
                0x20004fc8       0x70 CMakeFiles/TuringForWorkshop.dir/home/chris/projects/rp2040/pico-sdk-2.1/src/rp2_common/pico_double/double_v1_rom_shim_rp2040.S.o
                0x20004fc8                double2uint64_shim
                0x20004fca                double2ufix64_shim
                0x20004fea                d2fix_a
 .text.dunpacks
                0x20005038       0x3c CMakeFiles/TuringForWorkshop.dir/home/chris/projects/rp2040/pico-sdk-2.1/src/rp2_common/pico_double/double_v1_rom_shim_rp2040.S.o
                0x20005038                dunpacks
 .text.__aeabi_lmul
                0x20005074       0x32 CMakeFiles/TuringForWorkshop.dir/home/chris/projects/rp2040/pico-sdk-2.1/src/rp2_common/pico_int64_ops/pico_int64_ops_aeabi.S.o
                0x20005074                __wrap___aeabi_lmul
 *fill*         0x200050a6        0x2 
 .text.__wrap___aeabi_farithmetic
                0x200050a8       0x48 CMakeFiles/TuringForWorkshop.dir/home/chris/projects/rp2040/pico-sdk-2.1/src/rp2_common/pico_float/float_aeabi_rp2040.S.o
                0x200050a8                __wrap___aeabi_frsub
                0x200050ae                __wrap___aeabi_fsub
                0x200050b4                __wrap___aeabi_fadd
                0x200050ba                __wrap___aeabi_fdiv
                0x200050e2                __wrap___aeabi_fmul
 .text.__wrap___aeabi_cfcmple
                0x200050f0       0x50 CMakeFiles/TuringForWorkshop.dir/home/chris/projects/rp2040/pico-sdk-2.1/src/rp2_common/pico_float/float_aeabi_rp2040.S.o
                0x200050f0                __wrap___aeabi_cfrcmple
                0x200050fc                __wrap___aeabi_cfcmpeq
                0x200050fc                __wrap___aeabi_cfcmple
 .text.__wrap___aeabi_fcmpeq
                0x20005140       0x10 CMakeFiles/TuringForWorkshop.dir/home/chris/projects/rp2040/pico-sdk-2.1/src/rp2_common/pico_float/float_aeabi_rp2040.S.o
                0x20005140                __wrap___aeabi_fcmpeq
 .text.__wrap___aeabi_i2f
                0x20005150       0x44 CMakeFiles/TuringForWorkshop.dir/home/chris/projects/rp2040/pico-sdk-2.1/src/rp2_common/pico_float/float_aeabi_rp2040.S.o
                0x20005150                int2float
                0x20005150                __wrap___aeabi_i2f
 .text.__wrap___aeabi_f2iz
                0x20005194       0x4e CMakeFiles/TuringForWorkshop.dir/home/chris/projects/rp2040/pico-sdk-2.1/src/rp2_common/pico_float/float_aeabi_rp2040.S.o
                0x20005194                __wrap___aeabi_f2iz
                0x20005194                float2int_z
 *fill*         0x200051e2        0x2 
 .text.float2int
                0x200051e4       0x14 CMakeFiles/TuringForWorkshop.dir/home/chris/projects/rp2040/pico-sdk-2.1/src/rp2_common/pico_float/float_aeabi_rp2040.S.o
                0x200051e4                float2int
 .text.__wrap___aeabi_f2uiz
                0x200051f8        0xc CMakeFiles/TuringForWorkshop.dir/home/chris/projects/rp2040/pico-sdk-2.1/src/rp2_common/pico_float/float_aeabi_rp2040.S.o
                0x200051f8                float2uint
                0x200051f8                float2uint_z
                0x200051f8                __wrap___aeabi_f2uiz
 .text.__aeabi_float_init
                0x20005204       0x64 CMakeFiles/TuringForWorkshop.dir/home/chris/projects/rp2040/pico-sdk-2.1/src/rp2_common/pico_float/float_init_rom_rp2040.c.o
                0x20005204                __aeabi_float_init
 .text.float_table_shim_on_use_helper
                0x20005268       0x2c CMakeFiles/TuringForWorkshop.dir/home/chris/projects/rp2040/pico-sdk-2.1/src/rp2_common/pico_float/float_v1_rom_shim_rp2040.S.o
                0x20005268                float_table_shim_on_use_helper
 .text.float232_shims
                0x20005294       0x18 CMakeFiles/TuringForWorkshop.dir/home/chris/projects/rp2040/pico-sdk-2.1/src/rp2_common/pico_float/float_v1_rom_shim_rp2040.S.o
                0x20005294                float2int_shim
                0x20005296                float2fix_shim
 .text.__wrap_malloc
                0x200052ac       0x3c CMakeFiles/TuringForWorkshop.dir/home/chris/projects/rp2040/pico-sdk-2.1/src/rp2_common/pico_malloc/malloc.c.o
                0x200052ac                __wrap_malloc
 .text.__wrap_realloc
                0x200052e8       0x40 CMakeFiles/TuringForWorkshop.dir/home/chris/projects/rp2040/pico-sdk-2.1/src/rp2_common/pico_malloc/malloc.c.o
                0x200052e8                __wrap_realloc
 .text.__wrap_free
                0x20005328       0x20 CMakeFiles/TuringForWorkshop.dir/home/chris/projects/rp2040/pico-sdk-2.1/src/rp2_common/pico_malloc/malloc.c.o
                0x20005328                __wrap_free
 .text          0x20005348       0x10 CMakeFiles/TuringForWorkshop.dir/home/chris/projects/rp2040/pico-sdk-2.1/src/rp2_common/pico_mem_ops/mem_ops_aeabi.S.o
                0x20005348                __aeabi_mem_init
 .text.memset   0x20005358        0xc CMakeFiles/TuringForWorkshop.dir/home/chris/projects/rp2040/pico-sdk-2.1/src/rp2_common/pico_mem_ops/mem_ops_aeabi.S.o
                0x20005358                __wrap_memset
 .text.memcpy   0x20005364        0xc CMakeFiles/TuringForWorkshop.dir/home/chris/projects/rp2040/pico-sdk-2.1/src/rp2_common/pico_mem_ops/mem_ops_aeabi.S.o
                0x20005364                __wrap___aeabi_memcpy
                0x20005364                __wrap_memcpy
 .text._ZdlPvj  0x20005370        0x8 CMakeFiles/TuringForWorkshop.dir/home/chris/projects/rp2040/pico-sdk-2.1/src/rp2_common/pico_cxx_options/new_delete.cpp.o
                0x20005370                operator delete(void*, unsigned int)
 .text._out_buffer
                0x20005378        0x8 CMakeFiles/TuringForWorkshop.dir/home/chris/projects/rp2040/pico-sdk-2.1/src/rp2_common/pico_printf/printf.c.o
 .text._out_null
                0x20005380        0x4 CMakeFiles/TuringForWorkshop.dir/home/chris/projects/rp2040/pico-sdk-2.1/src/rp2_common/pico_printf/printf.c.o
 .text._out_rev
                0x20005384       0x90 CMakeFiles/TuringForWorkshop.dir/home/chris/projects/rp2040/pico-sdk-2.1/src/rp2_common/pico_printf/printf.c.o
 .text._ntoa_format
                0x20005414      0x208 CMakeFiles/TuringForWorkshop.dir/home/chris/projects/rp2040/pico-sdk-2.1/src/rp2_common/pico_printf/printf.c.o
 .text._out_char
                0x2000561c       0x10 CMakeFiles/TuringForWorkshop.dir/home/chris/projects/rp2040/pico-sdk-2.1/src/rp2_common/pico_printf/printf.c.o
 .text._etoa    0x2000562c      0x464 CMakeFiles/TuringForWorkshop.dir/home/chris/projects/rp2040/pico-sdk-2.1/src/rp2_common/pico_printf/printf.c.o
 .text._ftoa    0x20005a90      0x3c4 CMakeFiles/TuringForWorkshop.dir/home/chris/projects/rp2040/pico-sdk-2.1/src/rp2_common/pico_printf/printf.c.o
 .text._vsnprintf
                0x20005e54      0xc18 CMakeFiles/TuringForWorkshop.dir/home/chris/projects/rp2040/pico-sdk-2.1/src/rp2_common/pico_printf/printf.c.o
 .text.__wrap_sprintf
                0x20006a6c       0x2c CMakeFiles/TuringForWorkshop.dir/home/chris/projects/rp2040/pico-sdk-2.1/src/rp2_common/pico_printf/printf.c.o
                0x20006a6c                __wrap_sprintf
 .text.weak_raw_vprintf
                0x20006a98       0x30 CMakeFiles/TuringForWorkshop.dir/home/chris/projects/rp2040/pico-sdk-2.1/src/rp2_common/pico_printf/printf.c.o
                0x20006a98                weak_raw_vprintf
 .text._exit    0x20006ac8        0x4 CMakeFiles/TuringForWorkshop.dir/home/chris/projects/rp2040/pico-sdk-2.1/src/rp2_common/pico_clib_interface/newlib_interface.c.o
                0x20006ac8                _exit
 .text._sbrk    0x20006acc       0x34 CMakeFiles/TuringForWorkshop.dir/home/chris/projects/rp2040/pico-sdk-2.1/src/rp2_common/pico_clib_interface/newlib_interface.c.o
                0x20006acc                _sbrk
 .text._getpid  0x20006b00        0x4 CMakeFiles/TuringForWorkshop.dir/home/chris/projects/rp2040/pico-sdk-2.1/src/rp2_common/pico_clib_interface/newlib_interface.c.o
                0x20006b00                _getpid
 .text._kill    0x20006b04        0x8 CMakeFiles/TuringForWorkshop.dir/home/chris/projects/rp2040/pico-sdk-2.1/src/rp2_common/pico_clib_interface/newlib_interface.c.o
                0x20006b04                _kill
 .text._read    0x20006b0c       0x24 CMakeFiles/TuringForWorkshop.dir/home/chris/projects/rp2040/pico-sdk-2.1/src/rp2_common/pico_clib_interface/newlib_interface.c.o
                0x20006b0c                _read
 .text._write   0x20006b30       0x24 CMakeFiles/TuringForWorkshop.dir/home/chris/projects/rp2040/pico-sdk-2.1/src/rp2_common/pico_clib_interface/newlib_interface.c.o
                0x20006b30                _write
 .text._close   0x20006b54        0x8 CMakeFiles/TuringForWorkshop.dir/home/chris/projects/rp2040/pico-sdk-2.1/src/rp2_common/pico_clib_interface/newlib_interface.c.o
                0x20006b54                _close
 .text._lseek   0x20006b5c        0x8 CMakeFiles/TuringForWorkshop.dir/home/chris/projects/rp2040/pico-sdk-2.1/src/rp2_common/pico_clib_interface/newlib_interface.c.o
                0x20006b5c                _lseek
 .text._fstat   0x20006b64        0x8 CMakeFiles/TuringForWorkshop.dir/home/chris/projects/rp2040/pico-sdk-2.1/src/rp2_common/pico_clib_interface/newlib_interface.c.o
                0x20006b64                _fstat
 .text._isatty  0x20006b6c        0xc CMakeFiles/TuringForWorkshop.dir/home/chris/projects/rp2040/pico-sdk-2.1/src/rp2_common/pico_clib_interface/newlib_interface.c.o
                0x20006b6c                _isatty
 .text.exit     0x20006b78        0x8 CMakeFiles/TuringForWorkshop.dir/home/chris/projects/rp2040/pico-sdk-2.1/src/rp2_common/pico_clib_interface/newlib_interface.c.o
                0x20006b78                exit
 .text.runtime_init
                0x20006b80       0x2c CMakeFiles/TuringForWorkshop.dir/home/chris/projects/rp2040/pico-sdk-2.1/src/rp2_common/pico_clib_interface/newlib_interface.c.o
                0x20006b80                runtime_init
 .text.stdio_out_chars_no_crlf
                0x20006bac       0x10 CMakeFiles/TuringForWorkshop.dir/home/chris/projects/rp2040/pico-sdk-2.1/src/rp2_common/pico_stdio/stdio.c.o
 .text.stdio_out_chars_crlf
                0x20006bbc       0x94 CMakeFiles/TuringForWorkshop.dir/home/chris/projects/rp2040/pico-sdk-2.1/src/rp2_common/pico_stdio/stdio.c.o
 .text.stdio_put_string
                0x20006c50      0x100 CMakeFiles/TuringForWorkshop.dir/home/chris/projects/rp2040/pico-sdk-2.1/src/rp2_common/pico_stdio/stdio.c.o
                0x20006c50                stdio_put_string
 .text.stdio_get_until
                0x20006d50       0x84 CMakeFiles/TuringForWorkshop.dir/home/chris/projects/rp2040/pico-sdk-2.1/src/rp2_common/pico_stdio/stdio.c.o
                0x20006d50                stdio_get_until
 .text.__wrap_putchar
                0x20006dd4       0x98 CMakeFiles/TuringForWorkshop.dir/home/chris/projects/rp2040/pico-sdk-2.1/src/rp2_common/pico_stdio/stdio.c.o
                0x20006dd4                stdio_putchar
                0x20006dd4                __wrap_putchar
 .text.__wrap_puts
                0x20006e6c       0x3c CMakeFiles/TuringForWorkshop.dir/home/chris/projects/rp2040/pico-sdk-2.1/src/rp2_common/pico_stdio/stdio.c.o
                0x20006e6c                __wrap_puts
                0x20006e6c                stdio_puts
 .text.stdio_usb_init
                0x20006ea8        0x4 CMakeFiles/TuringForWorkshop.dir/home/chris/projects/rp2040/pico-sdk-2.1/src/rp2_common/pico_stdio_usb/stdio_usb.c.o
                0x20006ea8                stdio_usb_init
 .text.dcd_init
                0x20006eac       0x90 CMakeFiles/TuringForWorkshop.dir/home/chris/projects/rp2040/pico-sdk-2.1/lib/tinyusb/src/portable/raspberrypi/rp2040/dcd_rp2040.c.o
                0x20006eac                dcd_init
 .text.dcd_int_enable
                0x20006f3c        0xc CMakeFiles/TuringForWorkshop.dir/home/chris/projects/rp2040/pico-sdk-2.1/lib/tinyusb/src/portable/raspberrypi/rp2040/dcd_rp2040.c.o
                0x20006f3c                dcd_int_enable
 .text.dcd_set_address
                0x20006f48       0x14 CMakeFiles/TuringForWorkshop.dir/home/chris/projects/rp2040/pico-sdk-2.1/lib/tinyusb/src/portable/raspberrypi/rp2040/dcd_rp2040.c.o
                0x20006f48                dcd_set_address
 .text.dcd_sof_enable
                0x20006f5c       0x1c CMakeFiles/TuringForWorkshop.dir/home/chris/projects/rp2040/pico-sdk-2.1/lib/tinyusb/src/portable/raspberrypi/rp2040/dcd_rp2040.c.o
                0x20006f5c                dcd_sof_enable
 .text.dcd_edpt0_status_complete
                0x20006f78       0x1c CMakeFiles/TuringForWorkshop.dir/home/chris/projects/rp2040/pico-sdk-2.1/lib/tinyusb/src/portable/raspberrypi/rp2040/dcd_rp2040.c.o
                0x20006f78                dcd_edpt0_status_complete
 .text.dcd_edpt_open
                0x20006f94      0x114 CMakeFiles/TuringForWorkshop.dir/home/chris/projects/rp2040/pico-sdk-2.1/lib/tinyusb/src/portable/raspberrypi/rp2040/dcd_rp2040.c.o
                0x20006f94                dcd_edpt_open
 .text.dcd_edpt_close_all
                0x200070a8        0x8 CMakeFiles/TuringForWorkshop.dir/home/chris/projects/rp2040/pico-sdk-2.1/lib/tinyusb/src/portable/raspberrypi/rp2040/dcd_rp2040.c.o
                0x200070a8                dcd_edpt_close_all
 .text.dcd_edpt_xfer
                0x200070b0       0x24 CMakeFiles/TuringForWorkshop.dir/home/chris/projects/rp2040/pico-sdk-2.1/lib/tinyusb/src/portable/raspberrypi/rp2040/dcd_rp2040.c.o
                0x200070b0                dcd_edpt_xfer
 .text.dcd_edpt_stall
                0x200070d4       0x34 CMakeFiles/TuringForWorkshop.dir/home/chris/projects/rp2040/pico-sdk-2.1/lib/tinyusb/src/portable/raspberrypi/rp2040/dcd_rp2040.c.o
                0x200070d4                dcd_edpt_stall
 .text.dcd_edpt_clear_stall
                0x20007108       0x30 CMakeFiles/TuringForWorkshop.dir/home/chris/projects/rp2040/pico-sdk-2.1/lib/tinyusb/src/portable/raspberrypi/rp2040/dcd_rp2040.c.o
                0x20007108                dcd_edpt_clear_stall
 .text.rp2040_usb_init
                0x20007138       0x40 CMakeFiles/TuringForWorkshop.dir/home/chris/projects/rp2040/pico-sdk-2.1/lib/tinyusb/src/portable/raspberrypi/rp2040/rp2040_usb.c.o
                0x20007138                rp2040_usb_init
 .text.hw_endpoint_xfer_start
                0x20007178       0x40 CMakeFiles/TuringForWorkshop.dir/home/chris/projects/rp2040/pico-sdk-2.1/lib/tinyusb/src/portable/raspberrypi/rp2040/rp2040_usb.c.o
                0x20007178                hw_endpoint_xfer_start
 .text.tud_vendor_control_xfer_cb
                0x200071b8        0x4 CMakeFiles/TuringForWorkshop.dir/home/chris/projects/rp2040/pico-sdk-2.1/lib/tinyusb/src/device/usbd.c.o
                0x200071b8                tud_vendor_control_xfer_cb
 .text.tud_event_hook_cb
                0x200071bc        0x4 CMakeFiles/TuringForWorkshop.dir/home/chris/projects/rp2040/pico-sdk-2.1/lib/tinyusb/src/device/usbd.c.o
                0x200071bc                tud_event_hook_cb
 .text.tud_sof_cb
                0x200071c0        0x4 CMakeFiles/TuringForWorkshop.dir/home/chris/projects/rp2040/pico-sdk-2.1/lib/tinyusb/src/device/usbd.c.o
                0x200071c0                tud_sof_cb
 .text.tud_descriptor_bos_cb
                0x200071c4        0x4 CMakeFiles/TuringForWorkshop.dir/home/chris/projects/rp2040/pico-sdk-2.1/lib/tinyusb/src/device/usbd.c.o
                0x200071c4                tud_descriptor_bos_cb
 .text.tud_descriptor_device_qualifier_cb
                0x200071c8        0x4 CMakeFiles/TuringForWorkshop.dir/home/chris/projects/rp2040/pico-sdk-2.1/lib/tinyusb/src/device/usbd.c.o
                0x200071c8                tud_descriptor_device_qualifier_cb
 .text.tud_descriptor_other_speed_configuration_cb
                0x200071cc        0x4 CMakeFiles/TuringForWorkshop.dir/home/chris/projects/rp2040/pico-sdk-2.1/lib/tinyusb/src/device/usbd.c.o
                0x200071cc                tud_descriptor_other_speed_configuration_cb
 .text.tud_mount_cb
                0x200071d0        0x4 CMakeFiles/TuringForWorkshop.dir/home/chris/projects/rp2040/pico-sdk-2.1/lib/tinyusb/src/device/usbd.c.o
                0x200071d0                tud_mount_cb
 .text.tud_umount_cb
                0x200071d4        0x4 CMakeFiles/TuringForWorkshop.dir/home/chris/projects/rp2040/pico-sdk-2.1/lib/tinyusb/src/device/usbd.c.o
                0x200071d4                tud_umount_cb
 .text.tud_suspend_cb
                0x200071d8        0x4 CMakeFiles/TuringForWorkshop.dir/home/chris/projects/rp2040/pico-sdk-2.1/lib/tinyusb/src/device/usbd.c.o
                0x200071d8                tud_suspend_cb
 .text.tud_resume_cb
                0x200071dc        0x4 CMakeFiles/TuringForWorkshop.dir/home/chris/projects/rp2040/pico-sdk-2.1/lib/tinyusb/src/device/usbd.c.o
                0x200071dc                tud_resume_cb
 .text.tud_rhport_init
                0x200071e0       0xf4 CMakeFiles/TuringForWorkshop.dir/home/chris/projects/rp2040/pico-sdk-2.1/lib/tinyusb/src/device/usbd.c.o
                0x200071e0                tud_rhport_init
 .text.tud_task_ext
                0x200072d4      0x7e4 CMakeFiles/TuringForWorkshop.dir/home/chris/projects/rp2040/pico-sdk-2.1/lib/tinyusb/src/device/usbd.c.o
                0x200072d4                tud_task_ext
 .text.usbd_edpt_open
                0x20007ab8       0x34 CMakeFiles/TuringForWorkshop.dir/home/chris/projects/rp2040/pico-sdk-2.1/lib/tinyusb/src/device/usbd.c.o
                0x20007ab8                usbd_edpt_open
 .text.usbd_edpt_claim
                0x20007aec       0x28 CMakeFiles/TuringForWorkshop.dir/home/chris/projects/rp2040/pico-sdk-2.1/lib/tinyusb/src/device/usbd.c.o
                0x20007aec                usbd_edpt_claim
 .text.usbd_edpt_release
                0x20007b14       0x28 CMakeFiles/TuringForWorkshop.dir/home/chris/projects/rp2040/pico-sdk-2.1/lib/tinyusb/src/device/usbd.c.o
                0x20007b14                usbd_edpt_release
 .text.usbd_edpt_xfer
                0x20007b3c       0x4c CMakeFiles/TuringForWorkshop.dir/home/chris/projects/rp2040/pico-sdk-2.1/lib/tinyusb/src/device/usbd.c.o
                0x20007b3c                usbd_edpt_xfer
 .text.tud_control_status
                0x20007b88       0x2c CMakeFiles/TuringForWorkshop.dir/home/chris/projects/rp2040/pico-sdk-2.1/lib/tinyusb/src/device/usbd_control.c.o
                0x20007b88                tud_control_status
 .text.tud_control_xfer
                0x20007bb4       0xac CMakeFiles/TuringForWorkshop.dir/home/chris/projects/rp2040/pico-sdk-2.1/lib/tinyusb/src/device/usbd_control.c.o
                0x20007bb4                tud_control_xfer
 .text.usbd_control_reset
                0x20007c60       0x14 CMakeFiles/TuringForWorkshop.dir/home/chris/projects/rp2040/pico-sdk-2.1/lib/tinyusb/src/device/usbd_control.c.o
                0x20007c60                usbd_control_reset
 .text.usbd_control_set_complete_callback
                0x20007c74        0xc CMakeFiles/TuringForWorkshop.dir/home/chris/projects/rp2040/pico-sdk-2.1/lib/tinyusb/src/device/usbd_control.c.o
                0x20007c74                usbd_control_set_complete_callback
 .text.usbd_control_set_request
                0x20007c80       0x1c CMakeFiles/TuringForWorkshop.dir/home/chris/projects/rp2040/pico-sdk-2.1/lib/tinyusb/src/device/usbd_control.c.o
                0x20007c80                usbd_control_set_request
 .text.usbd_control_xfer_cb
                0x20007c9c       0xec CMakeFiles/TuringForWorkshop.dir/home/chris/projects/rp2040/pico-sdk-2.1/lib/tinyusb/src/device/usbd_control.c.o
                0x20007c9c                usbd_control_xfer_cb
 .text.write_flush
                0x20007d88       0x64 CMakeFiles/TuringForWorkshop.dir/home/chris/projects/rp2040/pico-sdk-2.1/lib/tinyusb/src/class/midi/midi_device.c.o
 .text.tud_midi_n_mounted
                0x20007dec       0x20 CMakeFiles/TuringForWorkshop.dir/home/chris/projects/rp2040/pico-sdk-2.1/lib/tinyusb/src/class/midi/midi_device.c.o
                0x20007dec                tud_midi_n_mounted
 .text.tud_midi_n_available
                0x20007e0c       0x24 CMakeFiles/TuringForWorkshop.dir/home/chris/projects/rp2040/pico-sdk-2.1/lib/tinyusb/src/class/midi/midi_device.c.o
                0x20007e0c                tud_midi_n_available
 .text.tud_midi_n_stream_read
                0x20007e30      0x124 CMakeFiles/TuringForWorkshop.dir/home/chris/projects/rp2040/pico-sdk-2.1/lib/tinyusb/src/class/midi/midi_device.c.o
                0x20007e30                tud_midi_n_stream_read
 .text.tud_midi_n_stream_write
                0x20007f54      0x1bc CMakeFiles/TuringForWorkshop.dir/home/chris/projects/rp2040/pico-sdk-2.1/lib/tinyusb/src/class/midi/midi_device.c.o
                0x20007f54                tud_midi_n_stream_write
 .text.midid_init
                0x20008110       0x5c CMakeFiles/TuringForWorkshop.dir/home/chris/projects/rp2040/pico-sdk-2.1/lib/tinyusb/src/class/midi/midi_device.c.o
                0x20008110                midid_init
 .text.midid_deinit
                0x2000816c       0x30 CMakeFiles/TuringForWorkshop.dir/home/chris/projects/rp2040/pico-sdk-2.1/lib/tinyusb/src/class/midi/midi_device.c.o
                0x2000816c                midid_deinit
 .text.midid_reset