Archive member included to satisfy reference by file (symbol)

/Users/tom/.pico-sdk/toolchain/14_2_Rel1/bin/../lib/gcc/arm-none-eabi/14.2.1/../../../../arm-none-eabi/lib/thumb/v6-m/nofp/libstdc++.a(guard.o)
                              CMakeFiles/TuringForWorkshop.dir/main.cpp.o (__cxa_guard_acquire)
/Users/tom/.pico-sdk/toolchain/14_2_Rel1/bin/../lib/gcc/arm-none-eabi/14.2.1/../../../../arm-none-eabi/lib/thumb/v6-m/nofp/libstdc++.a(guard_error.o)
                              /Users/tom/.pico-sdk/toolchain/14_2_Rel1/bin/../lib/gcc/arm-none-eabi/14.2.1/../../../../arm-none-eabi/lib/thumb/v6-m/nofp/libstdc++.a(guard.o) (__gnu_cxx::recursive_init_error::~recursive_init_error())
/Users/tom/.pico-sdk/toolchain/14_2_Rel1/bin/../lib/gcc/arm-none-eabi/14.2.1/../../../../arm-none-eabi/lib/thumb/v6-m/nofp/libstdc++.a(si_class_type_info.o)
                              /Users/tom/.pico-sdk/toolchain/14_2_Rel1/bin/../lib/gcc/arm-none-eabi/14.2.1/../../../../arm-none-eabi/lib/thumb/v6-m/nofp/libstdc++.a(guard_error.o) (vtable for __cxxabiv1::__si_class_type_info)
/Users/tom/.pico-sdk/toolchain/14_2_Rel1/bin/../lib/gcc/arm-none-eabi/14.2.1/../../../../arm-none-eabi/lib/thumb/v6-m/nofp/libstdc++.a(tinfo.o)
                              /Users/tom/.pico-sdk/toolchain/14_2_Rel1/bin/../lib/gcc/arm-none-eabi/14.2.1/../../../../arm-none-eabi/lib/thumb/v6-m/nofp/libstdc++.a(si_class_type_info.o) (std::type_info::__is_pointer_p() const)
/Users/tom/.pico-sdk/toolchain/14_2_Rel1/bin/../lib/gcc/arm-none-eabi/14.2.1/../../../../arm-none-eabi/lib/thumb/v6-m/nofp/libstdc++.a(class_type_info.o)
                              /Users/tom/.pico-sdk/toolchain/14_2_Rel1/bin/../lib/gcc/arm-none-eabi/14.2.1/../../../../arm-none-eabi/lib/thumb/v6-m/nofp/libstdc++.a(si_class_type_info.o) (__cxxabiv1::__class_type_info::__do_upcast(__cxxabiv1::__class_type_info const*, void**) const)
/Users/tom/.pico-sdk/toolchain/14_2_Rel1/bin/../lib/gcc/arm-none-eabi/14.2.1/../../../../arm-none-eabi/lib/thumb/v6-m/nofp/libstdc++.a(eh_alloc.o)
                              /Users/tom/.pico-sdk/toolchain/14_2_Rel1/bin/../lib/gcc/arm-none-eabi/14.2.1/../../../../arm-none-eabi/lib/thumb/v6-m/nofp/libstdc++.a(guard.o) (__cxa_allocate_exception)
/Users/tom/.pico-sdk/toolchain/14_2_Rel1/bin/../lib/gcc/arm-none-eabi/14.2.1/../../../../arm-none-eabi/lib/thumb/v6-m/nofp/libstdc++.a(eh_exception.o)
                              /Users/tom/.pico-sdk/toolchain/14_2_Rel1/bin/../lib/gcc/arm-none-eabi/14.2.1/../../../../arm-none-eabi/lib/thumb/v6-m/nofp/libstdc++.a(guard_error.o) (std::exception::~exception())
/Users/tom/.pico-sdk/toolchain/14_2_Rel1/bin/../lib/gcc/arm-none-eabi/14.2.1/../../../../arm-none-eabi/lib/thumb/v6-m/nofp/libstdc++.a(eh_terminate.o)
                              /Users/tom/.pico-sdk/toolchain/14_2_Rel1/bin/../lib/gcc/arm-none-eabi/14.2.1/../../../../arm-none-eabi/lib/thumb/v6-m/nofp/libstdc++.a(eh_alloc.o) (std::terminate())
/Users/tom/.pico-sdk/toolchain/14_2_Rel1/bin/../lib/gcc/arm-none-eabi/14.2.1/../../../../arm-none-eabi/lib/thumb/v6-m/nofp/libstdc++.a(eh_throw.o)
                              /Users/tom/.pico-sdk/toolchain/14_2_Rel1/bin/../lib/gcc/arm-none-eabi/14.2.1/../../../../arm-none-eabi/lib/thumb/v6-m/nofp/libstdc++.a(guard.o) (__cxa_throw)
/Users/tom/.pico-sdk/toolchain/14_2_Rel1/bin/../lib/gcc/arm-none-eabi/14.2.1/../../../../arm-none-eabi/lib/thumb/v6-m/nofp/libstdc++.a(eh_unex_handler.o)
                              /Users/tom/.pico-sdk/toolchain/14_2_Rel1/bin/../lib/gcc/arm-none-eabi/14.2.1/../../../../arm-none-eabi/lib/thumb/v6-m/nofp/libstdc++.a(eh_terminate.o) (__cxxabiv1::__unexpected_handler)
/Users/tom/.pico-sdk/toolchain/14_2_Rel1/bin/../lib/gcc/arm-none-eabi/14.2.1/../../../../arm-none-eabi/lib/thumb/v6-m/nofp/libstdc++.a(vterminate.o)
                              /Users/tom/.pico-sdk/toolchain/14_2_Rel1/bin/../lib/gcc/arm-none-eabi/14.2.1/../../../../arm-none-eabi/lib/thumb/v6-m/nofp/libstdc++.a(eh_terminate.o) (__gnu_cxx::__verbose_terminate_handler())
/Users/tom/.pico-sdk/toolchain/14_2_Rel1/bin/../lib/gcc/arm-none-eabi/14.2.1/../../../../arm-none-eabi/lib/thumb/v6-m/nofp/libstdc++.a(cp-demangle.o)
                              /Users/tom/.pico-sdk/toolchain/14_2_Rel1/bin/../lib/gcc/arm-none-eabi/14.2.1/../../../../arm-none-eabi/lib/thumb/v6-m/nofp/libstdc++.a(vterminate.o) (__cxa_demangle)
/Users/tom/.pico-sdk/toolchain/14_2_Rel1/bin/../lib/gcc/arm-none-eabi/14.2.1/../../../../arm-none-eabi/lib/thumb/v6-m/nofp/libstdc++.a(eh_arm.o)
                              /Users/tom/.pico-sdk/toolchain/14_2_Rel1/bin/../lib/gcc/arm-none-eabi/14.2.1/../../../../arm-none-eabi/lib/thumb/v6-m/nofp/libstdc++.a(vterminate.o) (__cxa_end_cleanup)
/Users/tom/.pico-sdk/toolchain/14_2_Rel1/bin/../lib/gcc/arm-none-eabi/14.2.1/../../../../arm-none-eabi/lib/thumb/v6-m/nofp/libstdc++.a(eh_catch.o)
[...]
Memory Configuration

Name             Origin             Length             Attributes
FLASH            0x10000000         0x00200000         xr
RAM              0x20000000         0x00040000         xrw
SCRATCH_X        0x20040000         0x00001000         xrw
SCRATCH_Y        0x20041000         0x00001000         xrw
*default*        0x00000000         0xffffffff

Linker script and memory map

LOAD /Users/tom/.pico-sdk/toolchain/14_2_Rel1/bin/../lib/gcc/arm-none-eabi/14.2.1/thumb/v6-m/nofp/crti.o
LOAD /Users/tom/.pico-sdk/toolchain/14_2_Rel1/bin/../lib/gcc/arm-none-eabi/14.2.1/thumb/v6-m/nofp/crtbegin.o
LOAD /Users/tom/.pico-sdk/toolchain/14_2_Rel1/bin/../lib/gcc/arm-none-eabi/14.2.1/../../../../arm-none-eabi/lib/thumb/v6-m/nofp/crt0.o

.flash_begin    0x10000000        0x0
                0x10000000                        __flash_binary_start = .

.boot2          0x10000000      0x100
                0x10000000                        __boot2_start__ = .
 *(.boot2)
 .boot2         0x10000000      0x100 pico-sdk/src/rp2040/boot_stage2/CMakeFiles/bs2_default_library.dir/./bs2_default_padded_checksummed.S.o
                0x10000100                        __boot2_end__ = .
                0x00000001                        ASSERT (((__boot2_end__ - __boot2_start__) == 0x100), ERROR: Pico second stage bootloader must be 256 bytes in size)

.flashtext      0x10000100      0x190
                0x10000100                        __logical_binary_start = .
 *(.vectors)
 .vectors       0x10000100       0xd4 CMakeFiles/TuringForWorkshop.dir/Users/tom/.pico-sdk/sdk/2.1.1/src/rp2_common/pico_crt0/crt0.S.o
                0x10000100                __VECTOR_TABLE
                0x10000100                __vectors
                0x100001c0                __default_isrs_start
                0x100001c0                isr_invalid
                0x100001c2                isr_nmi
                0x100001c4                isr_hardfault
                0x100001c6                isr_svcall
                0x100001c8                isr_pendsv
                0x100001ca                isr_systick
                0x100001cc                isr_irq28
                0x100001cc                isr_irq19
                0x100001cc                isr_irq0
                0x100001cc                isr_irq6
                0x100001cc                isr_irq22
                0x100001cc                isr_irq17
                0x100001cc                isr_irq14
                0x100001cc                isr_irq2
                0x100001cc                isr_irq10
                0x100001cc                isr_irq8
                0x100001cc                isr_irq24
                0x100001cc                isr_irq1
                0x100001cc                isr_irq7
                0x100001cc                isr_irq21
                0x100001cc                isr_irq20
                0x100001cc                isr_irq15
                0x100001cc                isr_irq25
                0x100001cc                isr_irq4
                0x100001cc                isr_irq16
                0x100001cc                isr_irq29
                0x100001cc                isr_irq26
                0x100001cc                __default_isrs_end
                0x100001cc                isr_irq3
                0x100001cc                isr_irq9
                0x100001cc                __unhandled_user_irq
                0x100001cc                isr_irq13
                0x100001cc                isr_irq27
                0x100001cc                isr_irq31
                0x100001cc                isr_irq5
                0x100001cc                isr_irq11
                0x100001cc                isr_irq23
                0x100001cc                isr_irq18
                0x100001cc                isr_irq30
                0x100001cc                isr_irq12
                0x100001d2                unhandled_user_irq_num_in_r0
 *(.binary_info_header)
 .binary_info_header
                0x100001d4       0x14 CMakeFiles/TuringForWorkshop.dir/Users/tom/.pico-sdk/sdk/2.1.1/src/rp2_common/pico_crt0/crt0.S.o
                0x100001e8                        __binary_info_header_end = .
 *(.embedded_block)
                0x100001e8                        __embedded_block_end = .
 *(.reset)
 .reset         0x100001e8       0xa8 CMakeFiles/TuringForWorkshop.dir/Users/tom/.pico-sdk/sdk/2.1.1/src/rp2_common/pico_crt0/crt0.S.o
                0x100001e8                _entry_point

.rodata         0x10000290        0x0
 *(SORT_BY_ALIGNMENT(SORT_BY_NAME(.flashdata*)))
                0x10000290                        . = ALIGN (0x4)

.ARM.extab      0x10000290       0xf0
 *(.ARM.extab* .gnu.linkonce.armextab.*)
 .ARM.extab.text._ZN10__cxxabiv111__terminateEPFvvE
                0x10000290       0x18 /Users/tom/.pico-sdk/toolchain/14_2_Rel1/bin/../lib/gcc/arm-none-eabi/14.2.1/../../../../arm-none-eabi/lib/thumb/v6-m/nofp/libstdc++.a(eh_terminate.o)
 .ARM.extab.text._ZN9__gnu_cxx27__verbose_terminate_handlerEv
                0x100002a8       0x34 /Users/tom/.pico-sdk/toolchain/14_2_Rel1/bin/../lib/gcc/arm-none-eabi/14.2.1/../../../../arm-none-eabi/lib/thumb/v6-m/nofp/libstdc++.a(vterminate.o)
 .ARM.extab.text.__cxa_type_match
                0x100002dc        0xc /Users/tom/.pico-sdk/toolchain/14_2_Rel1/bin/../lib/gcc/arm-none-eabi/14.2.1/../../../../arm-none-eabi/lib/thumb/v6-m/nofp/libstdc++.a(eh_arm.o)
 .ARM.extab.text.__cxa_begin_catch
                0x100002e8        0xc /Users/tom/.pico-sdk/toolchain/14_2_Rel1/bin/../lib/gcc/arm-none-eabi/14.2.1/../../../../arm-none-eabi/lib/thumb/v6-m/nofp/libstdc++.a(eh_catch.o)
 .ARM.extab.text.__gxx_personality_v0
                0x100002f4       0x28 /Users/tom/.pico-sdk/toolchain/14_2_Rel1/bin/../lib/gcc/arm-none-eabi/14.2.1/../../../../arm-none-eabi/lib/thumb/v6-m/nofp/libstdc++.a(eh_personality.o)
 .ARM.extab.text.unlikely.__cxa_call_unexpected
                0x1000031c       0x28 /Users/tom/.pico-sdk/toolchain/14_2_Rel1/bin/../lib/gcc/arm-none-eabi/14.2.1/../../../../arm-none-eabi/lib/thumb/v6-m/nofp/libstdc++.a(eh_call.o)
 .ARM.extab.text.unwind_phase2_forced
                0x10000344        0xc /Users/tom/.pico-sdk/toolchain/14_2_Rel1/bin/../lib/gcc/arm-none-eabi/14.2.1/thumb/v6-m/nofp/libgcc.a(unwind-arm.o)
 .ARM.extab.text.__gnu_Unwind_Backtrace
                0x10000350        0xc /Users/tom/.pico-sdk/toolchain/14_2_Rel1/bin/../lib/gcc/arm-none-eabi/14.2.1/thumb/v6-m/nofp/libgcc.a(unwind-arm.o)
 .ARM.extab.text.__gnu_unwind_pr_common
                0x1000035c        0xc /Users/tom/.pico-sdk/toolchain/14_2_Rel1/bin/../lib/gcc/arm-none-eabi/14.2.1/thumb/v6-m/nofp/libgcc.a(unwind-arm.o)
 .ARM.extab.text._Unwind_VRS_Pop
                0x10000368        0xc /Users/tom/.pico-sdk/toolchain/14_2_Rel1/bin/../lib/gcc/arm-none-eabi/14.2.1/thumb/v6-m/nofp/libgcc.a(unwind-arm.o)
 .ARM.extab.text.__gnu_unwind_execute
                0x10000374        0xc /Users/tom/.pico-sdk/toolchain/14_2_Rel1/bin/../lib/gcc/arm-none-eabi/14.2.1/thumb/v6-m/nofp/libgcc.a(pr-support.o)
                0x10000380                        __exidx_start = .

.ARM.exidx      0x10000380      0x1b8
 *(.ARM.exidx* .gnu.linkonce.armexidx.*)
 .ARM.exidx.text.__cxa_guard_acquire
                0x10000380        0x8 /Users/tom/.pico-sdk/toolchain/14_2_Rel1/bin/../lib/gcc/arm-none-eabi/14.2.1/../../../../arm-none-eabi/lib/thumb/v6-m/nofp/libstdc++.a(guard.o)
 .ARM.exidx.text.__cxa_guard_release
                0x10000388        0x8 /Users/tom/.pico-sdk/toolchain/14_2_Rel1/bin/../lib/gcc/arm-none-eabi/14.2.1/../../../../arm-none-eabi/lib/thumb/v6-m/nofp/libstdc++.a(guard.o)
 .ARM.exidx.text._ZN9__gnu_cxx20recursive_init_errorD2Ev
                0x10000390        0x0 /Users/tom/.pico-sdk/toolchain/14_2_Rel1/bin/../lib/gcc/arm-none-eabi/14.2.1/../../../../arm-none-eabi/lib/thumb/v6-m/nofp/libstdc++.a(guard_error.o)
                                  0x8 (size before relaxing)
 .ARM.exidx.text._ZN9__gnu_cxx20recursive_init_errorD0Ev
                0x10000390        0x0 /Users/tom/.pico-sdk/toolchain/14_2_Rel1/bin/../lib/gcc/arm-none-eabi/14.2.1/../../../../arm-none-eabi/lib/thumb/v6-m/nofp/libstdc++.a(guard_error.o)
                                  0x8 (size before relaxing)
 .ARM.exidx.text._ZN9__gnu_cxx20recursive_init_errorC2Ev
                0x10000390        0x0 /Users/tom/.pico-sdk/toolchain/14_2_Rel1/bin/../lib/gcc/arm-none-eabi/14.2.1/../../../../arm-none-eabi/lib/thumb/v6-m/nofp/libstdc++.a(guard_error.o)
                                  0x8 (size before relaxing)
 .ARM.exidx.text._ZN10__cxxabiv120__si_class_type_infoD2Ev
                0x10000390        0x0 /Users/tom/.pico-sdk/toolchain/14_2_Rel1/bin/../lib/gcc/arm-none-eabi/14.2.1/../../../../arm-none-eabi/lib/thumb/v6-m/nofp/libstdc++.a(si_class_type_info.o)
                                  0x8 (size before relaxing)
 .ARM.exidx.text._ZN10__cxxabiv120__si_class_type_infoD0Ev
                0x10000390        0x0 /Users/tom/.pico-sdk/toolchain/14_2_Rel1/bin/../lib/gcc/arm-none-eabi/14.2.1/../../../../arm-none-eabi/lib/thumb/v6-m/nofp/libstdc++.a(si_class_type_info.o)
                                  0x8 (size before relaxing)
 .ARM.exidx.text._ZNK10__cxxabiv120__si_class_type_info20__do_find_public_srcEiPKvPKNS_17__class_type_infoES2_
                0x10000390        0x8 /Users/tom/.pico-sdk/toolchain/14_2_Rel1/bin/../lib/gcc/arm-none-eabi/14.2.1/../../../../arm-none-eabi/lib/thumb/v6-m/nofp/libstdc++.a(si_class_type_info.o)
 .ARM.exidx.text._ZNK10__cxxabiv120__si_class_type_info12__do_dyncastEiNS_17__class_type_info10__sub_kindEPKS1_PKvS4_S6_RNS1_16__dyncast_resultE
                0x10000398        0x8 /Users/tom/.pico-sdk/toolchain/14_2_Rel1/bin/../lib/gcc/arm-none-eabi/14.2.1/../../../../arm-none-eabi/lib/thumb/v6-m/nofp/libstdc++.a(si_class_type_info.o)
 .ARM.exidx.text._ZNK10__cxxabiv120__si_class_type_info11__do_upcastEPKNS_17__class_type_infoEPKvRNS1_15__upcast_resultE
                0x100003a0        0x8 /Users/tom/.pico-sdk/toolchain/14_2_Rel1/bin/../lib/gcc/arm-none-eabi/14.2.1/../../../../arm-none-eabi/lib/thumb/v6-m/nofp/libstdc++.a(si_class_type_info.o)
 .ARM.exidx.text._ZNSt9type_infoD2Ev
                0x100003a8        0x8 /Users/tom/.pico-sdk/toolchain/14_2_Rel1/bin/../lib/gcc/arm-none-eabi/14.2.1/../../../../arm-none-eabi/lib/thumb/v6-m/nofp/libstdc++.a(tinfo.o)
 .ARM.exidx.text._ZNKSt9type_info14__is_pointer_pEv
                0x100003b0        0x0 /Users/tom/.pico-sdk/toolchain/14_2_Rel1/bin/../lib/gcc/arm-none-eabi/14.2.1/../../../../arm-none-eabi/lib/thumb/v6-m/nofp/libstdc++.a(tinfo.o)
                                  0x8 (size before relaxing)
 .ARM.exidx.text._ZNKSt9type_infoeqERKS_
                0x100003b0        0x0 /Users/tom/.pico-sdk/toolchain/14_2_Rel1/bin/../lib/gcc/arm-none-eabi/14.2.1/../../../../arm-none-eabi/lib/thumb/v6-m/nofp/libstdc++.a(tinfo.o)
                                  0x8 (size before relaxing)
 .ARM.exidx.text._ZNK10__cxxabiv117__class_type_info11__do_upcastEPKS0_PPv
                0x100003b0        0x8 /Users/tom/.pico-sdk/toolchain/14_2_Rel1/bin/../lib/gcc/arm-none-eabi/14.2.1/../../../../arm-none-eabi/lib/thumb/v6-m/nofp/libstdc++.a(class_type_info.o)
 .ARM.exidx.text._ZNK10__cxxabiv117__class_type_info20__do_find_public_srcEiPKvPKS0_S2_
                0x100003b8        0x8 /Users/tom/.pico-sdk/toolchain/14_2_Rel1/bin/../lib/gcc/arm-none-eabi/14.2.1/../../../../arm-none-eabi/lib/thumb/v6-m/nofp/libstdc++.a(class_type_info.o)
 .ARM.exidx.text._ZN10__cxxabiv117__class_type_infoD2Ev
                0x100003c0        0x0 /Users/tom/.pico-sdk/toolchain/14_2_Rel1/bin/../lib/gcc/arm-none-eabi/14.2.1/../../../../arm-none-eabi/lib/thumb/v6-m/nofp/libstdc++.a(class_type_info.o)
                                  0x8 (size before relaxing)
 .ARM.exidx.text._ZN10__cxxabiv117__class_type_infoD0Ev
                0x100003c0        0x0 /Users/tom/.pico-sdk/toolchain/14_2_Rel1/bin/../lib/gcc/arm-none-eabi/14.2.1/../../../../arm-none-eabi/lib/thumb/v6-m/nofp/libstdc++.a(class_type_info.o)
                                  0x8 (size before relaxing)
 .ARM.exidx.text._ZNK10__cxxabiv117__class_type_info12__do_dyncastEiNS0_10__sub_kindEPKS0_PKvS3_S5_RNS0_16__dyncast_resultE
                0x100003c0        0x0 /Users/tom/.pico-sdk/toolchain/14_2_Rel1/bin/../lib/gcc/arm-none-eabi/14.2.1/../../../../arm-none-eabi/lib/thumb/v6-m/nofp/libstdc++.a(class_type_info.o)
                                  0x8 (size before relaxing)
 .ARM.exidx.text._ZNK10__cxxabiv117__class_type_info11__do_upcastEPKS0_PKvRNS0_15__upcast_resultE
                0x100003c0        0x0 /Users/tom/.pico-sdk/toolchain/14_2_Rel1/bin/../lib/gcc/arm-none-eabi/14.2.1/../../../../arm-none-eabi/lib/thumb/v6-m/nofp/libstdc++.a(class_type_info.o)
                                  0x8 (size before relaxing)
 .ARM.exidx.text._ZNK10__cxxabiv117__class_type_info10__do_catchEPKSt9type_infoPPvj
                0x100003c0        0x8 /Users/tom/.pico-sdk/toolchain/14_2_Rel1/bin/../lib/gcc/arm-none-eabi/14.2.1/../../../../arm-none-eabi/lib/thumb/v6-m/nofp/libstdc++.a(class_type_info.o)
 .ARM.exidx.text._ZN12_GLOBAL__N_14pool4freeEPv.constprop.0
                0x100003c8        0x8 /Users/tom/.pico-sdk/toolchain/14_2_Rel1/bin/../lib/gcc/arm-none-eabi/14.2.1/../../../../arm-none-eabi/lib/thumb/v6-m/nofp/libstdc++.a(eh_alloc.o)
 .ARM.exidx.text._ZN12_GLOBAL__N_14pool8allocateEj.constprop.0
                0x100003d0        0x0 /Users/tom/.pico-sdk/toolchain/14_2_Rel1/bin/../lib/gcc/arm-none-eabi/14.2.1/../../../../arm-none-eabi/lib/thumb/v6-m/nofp/libstdc++.a(eh_alloc.o)
                                  0x8 (size before relaxing)
 .ARM.exidx.text.__cxa_allocate_exception
                0x100003d0        0x0 /Users/tom/.pico-sdk/toolchain/14_2_Rel1/bin/../lib/gcc/arm-none-eabi/14.2.1/../../../../arm-none-eabi/lib/thumb/v6-m/nofp/libstdc++.a(eh_alloc.o)
                                  0x8 (size before relaxing)
 .ARM.exidx.text.__cxa_free_exception
                0x100003d0        0x0 /Users/tom/.pico-sdk/toolchain/14_2_Rel1/bin/../lib/gcc/arm-none-eabi/14.2.1/../../../../arm-none-eabi/lib/thumb/v6-m/nofp/libstdc++.a(eh_alloc.o)
                                  0x8 (size before relaxing)
 .ARM.exidx.text.startup._GLOBAL__sub_I__ZN9__gnu_cxx9__freeresEv
                0x100003d0        0x0 /Users/tom/.pico-sdk/toolchain/14_2_Rel1/bin/../lib/gcc/arm-none-eabi/14.2.1/../../../../arm-none-eabi/lib/thumb/v6-m/nofp/libstdc++.a(eh_alloc.o)
                                  0x8 (size before relaxing)
 .ARM.exidx.text._ZNSt9exceptionD2Ev
                0x100003d0        0x0 /Users/tom/.pico-sdk/toolchain/14_2_Rel1/bin/../lib/gcc/arm-none-eabi/14.2.1/../../../../arm-none-eabi/lib/thumb/v6-m/nofp/libstdc++.a(eh_exception.o)
                                  0x8 (size before relaxing)
 .ARM.exidx.text._ZNSt13bad_exceptionD2Ev
                0x100003d0        0x0 /Users/tom/.pico-sdk/toolchain/14_2_Rel1/bin/../lib/gcc/arm-none-eabi/14.2.1/../../../../arm-none-eabi/lib/thumb/v6-m/nofp/libstdc++.a(eh_exception.o)
                                  0x8 (size before relaxing)
 .ARM.exidx.text._ZNKSt9exception4whatEv
                0x100003d0        0x0 /Users/tom/.pico-sdk/toolchain/14_2_Rel1/bin/../lib/gcc/arm-none-eabi/14.2.1/../../../../arm-none-eabi/lib/thumb/v6-m/nofp/libstdc++.a(eh_exception.o)
                                  0x8 (size before relaxing)
 .ARM.exidx.text._ZNKSt13bad_exception4whatEv
                0x100003d0        0x0 /Users/tom/.pico-sdk/toolchain/14_2_Rel1/bin/../lib/gcc/arm-none-eabi/14.2.1/../../../../arm-none-eabi/lib/thumb/v6-m/nofp/libstdc++.a(eh_exception.o)
                                  0x8 (size before relaxing)
 .ARM.exidx.text._ZNSt13bad_exceptionD0Ev
                0x100003d0        0x0 /Users/tom/.pico-sdk/toolchain/14_2_Rel1/bin/../lib/gcc/arm-none-eabi/14.2.1/../../../../arm-none-eabi/lib/thumb/v6-m/nofp/libstdc++.a(eh_exception.o)
                                  0x8 (size before relaxing)
 .ARM.exidx.text._ZN10__cxxabiv111__terminateEPFvvE
                0x100003d0        0x8 /Users/tom/.pico-sdk/toolchain/14_2_Rel1/bin/../lib/gcc/arm-none-eabi/14.2.1/../../../../arm-none-eabi/lib/thumb/v6-m/nofp/libstdc++.a(eh_terminate.o)
 .ARM.exidx.text.unlikely._ZSt9terminatev
                0x100003d8        0x8 /Users/tom/.pico-sdk/toolchain/14_2_Rel1/bin/../lib/gcc/arm-none-eabi/14.2.1/../../../../arm-none-eabi/lib/thumb/v6-m/nofp/libstdc++.a(eh_terminate.o)
 .ARM.exidx.text._ZN10__cxxabiv112__unexpectedEPFvvE
                0x100003e0        0x8 /Users/tom/.pico-sdk/toolchain/14_2_Rel1/bin/../lib/gcc/arm-none-eabi/14.2.1/../../../../arm-none-eabi/lib/thumb/v6-m/nofp/libstdc++.a(eh_terminate.o)
 .ARM.exidx.text.unlikely._ZSt10unexpectedv
                0x100003e8        0x0 /Users/tom/.pico-sdk/toolchain/14_2_Rel1/bin/../lib/gcc/arm-none-eabi/14.2.1/../../../../arm-none-eabi/lib/thumb/v6-m/nofp/libstdc++.a(eh_terminate.o)
                                  0x8 (size before relaxing)
 .ARM.exidx.text._ZSt13get_terminatev
                0x100003e8        0x8 /Users/tom/.pico-sdk/toolchain/14_2_Rel1/bin/../lib/gcc/arm-none-eabi/14.2.1/../../../../arm-none-eabi/lib/thumb/v6-m/nofp/libstdc++.a(eh_terminate.o)
 .ARM.exidx.text._ZSt14get_unexpectedv
                0x100003f0        0x0 /Users/tom/.pico-sdk/toolchain/14_2_Rel1/bin/../lib/gcc/arm-none-eabi/14.2.1/../../../../arm-none-eabi/lib/thumb/v6-m/nofp/libstdc++.a(eh_terminate.o)
                                  0x8 (size before relaxing)
 .ARM.exidx.text._ZL23__gxx_exception_cleanup19_Unwind_Reason_CodeP21_Unwind_Control_Block
                0x100003f0        0x8 /Users/tom/.pico-sdk/toolchain/14_2_Rel1/bin/../lib/gcc/arm-none-eabi/14.2.1/../../../../arm-none-eabi/lib/thumb/v6-m/nofp/libstdc++.a(eh_throw.o)
 .ARM.exidx.text.__cxa_init_primary_exception
                0x100003f8        0x8 /Users/tom/.pico-sdk/toolchain/14_2_Rel1/bin/../lib/gcc/arm-none-eabi/14.2.1/../../../../arm-none-eabi/lib/thumb/v6-m/nofp/libstdc++.a(eh_throw.o)
 .ARM.exidx.text.__cxa_throw
                0x10000400        0x8 /Users/tom/.pico-sdk/toolchain/14_2_Rel1/bin/../lib/gcc/arm-none-eabi/14.2.1/../../../../arm-none-eabi/lib/thumb/v6-m/nofp/libstdc++.a(eh_throw.o)
 .ARM.exidx.text.__cxa_rethrow
                0x10000408        0x8 /Users/tom/.pico-sdk/toolchain/14_2_Rel1/bin/../lib/gcc/arm-none-eabi/14.2.1/../../../../arm-none-eabi/lib/thumb/v6-m/nofp/libstdc++.a(eh_throw.o)
 .ARM.exidx.text._ZN9__gnu_cxx27__verbose_terminate_handlerEv
                0x10000410       0x10 /Users/tom/.pico-sdk/toolchain/14_2_Rel1/bin/../lib/gcc/arm-none-eabi/14.2.1/../../../../arm-none-eabi/lib/thumb/v6-m/nofp/libstdc++.a(vterminate.o)
                                  0x8 (size before relaxing)
 .ARM.exidx.text.__cxa_type_match
                0x10000420        0x8 /Users/tom/.pico-sdk/toolchain/14_2_Rel1/bin/../lib/gcc/arm-none-eabi/14.2.1/../../../../arm-none-eabi/lib/thumb/v6-m/nofp/libstdc++.a(eh_arm.o)
 .ARM.exidx.text.__cxa_begin_cleanup
                0x10000428        0x8 /Users/tom/.pico-sdk/toolchain/14_2_Rel1/bin/../lib/gcc/arm-none-eabi/14.2.1/../../../../arm-none-eabi/lib/thumb/v6-m/nofp/libstdc++.a(eh_arm.o)
 .ARM.exidx.text.__gnu_end_cleanup
                0x10000430        0x0 /Users/tom/.pico-sdk/toolchain/14_2_Rel1/bin/../lib/gcc/arm-none-eabi/14.2.1/../../../../arm-none-eabi/lib/thumb/v6-m/nofp/libstdc++.a(eh_arm.o)
                                  0x8 (size before relaxing)
 .ARM.exidx.text.__cxa_begin_catch
                0x10000430        0x8 /Users/tom/.pico-sdk/toolchain/14_2_Rel1/bin/../lib/gcc/arm-none-eabi/14.2.1/../../../../arm-none-eabi/lib/thumb/v6-m/nofp/libstdc++.a(eh_catch.o)
 .ARM.exidx.text.__cxa_end_catch
                0x10000438        0x8 /Users/tom/.pico-sdk/toolchain/14_2_Rel1/bin/../lib/gcc/arm-none-eabi/14.2.1/../../../../arm-none-eabi/lib/thumb/v6-m/nofp/libstdc++.a(eh_catch.o)
 .ARM.exidx.text.__cxa_get_globals_fast
                0x10000440        0x8 /Users/tom/.pico-sdk/toolchain/14_2_Rel1/bin/../lib/gcc/arm-none-eabi/14.2.1/../../../../arm-none-eabi/lib/thumb/v6-m/nofp/libstdc++.a(eh_globals.o)
 .ARM.exidx.text.__cxa_get_globals
                0x10000448        0x0 /Users/tom/.pico-sdk/toolchain/14_2_Rel1/bin/../lib/gcc/arm-none-eabi/14.2.1/../../../../arm-none-eabi/lib/thumb/v6-m/nofp/libstdc++.a(eh_globals.o)
                                  0x8 (size before relaxing)
 .ARM.exidx.text._ZL28read_encoded_value_with_basehjPKhPj
                0x10000448        0x8 /Users/tom/.pico-sdk/toolchain/14_2_Rel1/bin/../lib/gcc/arm-none-eabi/14.2.1/../../../../arm-none-eabi/lib/thumb/v6-m/nofp/libstdc++.a(eh_personality.o)
 .ARM.exidx.text._ZL21base_of_encoded_valuehP15_Unwind_Context
                0x10000450        0x8 /Users/tom/.pico-sdk/toolchain/14_2_Rel1/bin/../lib/gcc/arm-none-eabi/14.2.1/../../../../arm-none-eabi/lib/thumb/v6-m/nofp/libstdc++.a(eh_personality.o)
 .ARM.exidx.text._ZL17parse_lsda_headerP15_Unwind_ContextPKhP16lsda_header_info
                0x10000458        0x8 /Users/tom/.pico-sdk/toolchain/14_2_Rel1/bin/../lib/gcc/arm-none-eabi/14.2.1/../../../../arm-none-eabi/lib/thumb/v6-m/nofp/libstdc++.a(eh_personality.o)
 .ARM.exidx.text.__gxx_personality_v0
                0x10000460        0x8 /Users/tom/.pico-sdk/toolchain/14_2_Rel1/bin/../lib/gcc/arm-none-eabi/14.2.1/../../../../arm-none-eabi/lib/thumb/v6-m/nofp/libstdc++.a(eh_personality.o)
 .ARM.exidx.text.__cxa_current_exception_type
                0x10000468        0x8 /Users/tom/.pico-sdk/toolchain/14_2_Rel1/bin/../lib/gcc/arm-none-eabi/14.2.1/../../../../arm-none-eabi/lib/thumb/v6-m/nofp/libstdc++.a(eh_type.o)
 .ARM.exidx.text.unlikely._ZN10__cxxabiv1L24__is_gxx_exception_classEPc
                0x10000470        0x0 /Users/tom/.pico-sdk/toolchain/14_2_Rel1/bin/../lib/gcc/arm-none-eabi/14.2.1/../../../../arm-none-eabi/lib/thumb/v6-m/nofp/libstdc++.a(eh_call.o)
                                  0x8 (size before relaxing)
 .ARM.exidx.text.unlikely.__cxa_call_terminate
                0x10000470        0x0 /Users/tom/.pico-sdk/toolchain/14_2_Rel1/bin/../lib/gcc/arm-none-eabi/14.2.1/../../../../arm-none-eabi/lib/thumb/v6-m/nofp/libstdc++.a(eh_call.o)
                                  0x8 (size before relaxing)
 .ARM.exidx.text.unlikely.__cxa_call_unexpected
                0x10000470       0x10 /Users/tom/.pico-sdk/toolchain/14_2_Rel1/bin/../lib/gcc/arm-none-eabi/14.2.1/../../../../arm-none-eabi/lib/thumb/v6-m/nofp/libstdc++.a(eh_call.o)
                                  0x8 (size before relaxing)
 .ARM.exidx.text.selfrel_offset31
                0x10000480        0x0 /Users/tom/.pico-sdk/toolchain/14_2_Rel1/bin/../lib/gcc/arm-none-eabi/14.2.1/thumb/v6-m/nofp/libgcc.a(unwind-arm.o)
                                  0x8 (size before relaxing)
 .ARM.exidx.text.search_EIT_table
                0x10000480        0x0 /Users/tom/.pico-sdk/toolchain/14_2_Rel1/bin/../lib/gcc/arm-none-eabi/14.2.1/thumb/v6-m/nofp/libgcc.a(unwind-arm.o)
                                  0x8 (size before relaxing)
 .ARM.exidx.text.__gnu_unwind_get_pr_addr
                0x10000480        0x0 /Users/tom/.pico-sdk/toolchain/14_2_Rel1/bin/../lib/gcc/arm-none-eabi/14.2.1/thumb/v6-m/nofp/libgcc.a(unwind-arm.o)
                                  0x8 (size before relaxing)
 .ARM.exidx.text.get_eit_entry
                0x10000480        0x8 /Users/tom/.pico-sdk/toolchain/14_2_Rel1/bin/../lib/gcc/arm-none-eabi/14.2.1/thumb/v6-m/nofp/libgcc.a(unwind-arm.o)
 .ARM.exidx.text.restore_non_core_regs
                0x10000488        0x8 /Users/tom/.pico-sdk/toolchain/14_2_Rel1/bin/../lib/gcc/arm-none-eabi/14.2.1/thumb/v6-m/nofp/libgcc.a(unwind-arm.o)
 .ARM.exidx.text._Unwind_decode_typeinfo_ptr.constprop.0
                0x10000490        0x8 /Users/tom/.pico-sdk/toolchain/14_2_Rel1/bin/../lib/gcc/arm-none-eabi/14.2.1/thumb/v6-m/nofp/libgcc.a(unwind-arm.o)
 .ARM.exidx.text._Unwind_DebugHook
                0x10000498        0x0 /Users/tom/.pico-sdk/toolchain/14_2_Rel1/bin/../lib/gcc/arm-none-eabi/14.2.1/thumb/v6-m/nofp/libgcc.a(unwind-arm.o)
                                  0x8 (size before relaxing)
 .ARM.exidx.text.unwind_phase2
                0x10000498        0x8 /Users/tom/.pico-sdk/toolchain/14_2_Rel1/bin/../lib/gcc/arm-none-eabi/14.2.1/thumb/v6-m/nofp/libgcc.a(unwind-arm.o)
 .ARM.exidx.text.unwind_phase2_forced
                0x100004a0        0x8 /Users/tom/.pico-sdk/toolchain/14_2_Rel1/bin/../lib/gcc/arm-none-eabi/14.2.1/thumb/v6-m/nofp/libgcc.a(unwind-arm.o)
 .ARM.exidx.text.__gnu_Unwind_RaiseException
                0x100004a8        0x8 /Users/tom/.pico-sdk/toolchain/14_2_Rel1/bin/../lib/gcc/arm-none-eabi/14.2.1/thumb/v6-m/nofp/libgcc.a(unwind-arm.o)
 .ARM.exidx.text.__gnu_Unwind_ForcedUnwind
                0x100004b0        0x8 /Users/tom/.pico-sdk/toolchain/14_2_Rel1/bin/../lib/gcc/arm-none-eabi/14.2.1/thumb/v6-m/nofp/libgcc.a(unwind-arm.o)
 .ARM.exidx.text.__gnu_Unwind_Resume
                0x100004b8        0x8 /Users/tom/.pico-sdk/toolchain/14_2_Rel1/bin/../lib/gcc/arm-none-eabi/14.2.1/thumb/v6-m/nofp/libgcc.a(unwind-arm.o)
 .ARM.exidx.text.__gnu_Unwind_Resume_or_Rethrow
                0x100004c0        0x8 /Users/tom/.pico-sdk/toolchain/14_2_Rel1/bin/../lib/gcc/arm-none-eabi/14.2.1/thumb/v6-m/nofp/libgcc.a(unwind-arm.o)
 .ARM.exidx.text._Unwind_Complete
                0x100004c8        0x8 /Users/tom/.pico-sdk/toolchain/14_2_Rel1/bin/../lib/gcc/arm-none-eabi/14.2.1/thumb/v6-m/nofp/libgcc.a(unwind-arm.o)
 .ARM.exidx.text._Unwind_DeleteException
                0x100004d0        0x8 /Users/tom/.pico-sdk/toolchain/14_2_Rel1/bin/../lib/gcc/arm-none-eabi/14.2.1/thumb/v6-m/nofp/libgcc.a(unwind-arm.o)
 .ARM.exidx.text._Unwind_VRS_Get
                0x100004d8        0x8 /Users/tom/.pico-sdk/toolchain/14_2_Rel1/bin/../lib/gcc/arm-none-eabi/14.2.1/thumb/v6-m/nofp/libgcc.a(unwind-arm.o)
 .ARM.exidx.text._Unwind_GetGR
                0x100004e0        0x0 /Users/tom/.pico-sdk/toolchain/14_2_Rel1/bin/../lib/gcc/arm-none-eabi/14.2.1/thumb/v6-m/nofp/libgcc.a(unwind-arm.o)
                                  0x8 (size before relaxing)
 .ARM.exidx.text._Unwind_VRS_Set
                0x100004e0        0x0 /Users/tom/.pico-sdk/toolchain/14_2_Rel1/bin/../lib/gcc/arm-none-eabi/14.2.1/thumb/v6-m/nofp/libgcc.a(unwind-arm.o)
                                  0x8 (size before relaxing)
 .ARM.exidx.text._Unwind_SetGR
                0x100004e0        0x0 /Users/tom/.pico-sdk/toolchain/14_2_Rel1/bin/../lib/gcc/arm-none-eabi/14.2.1/thumb/v6-m/nofp/libgcc.a(unwind-arm.o)
                                  0x8 (size before relaxing)
 .ARM.exidx.text.__gnu_Unwind_Backtrace
                0x100004e0        0x8 /Users/tom/.pico-sdk/toolchain/14_2_Rel1/bin/../lib/gcc/arm-none-eabi/14.2.1/thumb/v6-m/nofp/libgcc.a(unwind-arm.o)
 .ARM.exidx.text.__gnu_unwind_pr_common
                0x100004e8        0x8 /Users/tom/.pico-sdk/toolchain/14_2_Rel1/bin/../lib/gcc/arm-none-eabi/14.2.1/thumb/v6-m/nofp/libgcc.a(unwind-arm.o)
 .ARM.exidx.text.__aeabi_unwind_cpp_pr0
                0x100004f0        0x8 /Users/tom/.pico-sdk/toolchain/14_2_Rel1/bin/../lib/gcc/arm-none-eabi/14.2.1/thumb/v6-m/nofp/libgcc.a(unwind-arm.o)
 .ARM.exidx.text.__aeabi_unwind_cpp_pr1
                0x100004f8        0x0 /Users/tom/.pico-sdk/toolchain/14_2_Rel1/bin/../lib/gcc/arm-none-eabi/14.2.1/thumb/v6-m/nofp/libgcc.a(unwind-arm.o)
                                  0x8 (size before relaxing)
 .ARM.exidx.text.__aeabi_unwind_cpp_pr2
                0x100004f8        0x0 /Users/tom/.pico-sdk/toolchain/14_2_Rel1/bin/../lib/gcc/arm-none-eabi/14.2.1/thumb/v6-m/nofp/libgcc.a(unwind-arm.o)
                                  0x8 (size before relaxing)
 .ARM.exidx.text._Unwind_VRS_Pop
                0x100004f8       0x10 /Users/tom/.pico-sdk/toolchain/14_2_Rel1/bin/../lib/gcc/arm-none-eabi/14.2.1/thumb/v6-m/nofp/libgcc.a(unwind-arm.o)
                                  0x8 (size before relaxing)
 .ARM.exidx.text.next_unwind_byte
                0x10000508        0x0 /Users/tom/.pico-sdk/toolchain/14_2_Rel1/bin/../lib/gcc/arm-none-eabi/14.2.1/thumb/v6-m/nofp/libgcc.a(pr-support.o)
                                  0x8 (size before relaxing)
 .ARM.exidx.text._Unwind_GetGR.constprop.0
                0x10000508        0x8 /Users/tom/.pico-sdk/toolchain/14_2_Rel1/bin/../lib/gcc/arm-none-eabi/14.2.1/thumb/v6-m/nofp/libgcc.a(pr-support.o)
 .ARM.exidx.text.unwind_UCB_from_context
                0x10000510        0x8 /Users/tom/.pico-sdk/toolchain/14_2_Rel1/bin/../lib/gcc/arm-none-eabi/14.2.1/thumb/v6-m/nofp/libgcc.a(pr-support.o)
 .ARM.exidx.text.__gnu_unwind_execute
                0x10000518        0x8 /Users/tom/.pico-sdk/toolchain/14_2_Rel1/bin/../lib/gcc/arm-none-eabi/14.2.1/thumb/v6-m/nofp/libgcc.a(pr-support.o)
 .ARM.exidx.text.__gnu_unwind_frame
                0x10000520        0x8 /Users/tom/.pico-sdk/toolchain/14_2_Rel1/bin/../lib/gcc/arm-none-eabi/14.2.1/thumb/v6-m/nofp/libgcc.a(pr-support.o)
 .ARM.exidx.text._Unwind_GetRegionStart
                0x10000528        0x8 /Users/tom/.pico-sdk/toolchain/14_2_Rel1/bin/../lib/gcc/arm-none-eabi/14.2.1/thumb/v6-m/nofp/libgcc.a(pr-support.o)
 .ARM.exidx.text._Unwind_GetLanguageSpecificData
                0x10000530        0x0 /Users/tom/.pico-sdk/toolchain/14_2_Rel1/bin/../lib/gcc/arm-none-eabi/14.2.1/thumb/v6-m/nofp/libgcc.a(pr-support.o)
                                  0x8 (size before relaxing)
 .ARM.exidx.text.unlikely._Unwind_GetDataRelBase
                0x10000530        0x8 /Users/tom/.pico-sdk/toolchain/14_2_Rel1/bin/../lib/gcc/arm-none-eabi/14.2.1/thumb/v6-m/nofp/libgcc.a(pr-support.o)
 .ARM.exidx.text.unlikely._Unwind_GetTextRelBase
                0x10000538        0x0 /Users/tom/.pico-sdk/toolchain/14_2_Rel1/bin/../lib/gcc/arm-none-eabi/14.2.1/thumb/v6-m/nofp/libgcc.a(pr-support.o)
                                  0x8 (size before relaxing)
                0x10000538                        __exidx_end = .
                0x10000538                        . = ALIGN (0x4)
                0x10000538                        __binary_info_start = .

.binary_info    0x10000538       0x20
 *(.binary_info.keep.*)
 .binary_info.keep.__bi_ptr84
                0x10000538        0x4 CMakeFiles/TuringForWorkshop.dir/Users/tom/.pico-sdk/sdk/2.1.1/src/rp2_common/pico_standard_binary_info/standard_binary_info.c.o
 .binary_info.keep.__bi_ptr78
                0x1000053c        0x4 CMakeFiles/TuringForWorkshop.dir/Users/tom/.pico-sdk/sdk/2.1.1/src/rp2_common/pico_standard_binary_info/standard_binary_info.c.o
 .binary_info.keep.__bi_ptr54
                0x10000540        0x4 CMakeFiles/TuringForWorkshop.dir/Users/tom/.pico-sdk/sdk/2.1.1/src/rp2_common/pico_standard_binary_info/standard_binary_info.c.o
 .binary_info.keep.__bi_ptr48
                0x10000544        0x4 CMakeFiles/TuringForWorkshop.dir/Users/tom/.pico-sdk/sdk/2.1.1/src/rp2_common/pico_standard_binary_info/standard_binary_info.c.o
 .binary_info.keep.__bi_ptr42
                0x10000548        0x4 CMakeFiles/TuringForWorkshop.dir/Users/tom/.pico-sdk/sdk/2.1.1/src/rp2_common/pico_standard_binary_info/standard_binary_info.c.o
 .binary_info.keep.__bi_ptr34
                0x1000054c        0x4 CMakeFiles/TuringForWorkshop.dir/Users/tom/.pico-sdk/sdk/2.1.1/src/rp2_common/pico_standard_binary_info/standard_binary_info.c.o
 .binary_info.keep.__bi_ptr26
                0x10000550        0x4 CMakeFiles/TuringForWorkshop.dir/Users/tom/.pico-sdk/sdk/2.1.1/src/rp2_common/pico_standard_binary_info/standard_binary_info.c.o
 .binary_info.keep.__bi_ptr153
                0x10000554        0x4 CMakeFiles/TuringForWorkshop.dir/Users/tom/.pico-sdk/sdk/2.1.1/lib/tinyusb/hw/bsp/rp2040/family.c.o
 *(.binary_info.*)
                0x10000558                        __binary_info_end = .
                0x10000558                        . = ALIGN (0x4)

.ram_vector_table
                0x20000000       0xc0
 *(.ram_vector_table)
 .ram_vector_table
                0x20000000       0xc0 CMakeFiles/TuringForWorkshop.dir/Users/tom/.pico-sdk/sdk/2.1.1/src/rp2_common/pico_runtime_init/runtime_init.c.o
                0x20000000                ram_vector_table

.uninitialized_data
                0x200000c0        0x0
                0x200000c0                        . = ALIGN (0x4)
 *(.uninitialized_data*)

.text           0x200000c0    0x1512c load address 0x10000558
                0x200000c0                        __ram_text_start__ = .
 *(.init)
 .init          0x200000c0        0x4 /Users/tom/.pico-sdk/toolchain/14_2_Rel1/bin/../lib/gcc/arm-none-eabi/14.2.1/thumb/v6-m/nofp/crti.o
                0x200000c0                _init
 *(.text*)
 .text.register_tm_clones
                0x200000c4       0x28 /Users/tom/.pico-sdk/toolchain/14_2_Rel1/bin/../lib/gcc/arm-none-eabi/14.2.1/thumb/v6-m/nofp/crtbegin.o
 .text.frame_dummy
                0x200000ec       0x24 /Users/tom/.pico-sdk/toolchain/14_2_Rel1/bin/../lib/gcc/arm-none-eabi/14.2.1/thumb/v6-m/nofp/crtbegin.o
 .text._ZL11core1_entryv
                0x20000110       0x50 CMakeFiles/TuringForWorkshop.dir/main.cpp.o
 .text._ZN12ComputerCard13AudioCallbackEv
                0x20000160       0x10 CMakeFiles/TuringForWorkshop.dir/main.cpp.o
                0x20000160                ComputerCard::AudioCallback()
 .text._ZN12ComputerCard20ProbeHardwareVersionEv
                0x20000170       0xc0 CMakeFiles/TuringForWorkshop.dir/main.cpp.o
                0x20000170                ComputerCard::ProbeHardwareVersion()
 .text._ZN12ComputerCard13CalcCalCoeffsEi
                0x20000230      0x4a0 CMakeFiles/TuringForWorkshop.dir/main.cpp.o
                0x20000230                ComputerCard::CalcCalCoeffs(int)
 .text._ZN12ComputerCard10ReadEEPROMEv
                0x200006d0      0x364 CMakeFiles/TuringForWorkshop.dir/main.cpp.o
                0x200006d0                ComputerCard::ReadEEPROM()
 .text._ZN12ComputerCardC2Ev
                0x20000a34      0x42c CMakeFiles/TuringForWorkshop.dir/main.cpp.o
                0x20000a34                ComputerCard::ComputerCard()
                0x20000a34                ComputerCard::ComputerCard()
 .text._ZN12ComputerCard9MIDIToDacEii
                0x20000e60       0x2c CMakeFiles/TuringForWorkshop.dir/main.cpp.o
                0x20000e60                ComputerCard::MIDIToDac(int, int)
 .text.startup.main
                0x20000e8c       0xb8 CMakeFiles/TuringForWorkshop.dir/main.cpp.o
                0x20000e8c                main
 .text._ZN7MainAppC2Ev
                0x20000f44      0x20c CMakeFiles/TuringForWorkshop.dir/MainApp.cpp.o
                0x20000f44                MainApp::MainApp()
                0x20000f44                MainApp::MainApp()
 .text._ZN7MainApp15UpdateNotePoolsEv
                0x20001150       0x60 CMakeFiles/TuringForWorkshop.dir/MainApp.cpp.o
                0x20001150                MainApp::UpdateNotePools()
 .text._ZN7MainApp18UpdatePulseLengthsEv
                0x200011b0       0xc0 CMakeFiles/TuringForWorkshop.dir/MainApp.cpp.o
                0x200011b0                MainApp::UpdatePulseLengths()
 .text._ZN7MainApp9PulseLed1Eb
                0x20001270        0xc CMakeFiles/TuringForWorkshop.dir/MainApp.cpp.o
                0x20001270                MainApp::PulseLed1(bool)
 .text._ZN7MainApp9PulseLed2Eb
                0x2000127c        0xc CMakeFiles/TuringForWorkshop.dir/MainApp.cpp.o
                0x2000127c                MainApp::PulseLed2(bool)
 .text._ZN7MainApp12PulseOutput1Eb
                0x20001288       0x7c CMakeFiles/TuringForWorkshop.dir/MainApp.cpp.o
                0x20001288                MainApp::PulseOutput1(bool)
 .text._ZN7MainApp12PulseOutput2Eb
                0x20001304       0x7c CMakeFiles/TuringForWorkshop.dir/MainApp.cpp.o
                0x20001304                MainApp::PulseOutput2(bool)
 .text._ZN7MainApp17PulseInConnected1Ev
                0x20001380        0xc CMakeFiles/TuringForWorkshop.dir/MainApp.cpp.o
                0x20001380                MainApp::PulseInConnected1()
 .text._ZN7MainApp17PulseInConnected2Ev
                0x2000138c        0xc CMakeFiles/TuringForWorkshop.dir/MainApp.cpp.o
                0x2000138c                MainApp::PulseInConnected2()
 .text._ZN7MainApp5KnobXEv
                0x20001398        0x8 CMakeFiles/TuringForWorkshop.dir/MainApp.cpp.o
                0x20001398                MainApp::KnobX()
 .text._ZN7MainApp5KnobYEv
                0x200013a0        0x8 CMakeFiles/TuringForWorkshop.dir/MainApp.cpp.o
                0x200013a0                MainApp::KnobY()
 .text._ZN7MainApp10SwitchDownEv
                0x200013a8       0x10 CMakeFiles/TuringForWorkshop.dir/MainApp.cpp.o
                0x200013a8                MainApp::SwitchDown()
 .text._ZN7MainApp13switchChangedEv
                0x200013b8       0x40 CMakeFiles/TuringForWorkshop.dir/MainApp.cpp.o
                0x200013b8                MainApp::switchChanged()
 .text._ZN7MainApp17divideKnobChangedEh
                0x200013f8        0xc CMakeFiles/TuringForWorkshop.dir/MainApp.cpp.o
                0x200013f8                MainApp::divideKnobChanged(unsigned char)
 .text._ZN7MainApp16UpdateCh2LengthsEv
                0x20001404       0x70 CMakeFiles/TuringForWorkshop.dir/MainApp.cpp.o
                0x20001404                MainApp::UpdateCh2Lengths()
 .text._ZN7MainApp16updateMainTuringEv
                0x20001474       0x94 CMakeFiles/TuringForWorkshop.dir/MainApp.cpp.o
                0x20001474                MainApp::updateMainTuring()
 .text._ZN7MainApp15updateDivTuringEv
                0x20001508       0x94 CMakeFiles/TuringForWorkshop.dir/MainApp.cpp.o
                0x20001508                MainApp::updateDivTuring()
 .text._ZN7MainApp17showLengthPatternEi
                0x2000159c      0x170 CMakeFiles/TuringForWorkshop.dir/MainApp.cpp.o
                0x2000159c                MainApp::showLengthPattern(int)
 .text._ZN7MainApp17lengthKnobChangedEh
                0x2000170c       0x9c CMakeFiles/TuringForWorkshop.dir/MainApp.cpp.o
                0x2000170c                MainApp::lengthKnobChanged(unsigned char)
 .text._ZN7MainApp14updateLedStateEv
                0x200017a8      0x100 CMakeFiles/TuringForWorkshop.dir/MainApp.cpp.o
                0x200017a8                MainApp::updateLedState()
 .text._ZN7MainApp12sysexRespondEv
                0x200018a8      0x2d8 CMakeFiles/TuringForWorkshop.dir/MainApp.cpp.o
                0x200018a8                MainApp::sysexRespond()
 .text._ZN7MainApp8IdleLedsEv
                0x20001b80       0x7c CMakeFiles/TuringForWorkshop.dir/MainApp.cpp.o
                0x20001b80                MainApp::IdleLeds()
 .text._ZN7MainApp14SendLiveStatusEv
                0x20001bfc       0xd4 CMakeFiles/TuringForWorkshop.dir/MainApp.cpp.o
                0x20001bfc                MainApp::SendLiveStatus()
 .text._ZN7MainApp11cv_set_modeEh
                0x20001cd0       0xf4 CMakeFiles/TuringForWorkshop.dir/MainApp.cpp.o
                0x20001cd0                MainApp::cv_set_mode(unsigned char)
 .text._ZN7MainApp13UpdateCVRangeEv
                0x20001dc4       0x40 CMakeFiles/TuringForWorkshop.dir/MainApp.cpp.o
                0x20001dc4                MainApp::UpdateCVRange()
 .text._ZN7MainApp12LoadSettingsEb
                0x20001e04      0x13c CMakeFiles/TuringForWorkshop.dir/MainApp.cpp.o
                0x20001e04                MainApp::LoadSettings(bool)
 .text._ZN7MainApp12HousekeepingEv
                0x20001f40      0x45c CMakeFiles/TuringForWorkshop.dir/MainApp.cpp.o
                0x20001f40                MainApp::Housekeeping()
 .text._ZN7MainApp20readInputIfConnectedEN12ComputerCard5InputE
                0x2000239c       0x40 CMakeFiles/TuringForWorkshop.dir/MainApp.cpp.o
                0x2000239c                MainApp::readInputIfConnected(ComputerCard::Input)
 .text._ZN7MainApp22detectAudio1RisingEdgeEv
                0x200023dc       0x80 CMakeFiles/TuringForWorkshop.dir/MainApp.cpp.o
                0x200023dc                MainApp::detectAudio1RisingEdge()
 .text._ZN5Clock4TickEv
                0x2000245c       0x5c CMakeFiles/TuringForWorkshop.dir/Clock.cpp.o
                0x2000245c                Clock::Tick()
 .text._ZNK5Clock12IsRisingEdgeEv
                0x200024b8        0x4 CMakeFiles/TuringForWorkshop.dir/Clock.cpp.o
                0x200024b8                Clock::IsRisingEdge() const
 .text._ZNK5Clock16IsRisingEdgeMultEv
                0x200024bc        0x4 CMakeFiles/TuringForWorkshop.dir/Clock.cpp.o
                0x200024bc                Clock::IsRisingEdgeMult() const
 .text._ZNK5Clock8GetTicksEv
                0x200024c0        0x4 CMakeFiles/TuringForWorkshop.dir/Clock.cpp.o
                0x200024c0                Clock::GetTicks() const
 .text._ZN5Clock8TapTempoEm
                0x200024c4       0x74 CMakeFiles/TuringForWorkshop.dir/Clock.cpp.o
                0x200024c4                Clock::TapTempo(unsigned long)
 .text._ZN5Clock12UpdateDivideEh
                0x20002538       0x2c CMakeFiles/TuringForWorkshop.dir/Clock.cpp.o
                0x20002538                Clock::UpdateDivide(unsigned char)
 .text._ZN5Clock17setExternalClock1Eb
                0x20002564        0x8 CMakeFiles/TuringForWorkshop.dir/Clock.cpp.o
                0x20002564                Clock::setExternalClock1(bool)
 .text._ZN5Clock17setExternalClock2Eb
                0x2000256c        0x8 CMakeFiles/TuringForWorkshop.dir/Clock.cpp.o
                0x2000256c                Clock::setExternalClock2(bool)
 .text._ZN5Clock17getExternalClock1Ev
                0x20002574        0x8 CMakeFiles/TuringForWorkshop.dir/Clock.cpp.o
                0x20002574                Clock::getExternalClock1()
 .text._ZN5Clock17getExternalClock2Ev
                0x2000257c        0x8 CMakeFiles/TuringForWorkshop.dir/Clock.cpp.o
                0x2000257c                Clock::getExternalClock2()
 .text._ZN5Clock9ExtPulse1Ev
                0x20002584        0x8 CMakeFiles/TuringForWorkshop.dir/Clock.cpp.o
                0x20002584                Clock::ExtPulse1()
 .text._ZN5Clock9ExtPulse2Ev
                0x2000258c        0x8 CMakeFiles/TuringForWorkshop.dir/Clock.cpp.o
                0x2000258c                Clock::ExtPulse2()
 .text._ZN5Clock17ExtPulseReceived1Ev
                0x20002594        0xc CMakeFiles/TuringForWorkshop.dir/Clock.cpp.o
                0x20002594                Clock::ExtPulseReceived1()
 .text._ZN5Clock17ExtPulseReceived2Ev
                0x200025a0        0xc CMakeFiles/TuringForWorkshop.dir/Clock.cpp.o
                0x200025a0                Clock::ExtPulseReceived2()
 .text._ZN5Clock8setBPM10Et
                0x200025ac       0x28 CMakeFiles/TuringForWorkshop.dir/Clock.cpp.o
                0x200025ac                Clock::setBPM10(unsigned short)
 .text._ZN5Clock15GetTicksPerBeatEv
                0x200025d4       0x18 CMakeFiles/TuringForWorkshop.dir/Clock.cpp.o
                0x200025d4                Clock::GetTicksPerBeat()
 .text._ZN5Clock23GetTicksPerSubclockBeatEv
                0x200025ec       0x20 CMakeFiles/TuringForWorkshop.dir/Clock.cpp.o
                0x200025ec                Clock::GetTicksPerSubclockBeat()
 .text._ZN6Config4saveEv
                0x2000260c       0x74 CMakeFiles/TuringForWorkshop.dir/Config.cpp.o
                0x2000260c                Config::save()
 .text._ZN6Config4loadEb
                0x20002680       0x68 CMakeFiles/TuringForWorkshop.dir/Config.cpp.o
                0x20002680                Config::load(bool)
 .text._ZN6Config3getEv
                0x200026e8        0x4 CMakeFiles/TuringForWorkshop.dir/Config.cpp.o
                0x200026e8                Config::get()
 .text._ZN2UI4initEP7MainAppP5Clock
                0x200026ec        0x8 CMakeFiles/TuringForWorkshop.dir/UI.cpp.o
                0x200026ec                UI::init(MainApp*, Clock*)
 .text._ZN2UI4TickEv
                0x200026f4      0x19c CMakeFiles/TuringForWorkshop.dir/UI.cpp.o
                0x200026f4                UI::Tick()
 .text._ZN2UI6SlowUIEv
                0x20002890       0xf0 CMakeFiles/TuringForWorkshop.dir/UI.cpp.o
                0x20002890                UI::SlowUI()
 .text._ZN2UI14SetPulseLengthEh
                0x20002980       0x60 CMakeFiles/TuringForWorkshop.dir/UI.cpp.o
                0x20002980                UI::SetPulseLength(unsigned char)
 .text._ZN2UI11SetPulseModEh
                0x200029e0        0x8 CMakeFiles/TuringForWorkshop.dir/UI.cpp.o
                0x200029e0                UI::SetPulseMod(unsigned char)
 .text._ZN2UI14UpdatePulseModEhh
                0x200029e8       0x28 CMakeFiles/TuringForWorkshop.dir/UI.cpp.o
                0x200029e8                UI::UpdatePulseMod(unsigned char, unsigned char)
 .text._ZN6TuringC2Eim
                0x20002a10       0x9c CMakeFiles/TuringForWorkshop.dir/Turing.cpp.o
                0x20002a10                Turing::Turing(int, unsigned long)
                0x20002a10                Turing::Turing(int, unsigned long)
 .text._ZN6Turing6UpdateEii
                0x20002aac       0x88 CMakeFiles/TuringForWorkshop.dir/Turing.cpp.o
                0x20002aac                Turing::Update(int, int)
 .text._ZN6Turing5DAC_8Ev
                0x20002b34        0x4 CMakeFiles/TuringForWorkshop.dir/Turing.cpp.o
                0x20002b34                Turing::DAC_8()
 .text._ZN6Turing12updateLengthEi
                0x20002b38        0x4 CMakeFiles/TuringForWorkshop.dir/Turing.cpp.o
                0x20002b38                Turing::updateLength(int)
 .text._ZN6Turing12returnLengthEv
                0x20002b3c        0x4 CMakeFiles/TuringForWorkshop.dir/Turing.cpp.o
                0x20002b3c                Turing::returnLength()
 .text._ZN6Turing5resetEv
                0x20002b40       0x10 CMakeFiles/TuringForWorkshop.dir/Turing.cpp.o
                0x20002b40                Turing::reset()
 .text._ZN6Turing8MidiNoteEv
                0x20002b50       0x20 CMakeFiles/TuringForWorkshop.dir/Turing.cpp.o
                0x20002b50                Turing::MidiNote()
 .text._ZN6Turing14UpdateNotePoolEiii
                0x20002b70       0x98 CMakeFiles/TuringForWorkshop.dir/Turing.cpp.o
                0x20002b70                Turing::UpdateNotePool(int, int, int)
 .text.tud_descriptor_device_cb
                0x20002c08        0x8 CMakeFiles/TuringForWorkshop.dir/usb_descriptors.c.o
                0x20002c08                tud_descriptor_device_cb
 .text.tud_descriptor_configuration_cb
                0x20002c10        0x8 CMakeFiles/TuringForWorkshop.dir/usb_descriptors.c.o
                0x20002c10                tud_descriptor_configuration_cb
 .text.tud_descriptor_string_cb
                0x20002c18       0x74 CMakeFiles/TuringForWorkshop.dir/usb_descriptors.c.o
                0x20002c18                tud_descriptor_string_cb
 .text.startup._retrieve_unique_id_on_boot
                0x20002c8c       0x10 CMakeFiles/TuringForWorkshop.dir/Users/tom/.pico-sdk/sdk/2.1.1/src/rp2_common/pico_unique_id/unique_id.c.o
 .text.flash_get_unique_id
                0x20002c9c       0x3c CMakeFiles/TuringForWorkshop.dir/Users/tom/.pico-sdk/sdk/2.1.1/src/rp2_common/hardware_flash/flash.c.o
                0x20002c9c                flash_get_unique_id
 .text.rp2040_chip_version
                0x20002cd8        0xc CMakeFiles/TuringForWorkshop.dir/Users/tom/.pico-sdk/sdk/2.1.1/src/rp2040/pico_platform/platform.c.o
                0x20002cd8                rp2040_chip_version
 .text.panic    0x20002ce4       0x30 CMakeFiles/TuringForWorkshop.dir/Users/tom/.pico-sdk/sdk/2.1.1/src/rp2_common/pico_platform_panic/panic.c.o
                0x20002ce4                panic
 .text.hw_claim_lock
                0x20002d14       0x18 CMakeFiles/TuringForWorkshop.dir/Users/tom/.pico-sdk/sdk/2.1.1/src/common/hardware_claim/claim.c.o
                0x20002d14                hw_claim_lock
 .text.hw_claim_unlock
                0x20002d2c       0x14 CMakeFiles/TuringForWorkshop.dir/Users/tom/.pico-sdk/sdk/2.1.1/src/common/hardware_claim/claim.c.o
                0x20002d2c                hw_claim_unlock
 .text.hw_claim_or_assert
                0x20002d40       0x44 CMakeFiles/TuringForWorkshop.dir/Users/tom/.pico-sdk/sdk/2.1.1/src/common/hardware_claim/claim.c.o
                0x20002d40                hw_claim_or_assert
 .text.hw_claim_unused_from_range
                0x20002d84       0x88 CMakeFiles/TuringForWorkshop.dir/Users/tom/.pico-sdk/sdk/2.1.1/src/common/hardware_claim/claim.c.o
                0x20002d84                hw_claim_unused_from_range
 .text.next_striped_spin_lock_num
                0x20002e0c       0x18 CMakeFiles/TuringForWorkshop.dir/Users/tom/.pico-sdk/sdk/2.1.1/src/rp2_common/hardware_sync/sync.c.o
                0x20002e0c                next_striped_spin_lock_num
 .text.spin_lock_claim_unused
                0x20002e24       0x24 CMakeFiles/TuringForWorkshop.dir/Users/tom/.pico-sdk/sdk/2.1.1/src/rp2_common/hardware_sync/sync.c.o
                0x20002e24                spin_lock_claim_unused
 .text.spin_locks_reset
                0x20002e48       0x1c CMakeFiles/TuringForWorkshop.dir/Users/tom/.pico-sdk/sdk/2.1.1/src/rp2_common/hardware_sync_spin_lock/sync_spin_lock.c.o
                0x20002e48                spin_locks_reset
 .text.rom_func_lookup
                0x20002e64       0x10 CMakeFiles/TuringForWorkshop.dir/Users/tom/.pico-sdk/sdk/2.1.1/src/rp2_common/pico_bootrom/bootrom.c.o
                0x20002e64                rom_func_lookup
 .text.rom_data_lookup
                0x20002e74       0x10 CMakeFiles/TuringForWorkshop.dir/Users/tom/.pico-sdk/sdk/2.1.1/src/rp2_common/pico_bootrom/bootrom.c.o
                0x20002e74                rom_data_lookup
 .text.rom_funcs_lookup
                0x20002e84       0x44 CMakeFiles/TuringForWorkshop.dir/Users/tom/.pico-sdk/sdk/2.1.1/src/rp2_common/pico_bootrom/bootrom.c.o
                0x20002e84                rom_funcs_lookup
 .text.sleep_until_callback
                0x20002ec8       0x30 CMakeFiles/TuringForWorkshop.dir/Users/tom/.pico-sdk/sdk/2.1.1/src/common/pico_time/time.c.o
 .text.alarm_pool_irq_handler
                0x20002ef8      0x300 CMakeFiles/TuringForWorkshop.dir/Users/tom/.pico-sdk/sdk/2.1.1/src/common/pico_time/time.c.o
 .text.runtime_init_default_alarm_pool
                0x200031f8       0xdc CMakeFiles/TuringForWorkshop.dir/Users/tom/.pico-sdk/sdk/2.1.1/src/common/pico_time/time.c.o
                0x200031f8                runtime_init_default_alarm_pool
 .text.alarm_pool_add_alarm_at_force_in_context
                0x200032d4       0xb0 CMakeFiles/TuringForWorkshop.dir/Users/tom/.pico-sdk/sdk/2.1.1/src/common/pico_time/time.c.o
                0x200032d4                alarm_pool_add_alarm_at_force_in_context
 .text.alarm_pool_cancel_alarm
                0x20003384       0x74 CMakeFiles/TuringForWorkshop.dir/Users/tom/.pico-sdk/sdk/2.1.1/src/common/pico_time/time.c.o
                0x20003384                alarm_pool_cancel_alarm
 .text.sleep_until
                0x200033f8       0xd0 CMakeFiles/TuringForWorkshop.dir/Users/tom/.pico-sdk/sdk/2.1.1/src/common/pico_time/time.c.o
                0x200033f8                sleep_until
 .text.sleep_us
                0x200034c8       0xec CMakeFiles/TuringForWorkshop.dir/Users/tom/.pico-sdk/sdk/2.1.1/src/common/pico_time/time.c.o
                0x200034c8                sleep_us
 .text.sleep_ms
                0x200035b4       0xfc CMakeFiles/TuringForWorkshop.dir/Users/tom/.pico-sdk/sdk/2.1.1/src/common/pico_time/time.c.o
                0x200035b4                sleep_ms
 .text.best_effort_wfe_or_timeout
                0x200036b0      0x10c CMakeFiles/TuringForWorkshop.dir/Users/tom/.pico-sdk/sdk/2.1.1/src/common/pico_time/time.c.o
                0x200036b0                best_effort_wfe_or_timeout
 .text.timer_hardware_alarm_claim
                0x200037bc       0x14 CMakeFiles/TuringForWorkshop.dir/Users/tom/.pico-sdk/sdk/2.1.1/src/rp2_common/hardware_timer/timer.c.o
                0x200037bc                timer_hardware_alarm_claim
 .text.timer_time_us_64
                0x200037d0       0x10 CMakeFiles/TuringForWorkshop.dir/Users/tom/.pico-sdk/sdk/2.1.1/src/rp2_common/hardware_timer/timer.c.o
                0x200037d0                timer_time_us_64
 .text.time_us_64
                0x200037e0       0x14 CMakeFiles/TuringForWorkshop.dir/Users/tom/.pico-sdk/sdk/2.1.1/src/rp2_common/hardware_timer/timer.c.o
                0x200037e0                time_us_64
 .text.busy_wait_us
                0x200037f4       0x68 CMakeFiles/TuringForWorkshop.dir/Users/tom/.pico-sdk/sdk/2.1.1/src/rp2_common/hardware_timer/timer.c.o
                0x200037f4                busy_wait_us
 .text.busy_wait_until
                0x2000385c       0x20 CMakeFiles/TuringForWorkshop.dir/Users/tom/.pico-sdk/sdk/2.1.1/src/rp2_common/hardware_timer/timer.c.o
                0x2000385c                busy_wait_until
 .text.runtime_init_per_core_irq_priorities
                0x2000387c       0x24 CMakeFiles/TuringForWorkshop.dir/Users/tom/.pico-sdk/sdk/2.1.1/src/rp2_common/hardware_irq/irq.c.o
                0x2000387c                runtime_init_per_core_irq_priorities
 .text.irq_set_enabled
                0x200038a0       0x24 CMakeFiles/TuringForWorkshop.dir/Users/tom/.pico-sdk/sdk/2.1.1/src/rp2_common/hardware_irq/irq.c.o
                0x200038a0                irq_set_enabled
 .text.irq_is_enabled
                0x200038c4       0x18 CMakeFiles/TuringForWorkshop.dir/Users/tom/.pico-sdk/sdk/2.1.1/src/rp2_common/hardware_irq/irq.c.o
                0x200038c4                irq_is_enabled
 .text.irq_set_exclusive_handler
                0x200038dc       0x54 CMakeFiles/TuringForWorkshop.dir/Users/tom/.pico-sdk/sdk/2.1.1/src/rp2_common/hardware_irq/irq.c.o
                0x200038dc                irq_set_exclusive_handler
 .text.irq_add_shared_handler
                0x20003930      0x1f4 CMakeFiles/TuringForWorkshop.dir/Users/tom/.pico-sdk/sdk/2.1.1/src/rp2_common/hardware_irq/irq.c.o
                0x20003930                irq_add_shared_handler
 .text.irq_remove_handler
                0x20003b24      0x1d4 CMakeFiles/TuringForWorkshop.dir/Users/tom/.pico-sdk/sdk/2.1.1/src/rp2_common/hardware_irq/irq.c.o
                0x20003b24                irq_remove_handler
 .text.irq_add_tail_to_free_list
                0x20003cf8       0xb4 CMakeFiles/TuringForWorkshop.dir/Users/tom/.pico-sdk/sdk/2.1.1/src/rp2_common/hardware_irq/irq.c.o
                0x20003cf8                irq_add_tail_to_free_list
 .text.lock_init
                0x20003dac       0x10 CMakeFiles/TuringForWorkshop.dir/Users/tom/.pico-sdk/sdk/2.1.1/src/common/pico_sync/lock_core.c.o
                0x20003dac                lock_init
 .text.runtime_init_mutex
                0x20003dbc       0x50 CMakeFiles/TuringForWorkshop.dir/Users/tom/.pico-sdk/sdk/2.1.1/src/common/pico_sync/mutex.c.o
                0x20003dbc                runtime_init_mutex
 .text.mutex_init
                0x20003e0c       0x1c CMakeFiles/TuringForWorkshop.dir/Users/tom/.pico-sdk/sdk/2.1.1/src/common/pico_sync/mutex.c.o
                0x20003e0c                mutex_init
 .text.critical_section_init
                0x20003e28       0x1c CMakeFiles/TuringForWorkshop.dir/Users/tom/.pico-sdk/sdk/2.1.1/src/common/pico_sync/critical_section.c.o
                0x20003e28                critical_section_init
 .text.gpio_set_function
                0x20003e44       0x34 CMakeFiles/TuringForWorkshop.dir/Users/tom/.pico-sdk/sdk/2.1.1/src/rp2_common/hardware_gpio/gpio.c.o
                0x20003e44                gpio_set_function
 .text.gpio_set_pulls
                0x20003e78       0x28 CMakeFiles/TuringForWorkshop.dir/Users/tom/.pico-sdk/sdk/2.1.1/src/rp2_common/hardware_gpio/gpio.c.o
                0x20003e78                gpio_set_pulls
 .text.gpio_set_input_enabled
                0x20003ea0       0x28 CMakeFiles/TuringForWorkshop.dir/Users/tom/.pico-sdk/sdk/2.1.1/src/rp2_common/hardware_gpio/gpio.c.o
                0x20003ea0                gpio_set_input_enabled
 .text.gpio_init
                0x20003ec8       0x40 CMakeFiles/TuringForWorkshop.dir/Users/tom/.pico-sdk/sdk/2.1.1/src/rp2_common/hardware_gpio/gpio.c.o
                0x20003ec8                gpio_init
 .text.clock_configure_int_divider
                0x20003f08       0xf4 CMakeFiles/TuringForWorkshop.dir/Users/tom/.pico-sdk/sdk/2.1.1/src/rp2_common/hardware_clocks/clocks.c.o
                0x20003f08                clock_configure_int_divider
 .text.clock_configure_undivided
                0x20003ffc       0xe8 CMakeFiles/TuringForWorkshop.dir/Users/tom/.pico-sdk/sdk/2.1.1/src/rp2_common/hardware_clocks/clocks.c.o
                0x20003ffc                clock_configure_undivided
 .text.clock_get_hz
                0x200040e4        0xc CMakeFiles/TuringForWorkshop.dir/Users/tom/.pico-sdk/sdk/2.1.1/src/rp2_common/hardware_clocks/clocks.c.o
                0x200040e4                clock_get_hz
 .text.pll_init
                0x200040f0       0xa4 CMakeFiles/TuringForWorkshop.dir/Users/tom/.pico-sdk/sdk/2.1.1/src/rp2_common/hardware_pll/pll.c.o
                0x200040f0                pll_init
 .text.tick_start
                0x20004194       0x10 CMakeFiles/TuringForWorkshop.dir/Users/tom/.pico-sdk/sdk/2.1.1/src/rp2_common/hardware_ticks/ticks.c.o
                0x20004194                tick_start
 .text.xosc_init
                0x200041a4       0x28 CMakeFiles/TuringForWorkshop.dir/Users/tom/.pico-sdk/sdk/2.1.1/src/rp2_common/hardware_xosc/xosc.c.o
                0x200041a4                xosc_init
 .text.first_per_core_initializer
                0x200041cc        0x4 CMakeFiles/TuringForWorkshop.dir/Users/tom/.pico-sdk/sdk/2.1.1/src/rp2_common/pico_runtime/runtime.c.o
 .text.hard_assertion_failure
                0x200041d0        0xc CMakeFiles/TuringForWorkshop.dir/Users/tom/.pico-sdk/sdk/2.1.1/src/rp2_common/pico_runtime/runtime.c.o
                0x200041d0                hard_assertion_failure
 .text.runtime_run_initializers
                0x200041dc       0x28 CMakeFiles/TuringForWorkshop.dir/Users/tom/.pico-sdk/sdk/2.1.1/src/rp2_common/pico_runtime/runtime.c.o
                0x200041dc                runtime_run_initializers
 .text.runtime_run_per_core_initializers
                0x20004204       0x28 CMakeFiles/TuringForWorkshop.dir/Users/tom/.pico-sdk/sdk/2.1.1/src/rp2_common/pico_runtime/runtime.c.o
                0x20004204                runtime_run_per_core_initializers
 .text.runtime_init_early_resets
                0x2000422c       0x2c CMakeFiles/TuringForWorkshop.dir/Users/tom/.pico-sdk/sdk/2.1.1/src/rp2_common/pico_runtime_init/runtime_init.c.o
                0x2000422c                runtime_init_early_resets
 .text.runtime_init_usb_power_down
                0x20004258       0x1c CMakeFiles/TuringForWorkshop.dir/Users/tom/.pico-sdk/sdk/2.1.1/src/rp2_common/pico_runtime_init/runtime_init.c.o
                0x20004258                runtime_init_usb_power_down
 .text.runtime_init_post_clock_resets
                0x20004274       0x20 CMakeFiles/TuringForWorkshop.dir/Users/tom/.pico-sdk/sdk/2.1.1/src/rp2_common/pico_runtime_init/runtime_init.c.o
                0x20004274                runtime_init_post_clock_resets
 .text.runtime_init_rp2040_gpio_ie_disable
                0x20004294       0x14 CMakeFiles/TuringForWorkshop.dir/Users/tom/.pico-sdk/sdk/2.1.1/src/rp2_common/pico_runtime_init/runtime_init.c.o
                0x20004294                runtime_init_rp2040_gpio_ie_disable
 .text.runtime_init_spin_locks_reset
                0x200042a8        0x8 CMakeFiles/TuringForWorkshop.dir/Users/tom/.pico-sdk/sdk/2.1.1/src/rp2_common/pico_runtime_init/runtime_init.c.o
                0x200042a8                runtime_init_spin_locks_reset
 .text.runtime_init_install_ram_vector_table
                0x200042b0       0x1c CMakeFiles/TuringForWorkshop.dir/Users/tom/.pico-sdk/sdk/2.1.1/src/rp2_common/pico_runtime_init/runtime_init.c.o
                0x200042b0                runtime_init_install_ram_vector_table
 .text.runtime_init_clocks
                0x200042cc       0xd8 CMakeFiles/TuringForWorkshop.dir/Users/tom/.pico-sdk/sdk/2.1.1/src/rp2_common/pico_runtime_init/runtime_init_clocks.c.o
                0x200042cc                runtime_init_clocks
 .text          0x200043a4       0x10 CMakeFiles/TuringForWorkshop.dir/Users/tom/.pico-sdk/sdk/2.1.1/src/rp2_common/pico_bit_ops/bit_ops_aeabi.S.o
 .text.__wrap___aeabi_idiv
                0x200043b4       0x50 CMakeFiles/TuringForWorkshop.dir/Users/tom/.pico-sdk/sdk/2.1.1/src/rp2_common/pico_divider/divider_hardware.S.o
                0x200043b4                __wrap___aeabi_idivmod
                0x200043b4                divmod_s32s32
                0x200043b4                div_s32s32
                0x200043b4                __wrap___aeabi_idiv
                0x200043bc                divmod_s32s32_unsafe
                0x200043e8                divmod_s32s32_savestate
 .text.__wrap___aeabi_uidiv
                0x20004404       0x4c CMakeFiles/TuringForWorkshop.dir/Users/tom/.pico-sdk/sdk/2.1.1/src/rp2_common/pico_divider/divider_hardware.S.o
                0x20004404                __wrap___aeabi_uidiv
                0x20004404                __wrap___aeabi_uidivmod
                0x20004404                div_u32u32
                0x20004404                divmod_u32u32
                0x2000440c                divmod_u32u32_unsafe
                0x20004434                divmod_u32u32_savestate
 .text.__wrap___aeabi_ldiv
                0x20004450      0x424 CMakeFiles/TuringForWorkshop.dir/Users/tom/.pico-sdk/sdk/2.1.1/src/rp2_common/pico_divider/divider_hardware.S.o
                0x20004450                __wrap___aeabi_ldivmod
                0x20004450                div_s64s64
                0x20004450                divmod_s64s64
                0x20004480                divmod_u64u64
                0x20004480                div_u64u64
                0x20004480                __wrap___aeabi_uldivmod
                0x20004490                divmod_u64u64_savestate
                0x200044b0                divmod_s64s64_unsafe
                0x20004538                divmod_u64u64_unsafe
 .text.__wrap___aeabi_darithmetic
                0x20004874       0x80 CMakeFiles/TuringForWorkshop.dir/Users/tom/.pico-sdk/sdk/2.1.1/src/rp2_common/pico_double/double_aeabi_rp2040.S.o
                0x20004874                __wrap___aeabi_drsub
                0x2000487a                __wrap___aeabi_dsub
                0x2000488c                __wrap___aeabi_dadd
                0x2000489e                __wrap___aeabi_ddiv
                0x200048da                __wrap___aeabi_dmul
 .text.__wrap___aeabi_cdcmple
                0x200048f4       0x6c CMakeFiles/TuringForWorkshop.dir/Users/tom/.pico-sdk/sdk/2.1.1/src/rp2_common/pico_double/double_aeabi_rp2040.S.o
                0x200048f4                __wrap___aeabi_cdrcmple
                0x20004904                __wrap___aeabi_cdcmple
                0x20004904                __wrap___aeabi_cdcmpeq
 .text.__wrap___aeabi_dcmplt
                0x20004960        0xc CMakeFiles/TuringForWorkshop.dir/Users/tom/.pico-sdk/sdk/2.1.1/src/rp2_common/pico_double/double_aeabi_rp2040.S.o
                0x20004960                __wrap___aeabi_dcmplt
 .text.__wrap___aeabi_dcmple
                0x2000496c       0x10 CMakeFiles/TuringForWorkshop.dir/Users/tom/.pico-sdk/sdk/2.1.1/src/rp2_common/pico_double/double_aeabi_rp2040.S.o
                0x2000496c                __wrap___aeabi_dcmple
 .text.__wrap___aeabi_dcmpge
                0x2000497c       0x10 CMakeFiles/TuringForWorkshop.dir/Users/tom/.pico-sdk/sdk/2.1.1/src/rp2_common/pico_double/double_aeabi_rp2040.S.o
                0x2000497c                __wrap___aeabi_dcmpge
 .text.__wrap___aeabi_dcmpgt
                0x2000498c        0xa CMakeFiles/TuringForWorkshop.dir/Users/tom/.pico-sdk/sdk/2.1.1/src/rp2_common/pico_double/double_aeabi_rp2040.S.o
                0x2000498c                __wrap___aeabi_dcmpgt
 .text.__wrap___aeabi_dcmpun
                0x20004996       0x18 CMakeFiles/TuringForWorkshop.dir/Users/tom/.pico-sdk/sdk/2.1.1/src/rp2_common/pico_double/double_aeabi_rp2040.S.o
                0x20004996                __wrap___aeabi_dcmpun
 *fill*         0x200049ae        0x2 
 .text.__wrap___aeabi_i2d
                0x200049b0       0x38 CMakeFiles/TuringForWorkshop.dir/Users/tom/.pico-sdk/sdk/2.1.1/src/rp2_common/pico_double/double_aeabi_rp2040.S.o
                0x200049b0                __wrap___aeabi_ui2d
                0x200049b0                uint2double
                0x200049b8                __wrap___aeabi_i2d
                0x200049b8                int2double
 .text.__wrap___aeabi_d2iz
                0x200049e8       0x48 CMakeFiles/TuringForWorkshop.dir/Users/tom/.pico-sdk/sdk/2.1.1/src/rp2_common/pico_double/double_aeabi_rp2040.S.o
                0x200049e8                __wrap___aeabi_d2iz
                0x200049e8                double2int_z
 .text.__wrap___aeabi_d2uiz
                0x20004a30       0x18 CMakeFiles/TuringForWorkshop.dir/Users/tom/.pico-sdk/sdk/2.1.1/src/rp2_common/pico_double/double_aeabi_rp2040.S.o
                0x20004a30                double2uint_z
                0x20004a30                double2uint
                0x20004a30                __wrap___aeabi_d2uiz
 .text.__aeabi_double_init
                0x20004a48       0xa4 CMakeFiles/TuringForWorkshop.dir/Users/tom/.pico-sdk/sdk/2.1.1/src/rp2_common/pico_double/double_init_rom_rp2040.c.o
                0x20004a48                __aeabi_double_init
 .text.double_table_shim_on_use_helper
                0x20004aec       0x2c CMakeFiles/TuringForWorkshop.dir/Users/tom/.pico-sdk/sdk/2.1.1/src/rp2_common/pico_double/double_v1_rom_shim_rp2040.S.o
                0x20004aec                double_table_shim_on_use_helper
 .text.__wrap___aeabi_dsub
                0x20004b18       0x10 CMakeFiles/TuringForWorkshop.dir/Users/tom/.pico-sdk/sdk/2.1.1/src/rp2_common/pico_double/double_v1_rom_shim_rp2040.S.o
                0x20004b18                drsub_shim
                0x20004b1e                dsub_shim
 .text.dadd_shim
                0x20004b28      0x15c CMakeFiles/TuringForWorkshop.dir/Users/tom/.pico-sdk/sdk/2.1.1/src/rp2_common/pico_double/double_v1_rom_shim_rp2040.S.o
                0x20004b28                dadd_shim
 .text.dmul_shim
                0x20004c84      0x15c CMakeFiles/TuringForWorkshop.dir/Users/tom/.pico-sdk/sdk/2.1.1/src/rp2_common/pico_double/double_v1_rom_shim_rp2040.S.o
                0x20004c84                dmul_shim
 .text.ddiv_shim
                0x20004de0      0x1b0 CMakeFiles/TuringForWorkshop.dir/Users/tom/.pico-sdk/sdk/2.1.1/src/rp2_common/pico_double/double_v1_rom_shim_rp2040.S.o
                0x20004de0                ddiv_shim
 .text.double2uint_shim
                0x20004f90        0xe CMakeFiles/TuringForWorkshop.dir/Users/tom/.pico-sdk/sdk/2.1.1/src/rp2_common/pico_double/double_v1_rom_shim_rp2040.S.o
                0x20004f90                double2uint_shim
                0x20004f92                double2ufix_shim
 *fill*         0x20004f9e        0x2 
 .text.double2uint64_shim
                0x20004fa0       0x70 CMakeFiles/TuringForWorkshop.dir/Users/tom/.pico-sdk/sdk/2.1.1/src/rp2_common/pico_double/double_v1_rom_shim_rp2040.S.o
                0x20004fa0                double2uint64_shim
                0x20004fa2                double2ufix64_shim
                0x20004fc2                d2fix_a
 .text.dunpacks
                0x20005010       0x3c CMakeFiles/TuringForWorkshop.dir/Users/tom/.pico-sdk/sdk/2.1.1/src/rp2_common/pico_double/double_v1_rom_shim_rp2040.S.o
                0x20005010                dunpacks
 .text.__aeabi_lmul
                0x2000504c       0x32 CMakeFiles/TuringForWorkshop.dir/Users/tom/.pico-sdk/sdk/2.1.1/src/rp2_common/pico_int64_ops/pico_int64_ops_aeabi.S.o
                0x2000504c                __wrap___aeabi_lmul
 *fill*         0x2000507e        0x2 
 .text.__wrap___aeabi_farithmetic
                0x20005080       0x48 CMakeFiles/TuringForWorkshop.dir/Users/tom/.pico-sdk/sdk/2.1.1/src/rp2_common/pico_float/float_aeabi_rp2040.S.o
                0x20005080                __wrap___aeabi_frsub
                0x20005086                __wrap___aeabi_fsub
                0x2000508c                __wrap___aeabi_fadd
                0x20005092                __wrap___aeabi_fdiv
                0x200050ba                __wrap___aeabi_fmul
 .text.__wrap___aeabi_cfcmple
                0x200050c8       0x50 CMakeFiles/TuringForWorkshop.dir/Users/tom/.pico-sdk/sdk/2.1.1/src/rp2_common/pico_float/float_aeabi_rp2040.S.o
                0x200050c8                __wrap___aeabi_cfrcmple
                0x200050d4                __wrap___aeabi_cfcmpeq
                0x200050d4                __wrap___aeabi_cfcmple
 .text.__wrap___aeabi_fcmpeq
                0x20005118       0x10 CMakeFiles/TuringForWorkshop.dir/Users/tom/.pico-sdk/sdk/2.1.1/src/rp2_common/pico_float/float_aeabi_rp2040.S.o
                0x20005118                __wrap___aeabi_fcmpeq
 .text.__wrap___aeabi_i2f
                0x20005128       0x44 CMakeFiles/TuringForWorkshop.dir/Users/tom/.pico-sdk/sdk/2.1.1/src/rp2_common/pico_float/float_aeabi_rp2040.S.o
                0x20005128                int2float
                0x20005128                __wrap___aeabi_i2f
 .text.__wrap___aeabi_f2iz
                0x2000516c       0x4e CMakeFiles/TuringForWorkshop.dir/Users/tom/.pico-sdk/sdk/2.1.1/src/rp2_common/pico_float/float_aeabi_rp2040.S.o
                0x2000516c                __wrap___aeabi_f2iz
                0x2000516c                float2int_z
 *fill*         0x200051ba        0x2 
 .text.float2int
                0x200051bc       0x14 CMakeFiles/TuringForWorkshop.dir/Users/tom/.pico-sdk/sdk/2.1.1/src/rp2_common/pico_float/float_aeabi_rp2040.S.o
                0x200051bc                float2int
 .text.__wrap___aeabi_f2uiz
                0x200051d0        0xc CMakeFiles/TuringForWorkshop.dir/Users/tom/.pico-sdk/sdk/2.1.1/src/rp2_common/pico_float/float_aeabi_rp2040.S.o
                0x200051d0                float2uint
                0x200051d0                float2uint_z
                0x200051d0                __wrap___aeabi_f2uiz
 .text.__aeabi_float_init
                0x200051dc       0x64 CMakeFiles/TuringForWorkshop.dir/Users/tom/.pico-sdk/sdk/2.1.1/src/rp2_common/pico_float/float_init_rom_rp2040.c.o
                0x200051dc                __aeabi_float_init
 .text.float_table_shim_on_use_helper
                0x20005240       0x2c CMakeFiles/TuringForWorkshop.dir/Users/tom/.pico-sdk/sdk/2.1.1/src/rp2_common/pico_float/float_v1_rom_shim_rp2040.S.o
                0x20005240                float_table_shim_on_use_helper
 .text.float232_shims
                0x2000526c       0x18 CMakeFiles/TuringForWorkshop.dir/Users/tom/.pico-sdk/sdk/2.1.1/src/rp2_common/pico_float/float_v1_rom_shim_rp2040.S.o
                0x2000526c                float2int_shim
                0x2000526e                float2fix_shim
 .text.__wrap_malloc
                0x20005284       0x3c CMakeFiles/TuringForWorkshop.dir/Users/tom/.pico-sdk/sdk/2.1.1/src/rp2_common/pico_malloc/malloc.c.o
                0x20005284                __wrap_malloc
 .text.__wrap_realloc
                0x200052c0       0x40 CMakeFiles/TuringForWorkshop.dir/Users/tom/.pico-sdk/sdk/2.1.1/src/rp2_common/pico_malloc/malloc.c.o
                0x200052c0                __wrap_realloc
 .text.__wrap_free
                0x20005300       0x20 CMakeFiles/TuringForWorkshop.dir/Users/tom/.pico-sdk/sdk/2.1.1/src/rp2_common/pico_malloc/malloc.c.o
                0x20005300                __wrap_free
 .text          0x20005320       0x10 CMakeFiles/TuringForWorkshop.dir/Users/tom/.pico-sdk/sdk/2.1.1/src/rp2_common/pico_mem_ops/mem_ops_aeabi.S.o
                0x20005320                __aeabi_mem_init
 .text.memset   0x20005330        0xc CMakeFiles/TuringForWorkshop.dir/Users/tom/.pico-sdk/sdk/2.1.1/src/rp2_common/pico_mem_ops/mem_ops_aeabi.S.o
                0x20005330                __wrap_memset
 .text.memcpy   0x2000533c        0xc CMakeFiles/TuringForWorkshop.dir/Users/tom/.pico-sdk/sdk/2.1.1/src/rp2_common/pico_mem_ops/mem_ops_aeabi.S.o
                0x2000533c                __wrap___aeabi_memcpy
                0x2000533c                __wrap_memcpy
 .text._ZdlPvj  0x20005348        0x8 CMakeFiles/TuringForWorkshop.dir/Users/tom/.pico-sdk/sdk/2.1.1/src/rp2_common/pico_cxx_options/new_delete.cpp.o
                0x20005348                operator delete(void*, unsigned int)
 .text._out_buffer
                0x20005350        0x8 CMakeFiles/TuringForWorkshop.dir/Users/tom/.pico-sdk/sdk/2.1.1/src/rp2_common/pico_printf/printf.c.o
 .text._out_null
                0x20005358        0x4 CMakeFiles/TuringForWorkshop.dir/Users/tom/.pico-sdk/sdk/2.1.1/src/rp2_common/pico_printf/printf.c.o
 .text._out_rev
                0x2000535c       0xac CMakeFiles/TuringForWorkshop.dir/Users/tom/.pico-sdk/sdk/2.1.1/src/rp2_common/pico_printf/printf.c.o
 .text._ntoa_format
                0x20005408      0x1cc CMakeFiles/TuringForWorkshop.dir/Users/tom/.pico-sdk/sdk/2.1.1/src/rp2_common/pico_printf/printf.c.o
 .text._out_char
                0x200055d4       0x10 CMakeFiles/TuringForWorkshop.dir/Users/tom/.pico-sdk/sdk/2.1.1/src/rp2_common/pico_printf/printf.c.o
 .text._ftoa    0x200055e4      0x4a8 CMakeFiles/TuringForWorkshop.dir/Users/tom/.pico-sdk/sdk/2.1.1/src/rp2_common/pico_printf/printf.c.o
 .text._etoa    0x20005a8c      0x57c CMakeFiles/TuringForWorkshop.dir/Users/tom/.pico-sdk/sdk/2.1.1/src/rp2_common/pico_printf/printf.c.o
 .text._vsnprintf
                0x20006008      0xbe0 CMakeFiles/TuringForWorkshop.dir/Users/tom/.pico-sdk/sdk/2.1.1/src/rp2_common/pico_printf/printf.c.o
 .text.__wrap_sprintf
                0x20006be8       0x2c CMakeFiles/TuringForWorkshop.dir/Users/tom/.pico-sdk/sdk/2.1.1/src/rp2_common/pico_printf/printf.c.o
                0x20006be8                __wrap_sprintf
 .text.weak_raw_vprintf
                0x20006c14       0x30 CMakeFiles/TuringForWorkshop.dir/Users/tom/.pico-sdk/sdk/2.1.1/src/rp2_common/pico_printf/printf.c.o
                0x20006c14                weak_raw_vprintf
 .text._exit    0x20006c44        0x4 CMakeFiles/TuringForWorkshop.dir/Users/tom/.pico-sdk/sdk/2.1.1/src/rp2_common/pico_clib_interface/newlib_interface.c.o
                0x20006c44                _exit
 .text._sbrk    0x20006c48       0x34 CMakeFiles/TuringForWorkshop.dir/Users/tom/.pico-sdk/sdk/2.1.1/src/rp2_common/pico_clib_interface/newlib_interface.c.o
                0x20006c48                _sbrk
 .text._getpid  0x20006c7c        0x4 CMakeFiles/TuringForWorkshop.dir/Users/tom/.pico-sdk/sdk/2.1.1/src/rp2_common/pico_clib_interface/newlib_interface.c.o
                0x20006c7c                _getpid
 .text._kill    0x20006c80        0x8 CMakeFiles/TuringForWorkshop.dir/Users/tom/.pico-sdk/sdk/2.1.1/src/rp2_common/pico_clib_interface/newlib_interface.c.o
                0x20006c80                _kill
 .text._read    0x20006c88       0x24 CMakeFiles/TuringForWorkshop.dir/Users/tom/.pico-sdk/sdk/2.1.1/src/rp2_common/pico_clib_interface/newlib_interface.c.o
                0x20006c88                _read
 .text._write   0x20006cac       0x24 CMakeFiles/TuringForWorkshop.dir/Users/tom/.pico-sdk/sdk/2.1.1/src/rp2_common/pico_clib_interface/newlib_interface.c.o
                0x20006cac                _write
 .text._close   0x20006cd0        0x8 CMakeFiles/TuringForWorkshop.dir/Users/tom/.pico-sdk/sdk/2.1.1/src/rp2_common/pico_clib_interface/newlib_interface.c.o
                0x20006cd0                _close
 .text._lseek   0x20006cd8        0x8 CMakeFiles/TuringForWorkshop.dir/Users/tom/.pico-sdk/sdk/2.1.1/src/rp2_common/pico_clib_interface/newlib_interface.c.o
                0x20006cd8                _lseek
 .text._fstat   0x20006ce0        0x8 CMakeFiles/TuringForWorkshop.dir/Users/tom/.pico-sdk/sdk/2.1.1/src/rp2_common/pico_clib_interface/newlib_interface.c.o
                0x20006ce0                _fstat
 .text._isatty  0x20006ce8        0xc CMakeFiles/TuringForWorkshop.dir/Users/tom/.pico-sdk/sdk/2.1.1/src/rp2_common/pico_clib_interface/newlib_interface.c.o
                0x20006ce8                _isatty
 .text.exit     0x20006cf4        0x8 CMakeFiles/TuringForWorkshop.dir/Users/tom/.pico-sdk/sdk/2.1.1/src/rp2_common/pico_clib_interface/newlib_interface.c.o
                0x20006cf4                exit
 .text.runtime_init
                0x20006cfc       0x2c CMakeFiles/TuringForWorkshop.dir/Users/tom/.pico-sdk/sdk/2.1.1/src/rp2_common/pico_clib_interface/newlib_interface.c.o
                0x20006cfc                runtime_init
 .text.stdio_out_chars_no_crlf
                0x20006d28       0x10 CMakeFiles/TuringForWorkshop.dir/Users/tom/.pico-sdk/sdk/2.1.1/src/rp2_common/pico_stdio/stdio.c.o
 .text.stdio_out_chars_crlf
                0x20006d38       0xb0 CMakeFiles/TuringForWorkshop.dir/Users/tom/.pico-sdk/sdk/2.1.1/src/rp2_common/pico_stdio/stdio.c.o
 .text.stdio_put_string
                0x20006de8       0xfc CMakeFiles/TuringForWorkshop.dir/Users/tom/.pico-sdk/sdk/2.1.1/src/rp2_common/pico_stdio/stdio.c.o
                0x20006de8                stdio_put_string
 .text.stdio_get_until
                0x20006ee4       0x84 CMakeFiles/TuringForWorkshop.dir/Users/tom/.pico-sdk/sdk/2.1.1/src/rp2_common/pico_stdio/stdio.c.o
                0x20006ee4                stdio_get_until
 .text.__wrap_putchar
                0x20006f68       0x94 CMakeFiles/TuringForWorkshop.dir/Users/tom/.pico-sdk/sdk/2.1.1/src/rp2_common/pico_stdio/stdio.c.o
                0x20006f68                stdio_putchar
                0x20006f68                __wrap_putchar
 .text.__wrap_puts
                0x20006ffc       0x3c CMakeFiles/TuringForWorkshop.dir/Users/tom/.pico-sdk/sdk/2.1.1/src/rp2_common/pico_stdio/stdio.c.o
                0x20006ffc                __wrap_puts
                0x20006ffc                stdio_puts
 .text.stdio_usb_init
                0x20007038        0x4 CMakeFiles/TuringForWorkshop.dir/Users/tom/.pico-sdk/sdk/2.1.1/src/rp2_common/pico_stdio_usb/stdio_usb.c.o
                0x20007038                stdio_usb_init
 .text.dcd_init
                0x2000703c       0x90 CMakeFiles/TuringForWorkshop.dir/Users/tom/.pico-sdk/sdk/2.1.1/lib/tinyusb/src/portable/raspberrypi/rp2040/dcd_rp2040.c.o
                0x2000703c                dcd_init
 .text.dcd_int_enable
                0x200070cc        0xc CMakeFiles/TuringForWorkshop.dir/Users/tom/.pico-sdk/sdk/2.1.1/lib/tinyusb/src/portable/raspberrypi/rp2040/dcd_rp2040.c.o
                0x200070cc                dcd_int_enable
 .text.dcd_set_address
                0x200070d8       0x14 CMakeFiles/TuringForWorkshop.dir/Users/tom/.pico-sdk/sdk/2.1.1/lib/tinyusb/src/portable/raspberrypi/rp2040/dcd_rp2040.c.o
                0x200070d8                dcd_set_address
 .text.dcd_sof_enable
                0x200070ec       0x1c CMakeFiles/TuringForWorkshop.dir/Users/tom/.pico-sdk/sdk/2.1.1/lib/tinyusb/src/portable/raspberrypi/rp2040/dcd_rp2040.c.o
                0x200070ec                dcd_sof_enable
 .text.dcd_edpt0_status_complete
                0x20007108       0x1c CMakeFiles/TuringForWorkshop.dir/Users/tom/.pico-sdk/sdk/2.1.1/lib/tinyusb/src/portable/raspberrypi/rp2040/dcd_rp2040.c.o
                0x20007108                dcd_edpt0_status_complete
 .text.dcd_edpt_open
                0x20007124      0x114 CMakeFiles/TuringForWorkshop.dir/Users/tom/.pico-sdk/sdk/2.1.1/lib/tinyusb/src/portable/raspberrypi/rp2040/dcd_rp2040.c.o
                0x20007124                dcd_edpt_open
 .text.dcd_edpt_close_all
                0x20007238        0x8 CMakeFiles/TuringForWorkshop.dir/Users/tom/.pico-sdk/sdk/2.1.1/lib/tinyusb/src/portable/raspberrypi/rp2040/dcd_rp2040.c.o
                0x20007238                dcd_edpt_close_all
 .text.dcd_edpt_xfer
                0x20007240       0x24 CMakeFiles/TuringForWorkshop.dir/Users/tom/.pico-sdk/sdk/2.1.1/lib/tinyusb/src/portable/raspberrypi/rp2040/dcd_rp2040.c.o
                0x20007240                dcd_edpt_xfer
 .text.dcd_edpt_stall
                0x20007264       0x3c CMakeFiles/TuringForWorkshop.dir/Users/tom/.pico-sdk/sdk/2.1.1/lib/tinyusb/src/portable/raspberrypi/rp2040/dcd_rp2040.c.o
                0x20007264                dcd_edpt_stall
 .text.dcd_edpt_clear_stall
                0x200072a0       0x30 CMakeFiles/TuringForWorkshop.dir/Users/tom/.pico-sdk/sdk/2.1.1/lib/tinyusb/src/portable/raspberrypi/rp2040/dcd_rp2040.c.o
                0x200072a0                dcd_edpt_clear_stall
 .text.rp2040_usb_init
                0x200072d0       0x40 CMakeFiles/TuringForWorkshop.dir/Users/tom/.pico-sdk/sdk/2.1.1/lib/tinyusb/src/portable/raspberrypi/rp2040/rp2040_usb.c.o
                0x200072d0                rp2040_usb_init
 .text.hw_endpoint_xfer_start
                0x20007310       0x40 CMakeFiles/TuringForWorkshop.dir/Users/tom/.pico-sdk/sdk/2.1.1/lib/tinyusb/src/portable/raspberrypi/rp2040/rp2040_usb.c.o
                0x20007310                hw_endpoint_xfer_start
 .text.tud_vendor_control_xfer_cb
                0x20007350        0x4 CMakeFiles/TuringForWorkshop.dir/Users/tom/.pico-sdk/sdk/2.1.1/lib/tinyusb/src/device/usbd.c.o
                0x20007350                tud_vendor_control_xfer_cb
 .text.tud_event_hook_cb
                0x20007354        0x4 CMakeFiles/TuringForWorkshop.dir/Users/tom/.pico-sdk/sdk/2.1.1/lib/tinyusb/src/device/usbd.c.o
                0x20007354                tud_event_hook_cb
 .text.tud_sof_cb
                0x20007358        0x4 CMakeFiles/TuringForWorkshop.dir/Users/tom/.pico-sdk/sdk/2.1.1/lib/tinyusb/src/device/usbd.c.o
                0x20007358                tud_sof_cb
 .text.tud_descriptor_bos_cb
                0x2000735c        0x4 CMakeFiles/TuringForWorkshop.dir/Users/tom/.pico-sdk/sdk/2.1.1/lib/tinyusb/src/device/usbd.c.o
                0x2000735c                tud_descriptor_bos_cb
 .text.tud_descriptor_device_qualifier_cb
                0x20007360        0x4 CMakeFiles/TuringForWorkshop.dir/Users/tom/.pico-sdk/sdk/2.1.1/lib/tinyusb/src/device/usbd.c.o
                0x20007360                tud_descriptor_device_qualifier_cb
 .text.tud_descriptor_other_speed_configuration_cb
                0x20007364        0x4 CMakeFiles/TuringForWorkshop.dir/Users/tom/.pico-sdk/sdk/2.1.1/lib/tinyusb/src/device/usbd.c.o
                0x20007364                tud_descriptor_other_speed_configuration_cb
 .text.tud_mount_cb
                0x20007368        0x4 CMakeFiles/TuringForWorkshop.dir/Users/tom/.pico-sdk/sdk/2.1.1/lib/tinyusb/src/device/usbd.c.o
                0x20007368                tud_mount_cb
 .text.tud_umount_cb
                0x2000736c        0x4 CMakeFiles/TuringForWorkshop.dir/Users/tom/.pico-sdk/sdk/2.1.1/lib/tinyusb/src/device/usbd.c.o
                0x2000736c                tud_umount_cb
 .text.tud_suspend_cb
                0x20007370        0x4 CMakeFiles/TuringForWorkshop.dir/Users/tom/.pico-sdk/sdk/2.1.1/lib/tinyusb/src/device/usbd.c.o
                0x20007370                tud_suspend_cb
 .text.tud_resume_cb
                0x20007374        0x4 CMakeFiles/TuringForWorkshop.dir/Users/tom/.pico-sdk/sdk/2.1.1/lib/tinyusb/src/device/usbd.c.o
                0x20007374                tud_resume_cb
 .text.tud_rhport_init
                0x20007378       0xec CMakeFiles/TuringForWorkshop.dir/Users/tom/.pico-sdk/sdk/2.1.1/lib/tinyusb/src/device/usbd.c.o
                0x20007378                tud_rhport_init
 .text.tud_task_ext
                0x20007464      0x7d8 CMakeFiles/TuringForWorkshop.dir/Users/tom/.pico-sdk/sdk/2.1.1/lib/tinyusb/src/device/usbd.c.o
                0x20007464                tud_task_ext
 .text.usbd_edpt_open
                0x20007c3c       0x34 CMakeFiles/TuringForWorkshop.dir/Users/tom/.pico-sdk/sdk/2.1.1/lib/tinyusb/src/device/usbd.c.o
                0x20007c3c                usbd_edpt_open
 .text.usbd_edpt_claim
                0x20007c70       0x28 CMakeFiles/TuringForWorkshop.dir/Users/tom/.pico-sdk/sdk/2.1.1/lib/tinyusb/src/device/usbd.c.o
                0x20007c70                usbd_edpt_claim
 .text.usbd_edpt_release
                0x20007c98       0x28 CMakeFiles/TuringForWorkshop.dir/Users/tom/.pico-sdk/sdk/2.1.1/lib/tinyusb/src/device/usbd.c.o
                0x20007c98                usbd_edpt_release
 .text.usbd_edpt_xfer
                0x20007cc0       0x4c CMakeFiles/TuringForWorkshop.dir/Users/tom/.pico-sdk/sdk/2.1.1/lib/tinyusb/src/device/usbd.c.o
                0x20007cc0                usbd_edpt_xfer
 .text.tud_control_status
                0x20007d0c       0x2c CMakeFiles/TuringForWorkshop.dir/Users/tom/.pico-sdk/sdk/2.1.1/lib/tinyusb/src/device/usbd_control.c.o
                0x20007d0c                tud_control_status
 .text.tud_control_xfer
                0x20007d38       0xa8 CMakeFiles/TuringForWorkshop.dir/Users/tom/.pico-sdk/sdk/2.1.1/lib/tinyusb/src/device/usbd_control.c.o
                0x20007d38                tud_control_xfer
 .text.usbd_control_reset
                0x20007de0       0x14 CMakeFiles/TuringForWorkshop.dir/Users/tom/.pico-sdk/sdk/2.1.1/lib/tinyusb/src/device/usbd_control.c.o
                0x20007de0                usbd_control_reset
 .text.usbd_control_set_complete_callback
                0x20007df4        0xc CMakeFiles/TuringForWorkshop.dir/Users/tom/.pico-sdk/sdk/2.1.1/lib/tinyusb/src/device/usbd_control.c.o
                0x20007df4                usbd_control_set_complete_callback
 .text.usbd_control_set_request
                0x20007e00       0x1c CMakeFiles/TuringForWorkshop.dir/Users/tom/.pico-sdk/sdk/2.1.1/lib/tinyusb/src/device/usbd_control.c.o
                0x20007e00                usbd_control_set_request
 .text.usbd_control_xfer_cb
                0x20007e1c       0xec CMakeFiles/TuringForWorkshop.dir/Users/tom/.pico-sdk/sdk/2.1.1/lib/tinyusb/src/device/usbd_control.c.o
                0x20007e1c                usbd_control_xfer_cb
 .text.write_flush
                0x20007f08       0x64 CMakeFiles/TuringForWorkshop.dir/Users/tom/.pico-sdk/sdk/2.1.1/lib/tinyusb/src/class/midi/midi_device.c.o
 .text.tud_midi_n_mounted
                0x20007f6c       0x20 CMakeFiles/TuringForWorkshop.dir/Users/tom/.pico-sdk/sdk/2.1.1/lib/tinyusb/src/class/midi/midi_device.c.o
                0x20007f6c                tud_midi_n_mounted
 .text.tud_midi_n_available
                0x20007f8c       0x24 CMakeFiles/TuringForWorkshop.dir/Users/tom/.pico-sdk/sdk/2.1.1/lib/tinyusb/src/class/midi/midi_device.c.o
                0x20007f8c                tud_midi_n_available
 .text.tud_midi_n_stream_read
                0x20007fb0      0x124 CMakeFiles/TuringForWorkshop.dir/Users/tom/.pico-sdk/sdk/2.1.1/lib/tinyusb/src/class/midi/midi_device.c.o
                0x20007fb0                tud_midi_n_stream_read
 .text.tud_midi_n_stream_write
                0x200080d4      0x1c0 CMakeFiles/TuringForWorkshop.dir/Users/tom/.pico-sdk/sdk/2.1.1/lib/tinyusb/src/class/midi/midi_device.c.o
                0x200080d4                tud_midi_n_stream_write
 .text.midid_init
                0x20008294       0x5c CMakeFiles/TuringForWorkshop.dir/Users/tom/.pico-sdk/sdk/2.1.1/lib/tinyusb/src/class/midi/midi_device.c.o
                0x20008294                midid_init
 .text.midid_deinit
                0x200082f0       0x30 CMakeFiles/TuringForWorkshop.dir/Users/tom/.pico-sdk/sdk/2.1.1/lib/tinyusb/src/class/midi/midi_device.c.o
                0x200082f0                midid_deinit
 .text.midid_reset
                0x20008320       0x24 CMakeFiles/TuringForWorkshop.dir/Users/tom/.pico-sdk/sdk/2.1.1/lib/tinyusb/src/class/midi/midi_device.c.o
                0x20008320                midid_reset
 .text.midid_open
                0x20008344      0x128 CMakeFiles/TuringForWorkshop.dir/Users/tom/.pico-sdk/sdk/2.1.1/lib/tinyusb/src/class/midi/midi_device.c.o
                0x20008344                midid_open
 .text.midid_control_xfer_cb
                0x2000846c        0x4 CMakeFiles/TuringForWorkshop.dir/Users/tom/.pico-sdk/sdk/2.1.1/lib/tinyusb/src/class/midi/midi_device.c.o
                0x2000846c                midid_control_xfer_cb
 .text.midid_xfer_cb
                0x20008470      0x10c CMakeFiles/TuringForWorkshop.dir/Users/tom/.pico-sdk/sdk/2.1.1/lib/tinyusb/src/class/midi/midi_device.c.o
                0x20008470                midid_xfer_cb
 .text.tusb_rhport_init
                0x2000857c       0x4c CMakeFiles/TuringForWorkshop.dir/Users/tom/.pico-sdk/sdk/2.1.1/lib/tinyusb/src/tusb.c.o
                0x2000857c                tusb_rhport_init
 .text.tu_edpt_claim
                0x200085c8       0x50 CMakeFiles/TuringForWorkshop.dir/Users/tom/.pico-sdk/sdk/2.1.1/lib/tinyusb/src/tusb.c.o
                0x200085c8                tu_edpt_claim
 .text.tu_edpt_release
                0x20008618       0x38 CMakeFiles/TuringForWorkshop.dir/Users/tom/.pico-sdk/sdk/2.1.1/lib/tinyusb/src/tusb.c.o
                0x20008618                tu_edpt_release
 .text.tu_edpt_validate
                0x20008650       0x7c CMakeFiles/TuringForWorkshop.dir/Users/tom/.pico-sdk/sdk/2.1.1/lib/tinyusb/src/tusb.c.o
                0x20008650                tu_edpt_validate
 .text.tu_edpt_bind_driver
                0x200086cc       0x34 CMakeFiles/TuringForWorkshop.dir/Users/tom/.pico-sdk/sdk/2.1.1/lib/tinyusb/src/tusb.c.o
                0x200086cc                tu_edpt_bind_driver
 .text.tu_fifo_config
                0x20008700       0x6c CMakeFiles/TuringForWorkshop.dir/Users/tom/.pico-sdk/sdk/2.1.1/lib/tinyusb/src/common/tusb_fifo.c.o
                0x20008700                tu_fifo_config
 .text.tu_fifo_count
                0x2000876c       0x2c CMakeFiles/TuringForWorkshop.dir/Users/tom/.pico-sdk/sdk/2.1.1/lib/tinyusb/src/common/tusb_fifo.c.o
                0x2000876c                tu_fifo_count
 .text.tu_fifo_remaining
                0x20008798       0x2c CMakeFiles/TuringForWorkshop.dir/Users/tom/.pico-sdk/sdk/2.1.1/lib/tinyusb/src/common/tusb_fifo.c.o
                0x20008798                tu_fifo_remaining
 .text.tu_fifo_read
                0x200087c4       0x9c CMakeFiles/TuringForWorkshop.dir/Users/tom/.pico-sdk/sdk/2.1.1/lib/tinyusb/src/common/tusb_fifo.c.o
                0x200087c4                tu_fifo_read
 .text.tu_fifo_read_n
                0x20008860       0xe8 CMakeFiles/TuringForWorkshop.dir/Users/tom/.pico-sdk/sdk/2.1.1/lib/tinyusb/src/common/tusb_fifo.c.o
                0x20008860                tu_fifo_read_n
 .text.tu_fifo_write
                0x20008948       0xa4 CMakeFiles/TuringForWorkshop.dir/Users/tom/.pico-sdk/sdk/2.1.1/lib/tinyusb/src/common/tusb_fifo.c.o
                0x20008948                tu_fifo_write
 .text.tu_fifo_write_n
                0x200089ec      0x178 CMakeFiles/TuringForWorkshop.dir/Users/tom/.pico-sdk/sdk/2.1.1/lib/tinyusb/src/common/tusb_fifo.c.o
                0x200089ec                tu_fifo_write_n
 .text.tu_fifo_clear
                0x20008b64       0x40 CMakeFiles/TuringForWorkshop.dir/Users/tom/.pico-sdk/sdk/2.1.1/lib/tinyusb/src/common/tusb_fifo.c.o
                0x20008b64                tu_fifo_clear
 .text.dma_claim_unused_channel
                0x20008ba4       0x24 CMakeFiles/TuringForWorkshop.dir/Users/tom/.pico-sdk/sdk/2.1.1/src/rp2_common/hardware_dma/dma.c.o
                0x20008ba4                dma_claim_unused_channel
 .text.dma_channel_cleanup
                0x20008bc8       0x64 CMakeFiles/TuringForWorkshop.dir/Users/tom/.pico-sdk/sdk/2.1.1/src/rp2_common/hardware_dma/dma.c.o
                0x20008bc8                dma_channel_cleanup
 .text.i2c_read_blocking_internal.constprop.0
                0x20008c2c       0x98 CMakeFiles/TuringForWorkshop.dir/Users/tom/.pico-sdk/sdk/2.1.1/src/rp2_common/hardware_i2c/i2c.c.o
 .text.i2c_write_blocking_internal.constprop.0
                0x20008cc4       0xf8 CMakeFiles/TuringForWorkshop.dir/Users/tom/.pico-sdk/sdk/2.1.1/src/rp2_common/hardware_i2c/i2c.c.o
 .text.i2c_set_baudrate
                0x20008dbc       0xc0 CMakeFiles/TuringForWorkshop.dir/Users/tom/.pico-sdk/sdk/2.1.1/src/rp2_common/hardware_i2c/i2c.c.o
                0x20008dbc                i2c_set_baudrate
 .text.i2c_init
                0x20008e7c       0x50 CMakeFiles/TuringForWorkshop.dir/Users/tom/.pico-sdk/sdk/2.1.1/src/rp2_common/hardware_i2c/i2c.c.o
                0x20008e7c                i2c_init
 .text.i2c_write_blocking
                0x20008ecc       0x14 CMakeFiles/TuringForWorkshop.dir/Users/tom/.pico-sdk/sdk/2.1.1/src/rp2_common/hardware_i2c/i2c.c.o
                0x20008ecc                i2c_write_blocking
 .text.i2c_read_blocking
                0x20008ee0       0x14 CMakeFiles/TuringForWorkshop.dir/Users/tom/.pico-sdk/sdk/2.1.1/src/rp2_common/hardware_i2c/i2c.c.o
                0x20008ee0                i2c_read_blocking
 .text.adc_init
                0x20008ef4       0x38 CMakeFiles/TuringForWorkshop.dir/Users/tom/.pico-sdk/sdk/2.1.1/src/rp2_common/hardware_adc/adc.c.o
                0x20008ef4                adc_init
 .text.spi_init
                0x20008f2c      0x13c CMakeFiles/TuringForWorkshop.dir/Users/tom/.pico-sdk/sdk/2.1.1/src/rp2_common/hardware_spi/spi.c.o
                0x20008f2c                spi_init
 .text.core1_trampoline
                0x20009068        0x4 CMakeFiles/TuringForWorkshop.dir/Users/tom/.pico-sdk/sdk/2.1.1/src/rp2_common/pico_multicore/multicore.c.o
 .text.core1_wrapper
                0x2000906c        0xc CMakeFiles/TuringForWorkshop.dir/Users/tom/.pico-sdk/sdk/2.1.1/src/rp2_common/pico_multicore/multicore.c.o
                0x2000906c                core1_wrapper
 .text.multicore_lockout_handshake
                0x20009078      0x100 CMakeFiles/TuringForWorkshop.dir/Users/tom/.pico-sdk/sdk/2.1.1/src/rp2_common/pico_multicore/multicore.c.o
 .text.multicore_fifo_push_blocking
                0x20009178       0x14 CMakeFiles/TuringForWorkshop.dir/Users/tom/.pico-sdk/sdk/2.1.1/src/rp2_common/pico_multicore/multicore.c.o
                0x20009178                multicore_fifo_push_blocking
 .text.multicore_fifo_pop_blocking
                0x2000918c       0x1c CMakeFiles/TuringForWorkshop.dir/Users/tom/.pico-sdk/sdk/2.1.1/src/rp2_common/pico_multicore/multicore.c.o